{
  "Entries": [
    {
      "RequestUri": "/subscriptions/b80cf239-2c72-47ab-b309-b26aec4656b1/providers/Microsoft.Search/register?api-version=2014-04-01-preview",
      "EncodedRequestUri": "L3N1YnNjcmlwdGlvbnMvYjgwY2YyMzktMmM3Mi00N2FiLWIzMDktYjI2YWVjNDY1NmIxL3Byb3ZpZGVycy9NaWNyb3NvZnQuU2VhcmNoL3JlZ2lzdGVyP2FwaS12ZXJzaW9uPTIwMTQtMDQtMDEtcHJldmlldw==",
      "RequestMethod": "POST",
      "RequestBody": "",
      "RequestHeaders": {
        "x-ms-client-request-id": [
          "98eb7c39-fbb4-4bd2-91fc-25599b52b82f"
        ],
        "accept-language": [
          "en-US"
        ],
        "User-Agent": [
          "Microsoft.Azure.Management.Resources.ResourceManagementClient/3.0.0.0"
        ]
      },
      "ResponseBody": "{\r\n  \"id\": \"/subscriptions/b80cf239-2c72-47ab-b309-b26aec4656b1/providers/Microsoft.Search\",\r\n  \"namespace\": \"Microsoft.Search\",\r\n  \"resourceTypes\": [\r\n    {\r\n      \"resourceType\": \"searchServices\",\r\n      \"locations\": [\r\n        \"West US\"\r\n      ],\r\n      \"apiVersions\": [\r\n        \"2015-08-19\",\r\n        \"2015-02-28\",\r\n        \"2014-07-31-Preview\"\r\n      ]\r\n    },\r\n    {\r\n      \"resourceType\": \"searchServicesCit\",\r\n      \"locations\": [\r\n        \"West US\"\r\n      ],\r\n      \"apiVersions\": [\r\n        \"2015-08-19\",\r\n        \"2015-02-28\",\r\n        \"2014-07-31-Preview\"\r\n      ]\r\n    },\r\n    {\r\n      \"resourceType\": \"searchServicesInt\",\r\n      \"locations\": [\r\n        \"West US\"\r\n      ],\r\n      \"apiVersions\": [\r\n        \"2015-08-19\",\r\n        \"2015-02-28\",\r\n        \"2014-07-31-Preview\"\r\n      ]\r\n    },\r\n    {\r\n      \"resourceType\": \"searchServicesPpe\",\r\n      \"locations\": [\r\n        \"West US\"\r\n      ],\r\n      \"apiVersions\": [\r\n        \"2015-08-19\",\r\n        \"2015-02-28\",\r\n        \"2014-07-31-Preview\"\r\n      ]\r\n    },\r\n    {\r\n      \"resourceType\": \"checkServiceNameAvailability\",\r\n      \"locations\": [],\r\n      \"apiVersions\": [\r\n        \"2015-02-28\",\r\n        \"2014-07-31-Preview\"\r\n      ]\r\n    },\r\n    {\r\n      \"resourceType\": \"checkServiceNameAvailabilityCit\",\r\n      \"locations\": [],\r\n      \"apiVersions\": [\r\n        \"2015-02-28\",\r\n        \"2014-07-31-Preview\"\r\n      ]\r\n    },\r\n    {\r\n      \"resourceType\": \"checkServiceNameAvailabilityInt\",\r\n      \"locations\": [],\r\n      \"apiVersions\": [\r\n        \"2015-02-28\",\r\n        \"2014-07-31-Preview\"\r\n      ]\r\n    },\r\n    {\r\n      \"resourceType\": \"checkServiceNameAvailabilityPpe\",\r\n      \"locations\": [],\r\n      \"apiVersions\": [\r\n        \"2015-02-28\",\r\n        \"2014-07-31-Preview\"\r\n      ]\r\n    },\r\n    {\r\n      \"resourceType\": \"checkNameAvailability\",\r\n      \"locations\": [],\r\n      \"apiVersions\": [\r\n        \"2015-08-19\"\r\n      ]\r\n    },\r\n    {\r\n      \"resourceType\": \"checkNameAvailabilityCit\",\r\n      \"locations\": [],\r\n      \"apiVersions\": [\r\n        \"2015-08-19\"\r\n      ]\r\n    },\r\n    {\r\n      \"resourceType\": \"checkNameAvailabilityInt\",\r\n      \"locations\": [],\r\n      \"apiVersions\": [\r\n        \"2015-08-19\"\r\n      ]\r\n    },\r\n    {\r\n      \"resourceType\": \"checkNameAvailabilityPpe\",\r\n      \"locations\": [],\r\n      \"apiVersions\": [\r\n        \"2015-08-19\"\r\n      ]\r\n    },\r\n    {\r\n      \"resourceType\": \"operations\",\r\n      \"locations\": [],\r\n      \"apiVersions\": [\r\n        \"2015-08-19\",\r\n        \"2015-02-28\"\r\n      ]\r\n    }\r\n  ],\r\n  \"registrationState\": \"Registered\"\r\n}",
      "ResponseHeaders": {
        "Content-Type": [
          "application/json; charset=utf-8"
        ],
        "Expires": [
          "-1"
        ],
        "Cache-Control": [
          "no-cache"
        ],
        "Date": [
          "Fri, 22 Apr 2016 22:54:36 GMT"
        ],
        "Pragma": [
          "no-cache"
        ],
        "Vary": [
          "Accept-Encoding"
        ],
        "x-ms-ratelimit-remaining-subscription-writes": [
          "959"
        ],
        "x-ms-request-id": [
          "1f91ede3-3e7f-41ef-b137-9c1bec93b331"
        ],
        "x-ms-correlation-request-id": [
          "1f91ede3-3e7f-41ef-b137-9c1bec93b331"
        ],
        "x-ms-routing-request-id": [
          "CENTRALUS:20160422T225436Z:1f91ede3-3e7f-41ef-b137-9c1bec93b331"
        ],
        "Strict-Transport-Security": [
          "max-age=31536000; includeSubDomains"
        ]
      },
      "StatusCode": 200
    },
    {
      "RequestUri": "/subscriptions/b80cf239-2c72-47ab-b309-b26aec4656b1/resourcegroups/azsmnet2137?api-version=2014-04-01-preview",
      "EncodedRequestUri": "L3N1YnNjcmlwdGlvbnMvYjgwY2YyMzktMmM3Mi00N2FiLWIzMDktYjI2YWVjNDY1NmIxL3Jlc291cmNlZ3JvdXBzL2F6c21uZXQyMTM3P2FwaS12ZXJzaW9uPTIwMTQtMDQtMDEtcHJldmlldw==",
      "RequestMethod": "PUT",
      "RequestBody": "{\r\n  \"location\": \"West US\"\r\n}",
      "RequestHeaders": {
        "Content-Type": [
          "application/json; charset=utf-8"
        ],
        "Content-Length": [
          "29"
        ],
        "x-ms-client-request-id": [
          "292d4d57-a180-47b4-bb05-03b793e0a813"
        ],
        "accept-language": [
          "en-US"
        ],
        "User-Agent": [
          "Microsoft.Azure.Management.Resources.ResourceManagementClient/3.0.0.0"
        ]
      },
      "ResponseBody": "{\r\n  \"id\": \"/subscriptions/b80cf239-2c72-47ab-b309-b26aec4656b1/resourceGroups/azsmnet2137\",\r\n  \"name\": \"azsmnet2137\",\r\n  \"location\": \"westus\",\r\n  \"properties\": {\r\n    \"provisioningState\": \"Succeeded\"\r\n  }\r\n}",
      "ResponseHeaders": {
        "Content-Length": [
          "175"
        ],
        "Content-Type": [
          "application/json; charset=utf-8"
        ],
        "Expires": [
          "-1"
        ],
        "Cache-Control": [
          "no-cache"
        ],
        "Date": [
          "Fri, 22 Apr 2016 22:54:36 GMT"
        ],
        "Pragma": [
          "no-cache"
        ],
        "x-ms-ratelimit-remaining-subscription-writes": [
          "958"
        ],
        "x-ms-request-id": [
          "639b6ca5-81d7-44b1-ade3-a470b861b8dd"
        ],
        "x-ms-correlation-request-id": [
          "639b6ca5-81d7-44b1-ade3-a470b861b8dd"
        ],
        "x-ms-routing-request-id": [
          "CENTRALUS:20160422T225437Z:639b6ca5-81d7-44b1-ade3-a470b861b8dd"
        ],
        "Strict-Transport-Security": [
          "max-age=31536000; includeSubDomains"
        ]
      },
      "StatusCode": 201
    },
    {
      "RequestUri": "/subscriptions/b80cf239-2c72-47ab-b309-b26aec4656b1/resourceGroups/azsmnet2137/providers/Microsoft.Search/searchServices/azs-324?api-version=2015-02-28",
      "EncodedRequestUri": "L3N1YnNjcmlwdGlvbnMvYjgwY2YyMzktMmM3Mi00N2FiLWIzMDktYjI2YWVjNDY1NmIxL3Jlc291cmNlR3JvdXBzL2F6c21uZXQyMTM3L3Byb3ZpZGVycy9NaWNyb3NvZnQuU2VhcmNoL3NlYXJjaFNlcnZpY2VzL2F6cy0zMjQ/YXBpLXZlcnNpb249MjAxNS0wMi0yOA==",
      "RequestMethod": "PUT",
      "RequestBody": "{\r\n  \"location\": \"West US\",\r\n  \"properties\": {\r\n    \"sku\": {\r\n      \"name\": \"free\"\r\n    }\r\n  }\r\n}",
      "RequestHeaders": {
        "Content-Type": [
          "application/json; charset=utf-8"
        ],
        "Content-Length": [
          "97"
        ],
        "x-ms-client-request-id": [
          "c2f62225-e863-42e9-82e9-3cb20414b60c"
        ],
        "accept-language": [
          "en-US"
        ],
        "User-Agent": [
          "Microsoft.Azure.Management.Search.SearchManagementClient/1.0.0.0"
        ]
      },
      "ResponseBody": "{\r\n  \"id\": \"/subscriptions/b80cf239-2c72-47ab-b309-b26aec4656b1/resourceGroups/azsmnet2137/providers/Microsoft.Search/searchServices/azs-324\",\r\n  \"name\": \"azs-324\",\r\n  \"type\": \"Microsoft.Search/searchServices\",\r\n  \"location\": \"West US\",\r\n  \"properties\": {\r\n    \"sku\": {\r\n      \"name\": \"free\"\r\n    },\r\n    \"replicaCount\": 1,\r\n    \"partitionCount\": 1,\r\n    \"status\": \"running\",\r\n    \"statusDetails\": null,\r\n    \"provisioningState\": \"succeeded\"\r\n  }\r\n}",
      "ResponseHeaders": {
        "Content-Length": [
          "361"
        ],
        "Content-Type": [
          "application/json; charset=utf-8"
        ],
        "Expires": [
          "-1"
        ],
        "Cache-Control": [
          "no-cache"
        ],
        "Date": [
          "Fri, 22 Apr 2016 22:54:40 GMT"
        ],
        "Pragma": [
          "no-cache"
        ],
        "ETag": [
          "W/\"datetime'2016-04-22T22%3A54%3A40.6412456Z'\""
        ],
        "request-id": [
          "c2f62225-e863-42e9-82e9-3cb20414b60c"
        ],
        "elapsed-time": [
          "2988"
        ],
        "Strict-Transport-Security": [
          "max-age=31536000; includeSubDomains"
        ],
        "X-AspNet-Version": [
          "4.0.30319"
        ],
        "x-ms-ratelimit-remaining-subscription-writes": [
          "957"
        ],
        "x-ms-request-id": [
          "126d5312-994a-481e-9d6b-e2e798136f36"
        ],
        "x-ms-correlation-request-id": [
          "126d5312-994a-481e-9d6b-e2e798136f36"
        ],
        "x-ms-routing-request-id": [
          "CENTRALUS:20160422T225441Z:126d5312-994a-481e-9d6b-e2e798136f36"
        ]
      },
      "StatusCode": 201
    },
    {
      "RequestUri": "/subscriptions/b80cf239-2c72-47ab-b309-b26aec4656b1/resourceGroups/azsmnet2137/providers/Microsoft.Search/searchServices/azs-324/listAdminKeys?api-version=2015-02-28",
      "EncodedRequestUri": "L3N1YnNjcmlwdGlvbnMvYjgwY2YyMzktMmM3Mi00N2FiLWIzMDktYjI2YWVjNDY1NmIxL3Jlc291cmNlR3JvdXBzL2F6c21uZXQyMTM3L3Byb3ZpZGVycy9NaWNyb3NvZnQuU2VhcmNoL3NlYXJjaFNlcnZpY2VzL2F6cy0zMjQvbGlzdEFkbWluS2V5cz9hcGktdmVyc2lvbj0yMDE1LTAyLTI4",
      "RequestMethod": "POST",
      "RequestBody": "",
      "RequestHeaders": {
        "x-ms-client-request-id": [
          "68a4d649-618b-4fcb-b292-4468cb9116e6"
        ],
        "accept-language": [
          "en-US"
        ],
        "User-Agent": [
          "Microsoft.Azure.Management.Search.SearchManagementClient/1.0.0.0"
        ]
      },
      "ResponseBody": "{\r\n  \"primaryKey\": \"1D7C7513BF45F144B4D21920174CA06C\",\r\n  \"secondaryKey\": \"BB5D97AF36B256B73A087E5EFF91CA49\"\r\n}",
      "ResponseHeaders": {
        "Content-Type": [
          "application/json; charset=utf-8"
        ],
        "Expires": [
          "-1"
        ],
        "Cache-Control": [
          "no-cache"
        ],
        "Date": [
          "Fri, 22 Apr 2016 22:54:41 GMT"
        ],
        "Pragma": [
          "no-cache"
        ],
        "Transfer-Encoding": [
          "chunked"
        ],
        "Vary": [
          "Accept-Encoding"
        ],
        "request-id": [
          "68a4d649-618b-4fcb-b292-4468cb9116e6"
        ],
        "elapsed-time": [
          "401"
        ],
        "Strict-Transport-Security": [
          "max-age=31536000; includeSubDomains"
        ],
        "X-AspNet-Version": [
          "4.0.30319"
        ],
        "x-ms-ratelimit-remaining-subscription-writes": [
          "956"
        ],
        "x-ms-request-id": [
          "bc0a2b5a-c9b7-4a4e-83f2-82bb1e1e4d3e"
        ],
        "x-ms-correlation-request-id": [
          "bc0a2b5a-c9b7-4a4e-83f2-82bb1e1e4d3e"
        ],
        "x-ms-routing-request-id": [
          "CENTRALUS:20160422T225442Z:bc0a2b5a-c9b7-4a4e-83f2-82bb1e1e4d3e"
        ]
      },
      "StatusCode": 200
    },
    {
      "RequestUri": "/subscriptions/b80cf239-2c72-47ab-b309-b26aec4656b1/resourceGroups/azsmnet2137/providers/Microsoft.Search/searchServices/azs-324/listQueryKeys?api-version=2015-02-28",
      "EncodedRequestUri": "L3N1YnNjcmlwdGlvbnMvYjgwY2YyMzktMmM3Mi00N2FiLWIzMDktYjI2YWVjNDY1NmIxL3Jlc291cmNlR3JvdXBzL2F6c21uZXQyMTM3L3Byb3ZpZGVycy9NaWNyb3NvZnQuU2VhcmNoL3NlYXJjaFNlcnZpY2VzL2F6cy0zMjQvbGlzdFF1ZXJ5S2V5cz9hcGktdmVyc2lvbj0yMDE1LTAyLTI4",
      "RequestMethod": "GET",
      "RequestBody": "",
      "RequestHeaders": {
        "x-ms-client-request-id": [
          "5d9e8638-9e6e-426d-adc5-dd4121258c0f"
        ],
        "accept-language": [
          "en-US"
        ],
        "User-Agent": [
          "Microsoft.Azure.Management.Search.SearchManagementClient/1.0.0.0"
        ]
      },
      "ResponseBody": "{\r\n  \"value\": [\r\n    {\r\n      \"name\": null,\r\n      \"key\": \"EA16B3295184DE07689EE4C4BD93862B\"\r\n    }\r\n  ],\r\n  \"nextLink\": null\r\n}",
      "ResponseHeaders": {
        "Content-Type": [
          "application/json; charset=utf-8"
        ],
        "Expires": [
          "-1"
        ],
        "Cache-Control": [
          "no-cache"
        ],
        "Date": [
          "Fri, 22 Apr 2016 22:54:41 GMT"
        ],
        "Pragma": [
          "no-cache"
        ],
        "Transfer-Encoding": [
          "chunked"
        ],
        "Vary": [
          "Accept-Encoding"
        ],
        "request-id": [
          "5d9e8638-9e6e-426d-adc5-dd4121258c0f"
        ],
        "elapsed-time": [
          "215"
        ],
        "Strict-Transport-Security": [
          "max-age=31536000; includeSubDomains"
        ],
        "X-AspNet-Version": [
          "4.0.30319"
        ],
        "x-ms-ratelimit-remaining-subscription-reads": [
          "14979"
        ],
        "x-ms-request-id": [
          "76230488-3f4d-481a-a97c-b8d9e5b140ac"
        ],
        "x-ms-correlation-request-id": [
          "76230488-3f4d-481a-a97c-b8d9e5b140ac"
        ],
        "x-ms-routing-request-id": [
          "CENTRALUS:20160422T225442Z:76230488-3f4d-481a-a97c-b8d9e5b140ac"
        ]
      },
      "StatusCode": 200
    },
    {
      "RequestUri": "/indexes?api-version=2015-02-28-Preview",
      "EncodedRequestUri": "L2luZGV4ZXM/YXBpLXZlcnNpb249MjAxNS0wMi0yOC1QcmV2aWV3",
      "RequestMethod": "POST",
      "RequestBody": "{\r\n  \"name\": \"azsmnet834\",\r\n  \"fields\": [\r\n    {\r\n      \"type\": \"Edm.String\",\r\n      \"name\": \"hotelId\",\r\n      \"key\": true,\r\n      \"searchable\": false,\r\n      \"filterable\": true,\r\n      \"sortable\": true,\r\n      \"facetable\": true,\r\n      \"retrievable\": true\r\n    },\r\n    {\r\n      \"type\": \"Edm.Double\",\r\n      \"name\": \"baseRate\",\r\n      \"key\": false,\r\n      \"searchable\": false,\r\n      \"filterable\": true,\r\n      \"sortable\": true,\r\n      \"facetable\": true,\r\n      \"retrievable\": true\r\n    },\r\n    {\r\n      \"type\": \"Edm.String\",\r\n      \"name\": \"description\",\r\n      \"key\": false,\r\n      \"searchable\": true,\r\n      \"filterable\": false,\r\n      \"sortable\": false,\r\n      \"facetable\": false,\r\n      \"retrievable\": true\r\n    },\r\n    {\r\n      \"type\": \"Edm.String\",\r\n      \"analyzer\": \"fr.lucene\",\r\n      \"name\": \"descriptionFr\",\r\n      \"key\": false,\r\n      \"searchable\": true,\r\n      \"filterable\": false,\r\n      \"sortable\": false,\r\n      \"facetable\": false,\r\n      \"retrievable\": true\r\n    },\r\n    {\r\n      \"type\": \"Edm.String\",\r\n      \"name\": \"hotelName\",\r\n      \"key\": false,\r\n      \"searchable\": true,\r\n      \"filterable\": true,\r\n      \"sortable\": true,\r\n      \"facetable\": true,\r\n      \"retrievable\": true\r\n    },\r\n    {\r\n      \"type\": \"Edm.String\",\r\n      \"name\": \"category\",\r\n      \"key\": false,\r\n      \"searchable\": true,\r\n      \"filterable\": true,\r\n      \"sortable\": true,\r\n      \"facetable\": true,\r\n      \"retrievable\": true\r\n    },\r\n    {\r\n      \"type\": \"Collection(Edm.String)\",\r\n      \"name\": \"tags\",\r\n      \"key\": false,\r\n      \"searchable\": true,\r\n      \"filterable\": true,\r\n      \"sortable\": false,\r\n      \"facetable\": true,\r\n      \"retrievable\": true\r\n    },\r\n    {\r\n      \"type\": \"Edm.Boolean\",\r\n      \"name\": \"parkingIncluded\",\r\n      \"key\": false,\r\n      \"searchable\": false,\r\n      \"filterable\": true,\r\n      \"sortable\": true,\r\n      \"facetable\": true,\r\n      \"retrievable\": true\r\n    },\r\n    {\r\n      \"type\": \"Edm.Boolean\",\r\n      \"name\": \"smokingAllowed\",\r\n      \"key\": false,\r\n      \"searchable\": false,\r\n      \"filterable\": true,\r\n      \"sortable\": true,\r\n      \"facetable\": true,\r\n      \"retrievable\": true\r\n    },\r\n    {\r\n      \"type\": \"Edm.DateTimeOffset\",\r\n      \"name\": \"lastRenovationDate\",\r\n      \"key\": false,\r\n      \"searchable\": false,\r\n      \"filterable\": true,\r\n      \"sortable\": true,\r\n      \"facetable\": true,\r\n      \"retrievable\": true\r\n    },\r\n    {\r\n      \"type\": \"Edm.Int32\",\r\n      \"name\": \"rating\",\r\n      \"key\": false,\r\n      \"searchable\": false,\r\n      \"filterable\": true,\r\n      \"sortable\": true,\r\n      \"facetable\": true,\r\n      \"retrievable\": true\r\n    },\r\n    {\r\n      \"type\": \"Edm.GeographyPoint\",\r\n      \"name\": \"location\",\r\n      \"key\": false,\r\n      \"searchable\": false,\r\n      \"filterable\": true,\r\n      \"sortable\": true,\r\n      \"facetable\": false,\r\n      \"retrievable\": true\r\n    }\r\n  ],\r\n  \"scoringProfiles\": [\r\n    {\r\n      \"name\": \"nearest\",\r\n      \"functions\": [\r\n        {\r\n          \"type\": \"distance\",\r\n          \"distance\": {\r\n            \"referencePointParameter\": \"myloc\",\r\n            \"boostingDistance\": 100.0\r\n          },\r\n          \"fieldName\": \"location\",\r\n          \"boost\": 2.0\r\n        }\r\n      ],\r\n      \"functionAggregation\": \"sum\"\r\n    }\r\n  ],\r\n  \"suggesters\": [\r\n    {\r\n      \"name\": \"sg\",\r\n      \"searchMode\": \"analyzingInfixMatching\",\r\n      \"sourceFields\": [\r\n        \"description\",\r\n        \"hotelName\"\r\n      ]\r\n    }\r\n  ]\r\n}",
      "RequestHeaders": {
        "Content-Type": [
          "application/json; charset=utf-8"
        ],
        "Content-Length": [
          "3400"
        ],
        "x-ms-client-request-id": [
          "f9960396-baab-4f31-9472-f29923f2dee3"
        ],
        "accept-language": [
          "en-US"
        ],
        "api-key": [
          "1D7C7513BF45F144B4D21920174CA06C"
        ],
        "Prefer": [
          "return=representation"
        ],
        "User-Agent": [
          "Microsoft.Azure.Search.SearchServiceClient/2.0.0.0"
        ]
      },
      "ResponseBody": "{\r\n  \"@odata.context\": \"https://azs-324.search-dogfood.windows-int.net/$metadata#indexes/$entity\",\r\n  \"name\": \"azsmnet834\",\r\n  \"fields\": [\r\n    {\r\n      \"name\": \"hotelId\",\r\n      \"type\": \"Edm.String\",\r\n      \"searchable\": false,\r\n      \"filterable\": true,\r\n      \"retrievable\": true,\r\n      \"sortable\": true,\r\n      \"facetable\": true,\r\n      \"key\": true,\r\n      \"indexAnalyzer\": null,\r\n      \"searchAnalyzer\": null,\r\n      \"analyzer\": null\r\n    },\r\n    {\r\n      \"name\": \"baseRate\",\r\n      \"type\": \"Edm.Double\",\r\n      \"searchable\": false,\r\n      \"filterable\": true,\r\n      \"retrievable\": true,\r\n      \"sortable\": true,\r\n      \"facetable\": true,\r\n      \"key\": false,\r\n      \"indexAnalyzer\": null,\r\n      \"searchAnalyzer\": null,\r\n      \"analyzer\": null\r\n    },\r\n    {\r\n      \"name\": \"description\",\r\n      \"type\": \"Edm.String\",\r\n      \"searchable\": true,\r\n      \"filterable\": false,\r\n      \"retrievable\": true,\r\n      \"sortable\": false,\r\n      \"facetable\": false,\r\n      \"key\": false,\r\n      \"indexAnalyzer\": null,\r\n      \"searchAnalyzer\": null,\r\n      \"analyzer\": null\r\n    },\r\n    {\r\n      \"name\": \"descriptionFr\",\r\n      \"type\": \"Edm.String\",\r\n      \"searchable\": true,\r\n      \"filterable\": false,\r\n      \"retrievable\": true,\r\n      \"sortable\": false,\r\n      \"facetable\": false,\r\n      \"key\": false,\r\n      \"indexAnalyzer\": null,\r\n      \"searchAnalyzer\": null,\r\n      \"analyzer\": \"fr.lucene\"\r\n    },\r\n    {\r\n      \"name\": \"hotelName\",\r\n      \"type\": \"Edm.String\",\r\n      \"searchable\": true,\r\n      \"filterable\": true,\r\n      \"retrievable\": true,\r\n      \"sortable\": true,\r\n      \"facetable\": true,\r\n      \"key\": false,\r\n      \"indexAnalyzer\": null,\r\n      \"searchAnalyzer\": null,\r\n      \"analyzer\": null\r\n    },\r\n    {\r\n      \"name\": \"category\",\r\n      \"type\": \"Edm.String\",\r\n      \"searchable\": true,\r\n      \"filterable\": true,\r\n      \"retrievable\": true,\r\n      \"sortable\": true,\r\n      \"facetable\": true,\r\n      \"key\": false,\r\n      \"indexAnalyzer\": null,\r\n      \"searchAnalyzer\": null,\r\n      \"analyzer\": null\r\n    },\r\n    {\r\n      \"name\": \"tags\",\r\n      \"type\": \"Collection(Edm.String)\",\r\n      \"searchable\": true,\r\n      \"filterable\": true,\r\n      \"retrievable\": true,\r\n      \"sortable\": false,\r\n      \"facetable\": true,\r\n      \"key\": false,\r\n      \"indexAnalyzer\": null,\r\n      \"searchAnalyzer\": null,\r\n      \"analyzer\": null\r\n    },\r\n    {\r\n      \"name\": \"parkingIncluded\",\r\n      \"type\": \"Edm.Boolean\",\r\n      \"searchable\": false,\r\n      \"filterable\": true,\r\n      \"retrievable\": true,\r\n      \"sortable\": true,\r\n      \"facetable\": true,\r\n      \"key\": false,\r\n      \"indexAnalyzer\": null,\r\n      \"searchAnalyzer\": null,\r\n      \"analyzer\": null\r\n    },\r\n    {\r\n      \"name\": \"smokingAllowed\",\r\n      \"type\": \"Edm.Boolean\",\r\n      \"searchable\": false,\r\n      \"filterable\": true,\r\n      \"retrievable\": true,\r\n      \"sortable\": true,\r\n      \"facetable\": true,\r\n      \"key\": false,\r\n      \"indexAnalyzer\": null,\r\n      \"searchAnalyzer\": null,\r\n      \"analyzer\": null\r\n    },\r\n    {\r\n      \"name\": \"lastRenovationDate\",\r\n      \"type\": \"Edm.DateTimeOffset\",\r\n      \"searchable\": false,\r\n      \"filterable\": true,\r\n      \"retrievable\": true,\r\n      \"sortable\": true,\r\n      \"facetable\": true,\r\n      \"key\": false,\r\n      \"indexAnalyzer\": null,\r\n      \"searchAnalyzer\": null,\r\n      \"analyzer\": null\r\n    },\r\n    {\r\n      \"name\": \"rating\",\r\n      \"type\": \"Edm.Int32\",\r\n      \"searchable\": false,\r\n      \"filterable\": true,\r\n      \"retrievable\": true,\r\n      \"sortable\": true,\r\n      \"facetable\": true,\r\n      \"key\": false,\r\n      \"indexAnalyzer\": null,\r\n      \"searchAnalyzer\": null,\r\n      \"analyzer\": null\r\n    },\r\n    {\r\n      \"name\": \"location\",\r\n      \"type\": \"Edm.GeographyPoint\",\r\n      \"searchable\": false,\r\n      \"filterable\": true,\r\n      \"retrievable\": true,\r\n      \"sortable\": true,\r\n      \"facetable\": false,\r\n      \"key\": false,\r\n      \"indexAnalyzer\": null,\r\n      \"searchAnalyzer\": null,\r\n      \"analyzer\": null\r\n    }\r\n  ],\r\n  \"scoringProfiles\": [\r\n    {\r\n      \"name\": \"nearest\",\r\n      \"text\": null,\r\n      \"functions\": [\r\n        {\r\n          \"fieldName\": \"location\",\r\n          \"freshness\": null,\r\n          \"interpolation\": \"linear\",\r\n          \"magnitude\": null,\r\n          \"distance\": {\r\n            \"referencePointParameter\": \"myloc\",\r\n            \"boostingDistance\": 100.0\r\n          },\r\n          \"tag\": null,\r\n          \"type\": \"distance\",\r\n          \"boost\": 2.0\r\n        }\r\n      ],\r\n      \"functionAggregation\": \"sum\"\r\n    }\r\n  ],\r\n  \"defaultScoringProfile\": null,\r\n  \"corsOptions\": null,\r\n  \"suggesters\": [\r\n    {\r\n      \"name\": \"sg\",\r\n      \"searchMode\": \"analyzingInfixMatching\",\r\n      \"sourceFields\": [\r\n        \"description\",\r\n        \"hotelName\"\r\n      ]\r\n    }\r\n  ],\r\n  \"analyzers\": [],\r\n  \"tokenizers\": [],\r\n  \"tokenFilters\": [],\r\n  \"charFilters\": []\r\n}",
      "ResponseHeaders": {
        "Content-Length": [
          "3101"
        ],
        "Content-Type": [
          "application/json; odata.metadata=minimal"
        ],
        "Expires": [
          "-1"
        ],
        "Cache-Control": [
          "no-cache"
        ],
        "Date": [
          "Fri, 22 Apr 2016 22:54:43 GMT"
        ],
        "Pragma": [
          "no-cache"
        ],
        "ETag": [
          "W/\"0x8D36B0118919E5D\""
        ],
        "Location": [
          "https://azs-324.search-dogfood.windows-int.net/indexes('azsmnet834')?api-version=2015-02-28-Preview"
        ],
        "request-id": [
          "f9960396-baab-4f31-9472-f29923f2dee3"
        ],
        "elapsed-time": [
          "1250"
        ],
        "OData-Version": [
          "4.0"
        ],
        "Preference-Applied": [
          "odata.include-annotations=\"*\""
        ],
        "Strict-Transport-Security": [
          "max-age=15724800; includeSubDomains"
        ]
      },
      "StatusCode": 201
    },
    {
      "RequestUri": "/indexes('azsmnet834')/docs/search.index?api-version=2015-02-28-Preview",
      "EncodedRequestUri": "L2luZGV4ZXMoJ2F6c21uZXQ4MzQnKS9kb2NzL3NlYXJjaC5pbmRleD9hcGktdmVyc2lvbj0yMDE1LTAyLTI4LVByZXZpZXc=",
      "RequestMethod": "POST",
      "RequestBody": "{\r\n  \"value\": [\r\n    {\r\n      \"@search.action\": \"upload\",\r\n      \"hotelId\": \"1\",\r\n      \"baseRate\": 199.0,\r\n      \"description\": \"Best hotel in town if you like luxury hotels. They have an amazing infinity pool, a spa, and a really helpful concierge. The location is perfect -- right downtown, close to all the tourist attractions. We highly recommend this hotel.\",\r\n      \"descriptionFr\": \"Meilleur hôtel en ville si vous aimez les hôtels de luxe. Ils ont une magnifique piscine à débordement, un spa et un concierge très utile. L'emplacement est parfait – en plein centre, à proximité de toutes les attractions touristiques. Nous recommandons fortement cet hôtel.\",\r\n      \"hotelName\": \"Fancy Stay\",\r\n      \"category\": \"Luxury\",\r\n      \"tags\": [\r\n        \"pool\",\r\n        \"view\",\r\n        \"wifi\",\r\n        \"concierge\"\r\n      ],\r\n      \"parkingIncluded\": false,\r\n      \"smokingAllowed\": false,\r\n      \"lastRenovationDate\": \"2010-06-26T17:00:00-07:00\",\r\n      \"rating\": 5,\r\n      \"location\": {\r\n        \"type\": \"Point\",\r\n        \"coordinates\": [\r\n          -122.131577,\r\n          47.678581\r\n        ]\r\n      }\r\n    },\r\n    {\r\n      \"@search.action\": \"upload\",\r\n      \"hotelId\": \"2\",\r\n      \"baseRate\": 79.99,\r\n      \"description\": \"Cheapest hotel in town\",\r\n      \"descriptionFr\": \"Hôtel le moins cher en ville\",\r\n      \"hotelName\": \"Roach Motel\",\r\n      \"category\": \"Budget\",\r\n      \"tags\": [\r\n        \"motel\",\r\n        \"budget\"\r\n      ],\r\n      \"parkingIncluded\": true,\r\n      \"smokingAllowed\": true,\r\n      \"lastRenovationDate\": \"1982-04-27T17:00:00-07:00\",\r\n      \"rating\": 1,\r\n      \"location\": {\r\n        \"type\": \"Point\",\r\n        \"coordinates\": [\r\n          -122.131577,\r\n          49.678581\r\n        ]\r\n      }\r\n    },\r\n    {\r\n      \"@search.action\": \"upload\",\r\n      \"hotelId\": \"3\",\r\n      \"baseRate\": 129.99,\r\n      \"description\": \"Most popular hotel in town\",\r\n      \"descriptionFr\": \"Hôtel le plus populaire en ville\",\r\n      \"hotelName\": \"EconoStay\",\r\n      \"category\": \"Budget\",\r\n      \"tags\": [\r\n        \"wifi\",\r\n        \"budget\"\r\n      ],\r\n      \"parkingIncluded\": true,\r\n      \"smokingAllowed\": false,\r\n      \"lastRenovationDate\": \"1995-06-30T17:00:00-07:00\",\r\n      \"rating\": 4,\r\n      \"location\": {\r\n        \"type\": \"Point\",\r\n        \"coordinates\": [\r\n          -122.131577,\r\n          46.678581\r\n        ]\r\n      }\r\n    },\r\n    {\r\n      \"@search.action\": \"upload\",\r\n      \"hotelId\": \"4\",\r\n      \"baseRate\": 129.99,\r\n      \"description\": \"Pretty good hotel\",\r\n      \"descriptionFr\": \"Assez bon hôtel\",\r\n      \"hotelName\": \"Express Rooms\",\r\n      \"category\": \"Budget\",\r\n      \"tags\": [\r\n        \"wifi\",\r\n        \"budget\"\r\n      ],\r\n      \"parkingIncluded\": true,\r\n      \"smokingAllowed\": false,\r\n      \"lastRenovationDate\": \"1995-06-30T17:00:00-07:00\",\r\n      \"rating\": 4,\r\n      \"location\": {\r\n        \"type\": \"Point\",\r\n        \"coordinates\": [\r\n          -122.131577,\r\n          48.678581\r\n        ]\r\n      }\r\n    },\r\n    {\r\n      \"@search.action\": \"upload\",\r\n      \"hotelId\": \"5\",\r\n      \"baseRate\": 129.99,\r\n      \"description\": \"Another good hotel\",\r\n      \"descriptionFr\": \"Un autre bon hôtel\",\r\n      \"hotelName\": \"Comfy Place\",\r\n      \"category\": \"Budget\",\r\n      \"tags\": [\r\n        \"wifi\",\r\n        \"budget\"\r\n      ],\r\n      \"parkingIncluded\": true,\r\n      \"smokingAllowed\": false,\r\n      \"lastRenovationDate\": \"2012-08-11T17:00:00-07:00\",\r\n      \"rating\": 4,\r\n      \"location\": {\r\n        \"type\": \"Point\",\r\n        \"coordinates\": [\r\n          -122.131577,\r\n          48.678581\r\n        ]\r\n      }\r\n    },\r\n    {\r\n      \"@search.action\": \"upload\",\r\n      \"hotelId\": \"6\",\r\n      \"baseRate\": 279.99,\r\n      \"description\": \"Surprisingly expensive\"\r\n    }\r\n  ]\r\n}",
      "RequestHeaders": {
        "Content-Type": [
          "application/json; charset=utf-8"
        ],
        "Content-Length": [
          "3701"
        ],
        "accept-language": [
          "en-US"
        ],
        "Accept": [
          "application/json; odata.metadata=none"
        ],
        "api-key": [
          "1D7C7513BF45F144B4D21920174CA06C"
        ],
        "Prefer": [
          "return=representation"
        ],
        "User-Agent": [
          "Microsoft.Azure.Search.SearchIndexClient/2.0.0.0"
        ]
      },
      "ResponseBody": "{\r\n  \"value\": [\r\n    {\r\n      \"key\": \"1\",\r\n      \"status\": true,\r\n      \"errorMessage\": null,\r\n      \"statusCode\": 201\r\n    },\r\n    {\r\n      \"key\": \"2\",\r\n      \"status\": true,\r\n      \"errorMessage\": null,\r\n      \"statusCode\": 201\r\n    },\r\n    {\r\n      \"key\": \"3\",\r\n      \"status\": true,\r\n      \"errorMessage\": null,\r\n      \"statusCode\": 201\r\n    },\r\n    {\r\n      \"key\": \"4\",\r\n      \"status\": true,\r\n      \"errorMessage\": null,\r\n      \"statusCode\": 201\r\n    },\r\n    {\r\n      \"key\": \"5\",\r\n      \"status\": true,\r\n      \"errorMessage\": null,\r\n      \"statusCode\": 201\r\n    },\r\n    {\r\n      \"key\": \"6\",\r\n      \"status\": true,\r\n      \"errorMessage\": null,\r\n      \"statusCode\": 201\r\n    }\r\n  ]\r\n}",
      "ResponseHeaders": {
        "Content-Length": [
          "389"
        ],
        "Content-Type": [
          "application/json; odata.metadata=none"
        ],
        "Expires": [
          "-1"
        ],
        "Cache-Control": [
          "no-cache"
        ],
        "Date": [
          "Fri, 22 Apr 2016 22:55:04 GMT"
        ],
        "Pragma": [
          "no-cache"
        ],
        "request-id": [
          "eccc3a7c-224d-4cc9-b1e7-3b751fa4780f"
        ],
        "elapsed-time": [
          "473"
        ],
        "OData-Version": [
          "4.0"
        ],
        "Preference-Applied": [
          "odata.include-annotations=\"*\""
        ],
        "Strict-Transport-Security": [
          "max-age=15724800; includeSubDomains"
        ]
      },
      "StatusCode": 200
    },
    {
      "RequestUri": "/indexes('azsmnet834')/docs?api-version=2015-02-28-Preview&search=*&$count=false&facet=baseRate%2Cvalues:80%7C150%7C200&facet=lastRenovationDate%2Cvalues:2000-01-01T00:00:00Z&queryType=simple&searchMode=any",
      "EncodedRequestUri": "L2luZGV4ZXMoJ2F6c21uZXQ4MzQnKS9kb2NzP2FwaS12ZXJzaW9uPTIwMTUtMDItMjgtUHJldmlldyZzZWFyY2g9JTJBJiRjb3VudD1mYWxzZSZmYWNldD1iYXNlUmF0ZSUyQ3ZhbHVlcyUzQTgwJTdDMTUwJTdDMjAwJmZhY2V0PWxhc3RSZW5vdmF0aW9uRGF0ZSUyQ3ZhbHVlcyUzQTIwMDAtMDEtMDFUMDAlM0EwMCUzQTAwWiZxdWVyeVR5cGU9c2ltcGxlJnNlYXJjaE1vZGU9YW55",
      "RequestMethod": "GET",
      "RequestBody": "",
      "RequestHeaders": {
        "accept-language": [
          "en-US"
        ],
        "Accept": [
          "application/json; odata.metadata=none"
        ],
        "api-key": [
          "EA16B3295184DE07689EE4C4BD93862B"
        ],
        "Prefer": [
          "return=representation"
        ],
        "User-Agent": [
          "Microsoft.Azure.Search.SearchIndexClient/2.0.0.0"
        ]
      },
      "ResponseBody": "{\"@search.facets\":{\"baseRate\":[{\"count\":1,\"to\":80.0},{\"count\":3,\"from\":80.0,\"to\":150.0},{\"count\":1,\"from\":150.0,\"to\":200.0},{\"count\":1,\"from\":200.0}],\"lastRenovationDate\":[{\"count\":3,\"to\":\"2000-01-01T00:00:00.000+0000\"},{\"count\":2,\"from\":\"2000-01-01T00:00:00.000+0000\"}]},\"value\":[{\"@search.score\":1.0,\"hotelId\":\"1\",\"baseRate\":199.0,\"description\":\"Best hotel in town if you like luxury hotels. They have an amazing infinity pool, a spa, and a really helpful concierge. The location is perfect -- right downtown, close to all the tourist attractions. We highly recommend this hotel.\",\"descriptionFr\":\"Meilleur h\\u00f4tel en ville si vous aimez les h\\u00f4tels de luxe. Ils ont une magnifique piscine \\u00e0 d\\u00e9bordement, un spa et un concierge tr\\u00e8s utile. L'emplacement est parfait \\u2013 en plein centre, \\u00e0 proximit\\u00e9 de toutes les attractions touristiques. Nous recommandons fortement cet h\\u00f4tel.\",\"hotelName\":\"Fancy Stay\",\"category\":\"Luxury\",\"tags\":[\"pool\",\"view\",\"wifi\",\"concierge\"],\"parkingIncluded\":false,\"smokingAllowed\":false,\"lastRenovationDate\":\"2010-06-27T00:00:00Z\",\"rating\":5,\"location\":{\"type\":\"Point\",\"coordinates\":[-122.131577,47.678581],\"crs\":{\"type\":\"name\",\"properties\":{\"name\":\"EPSG:4326\"}}}},{\"@search.score\":1.0,\"hotelId\":\"2\",\"baseRate\":79.99,\"description\":\"Cheapest hotel in town\",\"descriptionFr\":\"H\\u00f4tel le moins cher en ville\",\"hotelName\":\"Roach Motel\",\"category\":\"Budget\",\"tags\":[\"motel\",\"budget\"],\"parkingIncluded\":true,\"smokingAllowed\":true,\"lastRenovationDate\":\"1982-04-28T00:00:00Z\",\"rating\":1,\"location\":{\"type\":\"Point\",\"coordinates\":[-122.131577,49.678581],\"crs\":{\"type\":\"name\",\"properties\":{\"name\":\"EPSG:4326\"}}}},{\"@search.score\":1.0,\"hotelId\":\"3\",\"baseRate\":129.99,\"description\":\"Most popular hotel in town\",\"descriptionFr\":\"H\\u00f4tel le plus populaire en ville\",\"hotelName\":\"EconoStay\",\"category\":\"Budget\",\"tags\":[\"wifi\",\"budget\"],\"parkingIncluded\":true,\"smokingAllowed\":false,\"lastRenovationDate\":\"1995-07-01T00:00:00Z\",\"rating\":4,\"location\":{\"type\":\"Point\",\"coordinates\":[-122.131577,46.678581],\"crs\":{\"type\":\"name\",\"properties\":{\"name\":\"EPSG:4326\"}}}},{\"@search.score\":1.0,\"hotelId\":\"4\",\"baseRate\":129.99,\"description\":\"Pretty good hotel\",\"descriptionFr\":\"Assez bon h\\u00f4tel\",\"hotelName\":\"Express Rooms\",\"category\":\"Budget\",\"tags\":[\"wifi\",\"budget\"],\"parkingIncluded\":true,\"smokingAllowed\":false,\"lastRenovationDate\":\"1995-07-01T00:00:00Z\",\"rating\":4,\"location\":{\"type\":\"Point\",\"coordinates\":[-122.131577,48.678581],\"crs\":{\"type\":\"name\",\"properties\":{\"name\":\"EPSG:4326\"}}}},{\"@search.score\":1.0,\"hotelId\":\"5\",\"baseRate\":129.99,\"description\":\"Another good hotel\",\"descriptionFr\":\"Un autre bon h\\u00f4tel\",\"hotelName\":\"Comfy Place\",\"category\":\"Budget\",\"tags\":[\"wifi\",\"budget\"],\"parkingIncluded\":true,\"smokingAllowed\":false,\"lastRenovationDate\":\"2012-08-12T00:00:00Z\",\"rating\":4,\"location\":{\"type\":\"Point\",\"coordinates\":[-122.131577,48.678581],\"crs\":{\"type\":\"name\",\"properties\":{\"name\":\"EPSG:4326\"}}}},{\"@search.score\":1.0,\"hotelId\":\"6\",\"baseRate\":279.99,\"description\":\"Surprisingly expensive\",\"descriptionFr\":null,\"hotelName\":null,\"category\":null,\"tags\":[],\"parkingIncluded\":null,\"smokingAllowed\":null,\"lastRenovationDate\":null,\"rating\":null,\"location\":null}]}",
      "ResponseHeaders": {
        "Content-Length": [
          "3223"
        ],
        "Content-Type": [
          "application/json; odata.metadata=none"
        ],
        "Expires": [
          "-1"
        ],
        "Cache-Control": [
          "no-cache"
        ],
        "Date": [
          "Fri, 22 Apr 2016 22:55:06 GMT"
        ],
        "Pragma": [
          "no-cache"
        ],
        "request-id": [
          "8605fff5-18c5-45c0-830f-b53c53b53e96"
        ],
        "elapsed-time": [
          "296"
        ],
        "OData-Version": [
          "4.0"
        ],
        "Preference-Applied": [
          "odata.include-annotations=\"*\""
        ],
        "Strict-Transport-Security": [
          "max-age=15724800; includeSubDomains"
        ]
      },
      "StatusCode": 200
    },
    {
      "RequestUri": "/subscriptions/b80cf239-2c72-47ab-b309-b26aec4656b1/resourceGroups/azsmnet2137/providers/Microsoft.Search/searchServices/azs-324?api-version=2015-02-28",
      "EncodedRequestUri": "L3N1YnNjcmlwdGlvbnMvYjgwY2YyMzktMmM3Mi00N2FiLWIzMDktYjI2YWVjNDY1NmIxL3Jlc291cmNlR3JvdXBzL2F6c21uZXQyMTM3L3Byb3ZpZGVycy9NaWNyb3NvZnQuU2VhcmNoL3NlYXJjaFNlcnZpY2VzL2F6cy0zMjQ/YXBpLXZlcnNpb249MjAxNS0wMi0yOA==",
      "RequestMethod": "DELETE",
      "RequestBody": "",
      "RequestHeaders": {
        "x-ms-client-request-id": [
          "f3755fd2-f070-4c2b-b2fd-3c6588c9cd53"
        ],
        "accept-language": [
          "en-US"
        ],
        "User-Agent": [
          "Microsoft.Azure.Management.Search.SearchManagementClient/1.0.0.0"
        ]
      },
      "ResponseBody": "",
      "ResponseHeaders": {
        "Content-Length": [
          "0"
        ],
        "Expires": [
          "-1"
        ],
        "Cache-Control": [
          "no-cache"
        ],
        "Date": [
          "Fri, 22 Apr 2016 22:55:08 GMT"
        ],
        "Pragma": [
          "no-cache"
        ],
        "request-id": [
          "f3755fd2-f070-4c2b-b2fd-3c6588c9cd53"
        ],
        "elapsed-time": [
          "322"
        ],
        "Strict-Transport-Security": [
          "max-age=31536000; includeSubDomains"
        ],
        "X-AspNet-Version": [
          "4.0.30319"
        ],
        "x-ms-ratelimit-remaining-subscription-writes": [
          "955"
        ],
        "x-ms-request-id": [
          "d1647aca-564c-4892-9534-fdf72e20d714"
        ],
        "x-ms-correlation-request-id": [
          "d1647aca-564c-4892-9534-fdf72e20d714"
        ],
        "x-ms-routing-request-id": [
          "CENTRALUS:20160422T225509Z:d1647aca-564c-4892-9534-fdf72e20d714"
        ]
      },
      "StatusCode": 200
    }
  ],
  "Names": {
    "GenerateName": [
      "azsmnet2137",
      "azsmnet834"
    ],
    "GenerateServiceName": [
      "azs-324"
    ]
  },
  "Variables": {
    "SubscriptionId": "b80cf239-2c72-47ab-b309-b26aec4656b1"
  }
}