{
  "Entries": [
    {
      "RequestUri": "/subscriptions/b80cf239-2c72-47ab-b309-b26aec4656b1/providers/Microsoft.Search/register?api-version=2014-04-01-preview",
      "EncodedRequestUri": "L3N1YnNjcmlwdGlvbnMvYjgwY2YyMzktMmM3Mi00N2FiLWIzMDktYjI2YWVjNDY1NmIxL3Byb3ZpZGVycy9NaWNyb3NvZnQuU2VhcmNoL3JlZ2lzdGVyP2FwaS12ZXJzaW9uPTIwMTQtMDQtMDEtcHJldmlldw==",
      "RequestMethod": "POST",
      "RequestBody": "",
      "RequestHeaders": {
        "x-ms-client-request-id": [
          "335b4b9f-f6a5-480b-b0d9-ada75224d0c1"
        ],
        "accept-language": [
          "en-US"
        ],
        "User-Agent": [
          "Microsoft.Azure.Management.Resources.ResourceManagementClient/3.0.0.0"
        ]
      },
      "ResponseBody": "{\r\n  \"id\": \"/subscriptions/b80cf239-2c72-47ab-b309-b26aec4656b1/providers/Microsoft.Search\",\r\n  \"namespace\": \"Microsoft.Search\",\r\n  \"resourceTypes\": [\r\n    {\r\n      \"resourceType\": \"searchServices\",\r\n      \"locations\": [\r\n        \"West US\"\r\n      ],\r\n      \"apiVersions\": [\r\n        \"2015-08-19\",\r\n        \"2015-02-28\",\r\n        \"2014-07-31-Preview\"\r\n      ]\r\n    },\r\n    {\r\n      \"resourceType\": \"searchServicesCit\",\r\n      \"locations\": [\r\n        \"West US\"\r\n      ],\r\n      \"apiVersions\": [\r\n        \"2015-08-19\",\r\n        \"2015-02-28\",\r\n        \"2014-07-31-Preview\"\r\n      ]\r\n    },\r\n    {\r\n      \"resourceType\": \"searchServicesInt\",\r\n      \"locations\": [\r\n        \"West US\"\r\n      ],\r\n      \"apiVersions\": [\r\n        \"2015-08-19\",\r\n        \"2015-02-28\",\r\n        \"2014-07-31-Preview\"\r\n      ]\r\n    },\r\n    {\r\n      \"resourceType\": \"searchServicesPpe\",\r\n      \"locations\": [\r\n        \"West US\"\r\n      ],\r\n      \"apiVersions\": [\r\n        \"2015-08-19\",\r\n        \"2015-02-28\",\r\n        \"2014-07-31-Preview\"\r\n      ]\r\n    },\r\n    {\r\n      \"resourceType\": \"checkServiceNameAvailability\",\r\n      \"locations\": [],\r\n      \"apiVersions\": [\r\n        \"2015-02-28\",\r\n        \"2014-07-31-Preview\"\r\n      ]\r\n    },\r\n    {\r\n      \"resourceType\": \"checkServiceNameAvailabilityCit\",\r\n      \"locations\": [],\r\n      \"apiVersions\": [\r\n        \"2015-02-28\",\r\n        \"2014-07-31-Preview\"\r\n      ]\r\n    },\r\n    {\r\n      \"resourceType\": \"checkServiceNameAvailabilityInt\",\r\n      \"locations\": [],\r\n      \"apiVersions\": [\r\n        \"2015-02-28\",\r\n        \"2014-07-31-Preview\"\r\n      ]\r\n    },\r\n    {\r\n      \"resourceType\": \"checkServiceNameAvailabilityPpe\",\r\n      \"locations\": [],\r\n      \"apiVersions\": [\r\n        \"2015-02-28\",\r\n        \"2014-07-31-Preview\"\r\n      ]\r\n    },\r\n    {\r\n      \"resourceType\": \"checkNameAvailability\",\r\n      \"locations\": [],\r\n      \"apiVersions\": [\r\n        \"2015-08-19\"\r\n      ]\r\n    },\r\n    {\r\n      \"resourceType\": \"checkNameAvailabilityCit\",\r\n      \"locations\": [],\r\n      \"apiVersions\": [\r\n        \"2015-08-19\"\r\n      ]\r\n    },\r\n    {\r\n      \"resourceType\": \"checkNameAvailabilityInt\",\r\n      \"locations\": [],\r\n      \"apiVersions\": [\r\n        \"2015-08-19\"\r\n      ]\r\n    },\r\n    {\r\n      \"resourceType\": \"checkNameAvailabilityPpe\",\r\n      \"locations\": [],\r\n      \"apiVersions\": [\r\n        \"2015-08-19\"\r\n      ]\r\n    },\r\n    {\r\n      \"resourceType\": \"operations\",\r\n      \"locations\": [],\r\n      \"apiVersions\": [\r\n        \"2015-08-19\",\r\n        \"2015-02-28\"\r\n      ]\r\n    }\r\n  ],\r\n  \"registrationState\": \"Registered\"\r\n}",
      "ResponseHeaders": {
        "Content-Length": [
          "1559"
        ],
        "Content-Type": [
          "application/json; charset=utf-8"
        ],
        "Expires": [
          "-1"
        ],
        "Pragma": [
          "no-cache"
        ],
        "x-ms-ratelimit-remaining-subscription-writes": [
          "1199"
        ],
        "x-ms-request-id": [
          "d465ebdc-4cb3-484f-9870-5656dbd8a25d"
        ],
        "x-ms-correlation-request-id": [
          "d465ebdc-4cb3-484f-9870-5656dbd8a25d"
        ],
        "x-ms-routing-request-id": [
          "CENTRALUS:20160422T000610Z:d465ebdc-4cb3-484f-9870-5656dbd8a25d"
        ],
        "Strict-Transport-Security": [
          "max-age=31536000; includeSubDomains"
        ],
        "Cache-Control": [
          "no-cache"
        ],
        "Date": [
          "Fri, 22 Apr 2016 00:06:10 GMT"
        ]
      },
      "StatusCode": 200
    },
    {
      "RequestUri": "/subscriptions/b80cf239-2c72-47ab-b309-b26aec4656b1/resourcegroups/azsmnet5799?api-version=2014-04-01-preview",
      "EncodedRequestUri": "L3N1YnNjcmlwdGlvbnMvYjgwY2YyMzktMmM3Mi00N2FiLWIzMDktYjI2YWVjNDY1NmIxL3Jlc291cmNlZ3JvdXBzL2F6c21uZXQ1Nzk5P2FwaS12ZXJzaW9uPTIwMTQtMDQtMDEtcHJldmlldw==",
      "RequestMethod": "PUT",
      "RequestBody": "{\r\n  \"location\": \"West US\"\r\n}",
      "RequestHeaders": {
        "Content-Type": [
          "application/json; charset=utf-8"
        ],
        "Content-Length": [
          "29"
        ],
        "x-ms-client-request-id": [
          "439001bf-e081-465b-b3d7-bb717b7f19fd"
        ],
        "accept-language": [
          "en-US"
        ],
        "User-Agent": [
          "Microsoft.Azure.Management.Resources.ResourceManagementClient/3.0.0.0"
        ]
      },
      "ResponseBody": "{\r\n  \"id\": \"/subscriptions/b80cf239-2c72-47ab-b309-b26aec4656b1/resourceGroups/azsmnet5799\",\r\n  \"name\": \"azsmnet5799\",\r\n  \"location\": \"westus\",\r\n  \"properties\": {\r\n    \"provisioningState\": \"Succeeded\"\r\n  }\r\n}",
      "ResponseHeaders": {
        "Content-Length": [
          "175"
        ],
        "Content-Type": [
          "application/json; charset=utf-8"
        ],
        "Expires": [
          "-1"
        ],
        "Pragma": [
          "no-cache"
        ],
        "x-ms-ratelimit-remaining-subscription-writes": [
          "1198"
        ],
        "x-ms-request-id": [
          "32b8dab2-bcf7-4a76-b750-b04298c14cb7"
        ],
        "x-ms-correlation-request-id": [
          "32b8dab2-bcf7-4a76-b750-b04298c14cb7"
        ],
        "x-ms-routing-request-id": [
          "CENTRALUS:20160422T000611Z:32b8dab2-bcf7-4a76-b750-b04298c14cb7"
        ],
        "Strict-Transport-Security": [
          "max-age=31536000; includeSubDomains"
        ],
        "Cache-Control": [
          "no-cache"
        ],
        "Date": [
          "Fri, 22 Apr 2016 00:06:11 GMT"
        ]
      },
      "StatusCode": 201
    },
    {
      "RequestUri": "/subscriptions/b80cf239-2c72-47ab-b309-b26aec4656b1/resourceGroups/azsmnet5799/providers/Microsoft.Search/searchServices/azs-4970?api-version=2015-02-28",
      "EncodedRequestUri": "L3N1YnNjcmlwdGlvbnMvYjgwY2YyMzktMmM3Mi00N2FiLWIzMDktYjI2YWVjNDY1NmIxL3Jlc291cmNlR3JvdXBzL2F6c21uZXQ1Nzk5L3Byb3ZpZGVycy9NaWNyb3NvZnQuU2VhcmNoL3NlYXJjaFNlcnZpY2VzL2F6cy00OTcwP2FwaS12ZXJzaW9uPTIwMTUtMDItMjg=",
      "RequestMethod": "PUT",
      "RequestBody": "{\r\n  \"location\": \"West US\",\r\n  \"properties\": {\r\n    \"sku\": {\r\n      \"name\": \"free\"\r\n    }\r\n  }\r\n}",
      "RequestHeaders": {
        "Content-Type": [
          "application/json; charset=utf-8"
        ],
        "Content-Length": [
          "97"
        ],
        "x-ms-client-request-id": [
          "49684bd4-a79d-4c2c-b115-c11ede44803a"
        ],
        "accept-language": [
          "en-US"
        ],
        "User-Agent": [
          "Microsoft.Azure.Management.Search.SearchManagementClient/1.0.0.0"
        ]
      },
      "ResponseBody": "{\r\n  \"id\": \"/subscriptions/b80cf239-2c72-47ab-b309-b26aec4656b1/resourceGroups/azsmnet5799/providers/Microsoft.Search/searchServices/azs-4970\",\r\n  \"name\": \"azs-4970\",\r\n  \"type\": \"Microsoft.Search/searchServices\",\r\n  \"location\": \"West US\",\r\n  \"properties\": {\r\n    \"sku\": {\r\n      \"name\": \"free\"\r\n    },\r\n    \"replicaCount\": 1,\r\n    \"partitionCount\": 1,\r\n    \"status\": \"running\",\r\n    \"statusDetails\": null,\r\n    \"provisioningState\": \"succeeded\"\r\n  }\r\n}",
      "ResponseHeaders": {
        "Content-Length": [
          "363"
        ],
        "Content-Type": [
          "application/json; charset=utf-8"
        ],
        "Expires": [
          "-1"
        ],
        "Pragma": [
          "no-cache"
        ],
        "request-id": [
          "49684bd4-a79d-4c2c-b115-c11ede44803a"
        ],
        "elapsed-time": [
          "5938"
        ],
        "Strict-Transport-Security": [
          "max-age=31536000; includeSubDomains"
        ],
        "x-ms-ratelimit-remaining-subscription-writes": [
          "1197"
        ],
        "x-ms-request-id": [
          "3cd5d644-d0bc-4364-b38a-9c1d44203369"
        ],
        "x-ms-correlation-request-id": [
          "3cd5d644-d0bc-4364-b38a-9c1d44203369"
        ],
        "x-ms-routing-request-id": [
          "CENTRALUS:20160422T000619Z:3cd5d644-d0bc-4364-b38a-9c1d44203369"
        ],
        "Cache-Control": [
          "no-cache"
        ],
        "Date": [
          "Fri, 22 Apr 2016 00:06:19 GMT"
        ],
        "ETag": [
          "W/\"datetime'2016-04-22T00%3A06%3A18.6257602Z'\""
        ],
        "X-AspNet-Version": [
          "4.0.30319"
        ]
      },
      "StatusCode": 201
    },
    {
      "RequestUri": "/subscriptions/b80cf239-2c72-47ab-b309-b26aec4656b1/resourceGroups/azsmnet5799/providers/Microsoft.Search/searchServices/azs-4970/listAdminKeys?api-version=2015-02-28",
      "EncodedRequestUri": "L3N1YnNjcmlwdGlvbnMvYjgwY2YyMzktMmM3Mi00N2FiLWIzMDktYjI2YWVjNDY1NmIxL3Jlc291cmNlR3JvdXBzL2F6c21uZXQ1Nzk5L3Byb3ZpZGVycy9NaWNyb3NvZnQuU2VhcmNoL3NlYXJjaFNlcnZpY2VzL2F6cy00OTcwL2xpc3RBZG1pbktleXM/YXBpLXZlcnNpb249MjAxNS0wMi0yOA==",
      "RequestMethod": "POST",
      "RequestBody": "",
      "RequestHeaders": {
        "x-ms-client-request-id": [
          "eada341b-2a8c-4776-9bd3-1f16d50cf2a8"
        ],
        "accept-language": [
          "en-US"
        ],
        "User-Agent": [
          "Microsoft.Azure.Management.Search.SearchManagementClient/1.0.0.0"
        ]
      },
      "ResponseBody": "{\r\n  \"primaryKey\": \"757F68227835059FAE86E56BE6FCA13D\",\r\n  \"secondaryKey\": \"2C168491D0C542936EF2E530A54129AB\"\r\n}",
      "ResponseHeaders": {
        "Content-Length": [
          "99"
        ],
        "Content-Type": [
          "application/json; charset=utf-8"
        ],
        "Expires": [
          "-1"
        ],
        "Pragma": [
          "no-cache"
        ],
        "request-id": [
          "eada341b-2a8c-4776-9bd3-1f16d50cf2a8"
        ],
        "elapsed-time": [
          "335"
        ],
        "Strict-Transport-Security": [
          "max-age=31536000; includeSubDomains"
        ],
        "x-ms-ratelimit-remaining-subscription-writes": [
          "1196"
        ],
        "x-ms-request-id": [
          "ed7dd914-d6ef-4844-ae68-46e7b6e9d98a"
        ],
        "x-ms-correlation-request-id": [
          "ed7dd914-d6ef-4844-ae68-46e7b6e9d98a"
        ],
        "x-ms-routing-request-id": [
          "CENTRALUS:20160422T000620Z:ed7dd914-d6ef-4844-ae68-46e7b6e9d98a"
        ],
        "Cache-Control": [
          "no-cache"
        ],
        "Date": [
          "Fri, 22 Apr 2016 00:06:20 GMT"
        ],
        "X-AspNet-Version": [
          "4.0.30319"
        ]
      },
      "StatusCode": 200
    },
    {
      "RequestUri": "/subscriptions/b80cf239-2c72-47ab-b309-b26aec4656b1/resourceGroups/azsmnet5799/providers/Microsoft.Search/searchServices/azs-4970/listQueryKeys?api-version=2015-02-28",
      "EncodedRequestUri": "L3N1YnNjcmlwdGlvbnMvYjgwY2YyMzktMmM3Mi00N2FiLWIzMDktYjI2YWVjNDY1NmIxL3Jlc291cmNlR3JvdXBzL2F6c21uZXQ1Nzk5L3Byb3ZpZGVycy9NaWNyb3NvZnQuU2VhcmNoL3NlYXJjaFNlcnZpY2VzL2F6cy00OTcwL2xpc3RRdWVyeUtleXM/YXBpLXZlcnNpb249MjAxNS0wMi0yOA==",
      "RequestMethod": "GET",
      "RequestBody": "",
      "RequestHeaders": {
        "x-ms-client-request-id": [
          "ab6cc412-24fd-46b2-bf5b-64afd6f6e4ef"
        ],
        "accept-language": [
          "en-US"
        ],
        "User-Agent": [
          "Microsoft.Azure.Management.Search.SearchManagementClient/1.0.0.0"
        ]
      },
      "ResponseBody": "{\r\n  \"value\": [\r\n    {\r\n      \"name\": null,\r\n      \"key\": \"64C32DA8541F2FEA7547433B3116021F\"\r\n    }\r\n  ],\r\n  \"nextLink\": null\r\n}",
      "ResponseHeaders": {
        "Content-Length": [
          "82"
        ],
        "Content-Type": [
          "application/json; charset=utf-8"
        ],
        "Expires": [
          "-1"
        ],
        "Pragma": [
          "no-cache"
        ],
        "request-id": [
          "ab6cc412-24fd-46b2-bf5b-64afd6f6e4ef"
        ],
        "elapsed-time": [
          "1782"
        ],
        "Strict-Transport-Security": [
          "max-age=31536000; includeSubDomains"
        ],
        "x-ms-ratelimit-remaining-subscription-reads": [
          "14999"
        ],
        "x-ms-request-id": [
          "78a51a1c-f016-4603-aa49-7af902617238"
        ],
        "x-ms-correlation-request-id": [
          "78a51a1c-f016-4603-aa49-7af902617238"
        ],
        "x-ms-routing-request-id": [
          "CENTRALUS:20160422T000622Z:78a51a1c-f016-4603-aa49-7af902617238"
        ],
        "Cache-Control": [
          "no-cache"
        ],
        "Date": [
          "Fri, 22 Apr 2016 00:06:21 GMT"
        ],
        "X-AspNet-Version": [
          "4.0.30319"
        ]
      },
      "StatusCode": 200
    },
    {
      "RequestUri": "/indexes?api-version=2015-02-28-Preview",
      "EncodedRequestUri": "L2luZGV4ZXM/YXBpLXZlcnNpb249MjAxNS0wMi0yOC1QcmV2aWV3",
      "RequestMethod": "POST",
      "RequestBody": "{\r\n  \"name\": \"azsmnet6474\",\r\n  \"fields\": [\r\n    {\r\n      \"type\": \"Edm.String\",\r\n      \"name\": \"hotelId\",\r\n      \"key\": true,\r\n      \"searchable\": false,\r\n      \"filterable\": true,\r\n      \"sortable\": true,\r\n      \"facetable\": true,\r\n      \"retrievable\": true\r\n    },\r\n    {\r\n      \"type\": \"Edm.Double\",\r\n      \"name\": \"baseRate\",\r\n      \"key\": false,\r\n      \"searchable\": false,\r\n      \"filterable\": true,\r\n      \"sortable\": true,\r\n      \"facetable\": true,\r\n      \"retrievable\": true\r\n    },\r\n    {\r\n      \"type\": \"Edm.String\",\r\n      \"name\": \"description\",\r\n      \"key\": false,\r\n      \"searchable\": true,\r\n      \"filterable\": false,\r\n      \"sortable\": false,\r\n      \"facetable\": false,\r\n      \"retrievable\": true\r\n    },\r\n    {\r\n      \"type\": \"Edm.String\",\r\n      \"analyzer\": \"fr.lucene\",\r\n      \"name\": \"descriptionFr\",\r\n      \"key\": false,\r\n      \"searchable\": true,\r\n      \"filterable\": false,\r\n      \"sortable\": false,\r\n      \"facetable\": false,\r\n      \"retrievable\": true\r\n    },\r\n    {\r\n      \"type\": \"Edm.String\",\r\n      \"name\": \"hotelName\",\r\n      \"key\": false,\r\n      \"searchable\": true,\r\n      \"filterable\": true,\r\n      \"sortable\": true,\r\n      \"facetable\": true,\r\n      \"retrievable\": true\r\n    },\r\n    {\r\n      \"type\": \"Edm.String\",\r\n      \"name\": \"category\",\r\n      \"key\": false,\r\n      \"searchable\": true,\r\n      \"filterable\": true,\r\n      \"sortable\": true,\r\n      \"facetable\": true,\r\n      \"retrievable\": true\r\n    },\r\n    {\r\n      \"type\": \"Collection(Edm.String)\",\r\n      \"name\": \"tags\",\r\n      \"key\": false,\r\n      \"searchable\": true,\r\n      \"filterable\": true,\r\n      \"sortable\": false,\r\n      \"facetable\": true,\r\n      \"retrievable\": true\r\n    },\r\n    {\r\n      \"type\": \"Edm.Boolean\",\r\n      \"name\": \"parkingIncluded\",\r\n      \"key\": false,\r\n      \"searchable\": false,\r\n      \"filterable\": true,\r\n      \"sortable\": true,\r\n      \"facetable\": true,\r\n      \"retrievable\": true\r\n    },\r\n    {\r\n      \"type\": \"Edm.Boolean\",\r\n      \"name\": \"smokingAllowed\",\r\n      \"key\": false,\r\n      \"searchable\": false,\r\n      \"filterable\": true,\r\n      \"sortable\": true,\r\n      \"facetable\": true,\r\n      \"retrievable\": true\r\n    },\r\n    {\r\n      \"type\": \"Edm.DateTimeOffset\",\r\n      \"name\": \"lastRenovationDate\",\r\n      \"key\": false,\r\n      \"searchable\": false,\r\n      \"filterable\": true,\r\n      \"sortable\": true,\r\n      \"facetable\": true,\r\n      \"retrievable\": true\r\n    },\r\n    {\r\n      \"type\": \"Edm.Int32\",\r\n      \"name\": \"rating\",\r\n      \"key\": false,\r\n      \"searchable\": false,\r\n      \"filterable\": true,\r\n      \"sortable\": true,\r\n      \"facetable\": true,\r\n      \"retrievable\": true\r\n    },\r\n    {\r\n      \"type\": \"Edm.GeographyPoint\",\r\n      \"name\": \"location\",\r\n      \"key\": false,\r\n      \"searchable\": false,\r\n      \"filterable\": true,\r\n      \"sortable\": true,\r\n      \"facetable\": false,\r\n      \"retrievable\": true\r\n    }\r\n  ],\r\n  \"scoringProfiles\": [\r\n    {\r\n      \"name\": \"nearest\",\r\n      \"functions\": [\r\n        {\r\n          \"type\": \"distance\",\r\n          \"distance\": {\r\n            \"referencePointParameter\": \"myloc\",\r\n            \"boostingDistance\": 100.0\r\n          },\r\n          \"fieldName\": \"location\",\r\n          \"boost\": 2.0\r\n        }\r\n      ],\r\n      \"functionAggregation\": \"sum\"\r\n    }\r\n  ],\r\n  \"suggesters\": [\r\n    {\r\n      \"name\": \"sg\",\r\n      \"searchMode\": \"analyzingInfixMatching\",\r\n      \"sourceFields\": [\r\n        \"description\",\r\n        \"hotelName\"\r\n      ]\r\n    }\r\n  ]\r\n}",
      "RequestHeaders": {
        "Content-Type": [
          "application/json; charset=utf-8"
        ],
        "Content-Length": [
          "3401"
        ],
        "x-ms-client-request-id": [
          "8790066b-5212-4801-bd08-bd36267ce103"
        ],
        "accept-language": [
          "en-US"
        ],
        "api-key": [
          "757F68227835059FAE86E56BE6FCA13D"
        ],
        "Prefer": [
          "return=representation"
        ],
        "User-Agent": [
          "Microsoft.Azure.Search.SearchServiceClient/2.0.0.0"
        ]
      },
      "ResponseBody": "{\r\n  \"@odata.context\": \"https://azs-4970.search-dogfood.windows-int.net/$metadata#indexes/$entity\",\r\n  \"name\": \"azsmnet6474\",\r\n  \"fields\": [\r\n    {\r\n      \"name\": \"hotelId\",\r\n      \"type\": \"Edm.String\",\r\n      \"searchable\": false,\r\n      \"filterable\": true,\r\n      \"retrievable\": true,\r\n      \"sortable\": true,\r\n      \"facetable\": true,\r\n      \"key\": true,\r\n      \"indexAnalyzer\": null,\r\n      \"searchAnalyzer\": null,\r\n      \"analyzer\": null\r\n    },\r\n    {\r\n      \"name\": \"baseRate\",\r\n      \"type\": \"Edm.Double\",\r\n      \"searchable\": false,\r\n      \"filterable\": true,\r\n      \"retrievable\": true,\r\n      \"sortable\": true,\r\n      \"facetable\": true,\r\n      \"key\": false,\r\n      \"indexAnalyzer\": null,\r\n      \"searchAnalyzer\": null,\r\n      \"analyzer\": null\r\n    },\r\n    {\r\n      \"name\": \"description\",\r\n      \"type\": \"Edm.String\",\r\n      \"searchable\": true,\r\n      \"filterable\": false,\r\n      \"retrievable\": true,\r\n      \"sortable\": false,\r\n      \"facetable\": false,\r\n      \"key\": false,\r\n      \"indexAnalyzer\": null,\r\n      \"searchAnalyzer\": null,\r\n      \"analyzer\": null\r\n    },\r\n    {\r\n      \"name\": \"descriptionFr\",\r\n      \"type\": \"Edm.String\",\r\n      \"searchable\": true,\r\n      \"filterable\": false,\r\n      \"retrievable\": true,\r\n      \"sortable\": false,\r\n      \"facetable\": false,\r\n      \"key\": false,\r\n      \"indexAnalyzer\": null,\r\n      \"searchAnalyzer\": null,\r\n      \"analyzer\": \"fr.lucene\"\r\n    },\r\n    {\r\n      \"name\": \"hotelName\",\r\n      \"type\": \"Edm.String\",\r\n      \"searchable\": true,\r\n      \"filterable\": true,\r\n      \"retrievable\": true,\r\n      \"sortable\": true,\r\n      \"facetable\": true,\r\n      \"key\": false,\r\n      \"indexAnalyzer\": null,\r\n      \"searchAnalyzer\": null,\r\n      \"analyzer\": null\r\n    },\r\n    {\r\n      \"name\": \"category\",\r\n      \"type\": \"Edm.String\",\r\n      \"searchable\": true,\r\n      \"filterable\": true,\r\n      \"retrievable\": true,\r\n      \"sortable\": true,\r\n      \"facetable\": true,\r\n      \"key\": false,\r\n      \"indexAnalyzer\": null,\r\n      \"searchAnalyzer\": null,\r\n      \"analyzer\": null\r\n    },\r\n    {\r\n      \"name\": \"tags\",\r\n      \"type\": \"Collection(Edm.String)\",\r\n      \"searchable\": true,\r\n      \"filterable\": true,\r\n      \"retrievable\": true,\r\n      \"sortable\": false,\r\n      \"facetable\": true,\r\n      \"key\": false,\r\n      \"indexAnalyzer\": null,\r\n      \"searchAnalyzer\": null,\r\n      \"analyzer\": null\r\n    },\r\n    {\r\n      \"name\": \"parkingIncluded\",\r\n      \"type\": \"Edm.Boolean\",\r\n      \"searchable\": false,\r\n      \"filterable\": true,\r\n      \"retrievable\": true,\r\n      \"sortable\": true,\r\n      \"facetable\": true,\r\n      \"key\": false,\r\n      \"indexAnalyzer\": null,\r\n      \"searchAnalyzer\": null,\r\n      \"analyzer\": null\r\n    },\r\n    {\r\n      \"name\": \"smokingAllowed\",\r\n      \"type\": \"Edm.Boolean\",\r\n      \"searchable\": false,\r\n      \"filterable\": true,\r\n      \"retrievable\": true,\r\n      \"sortable\": true,\r\n      \"facetable\": true,\r\n      \"key\": false,\r\n      \"indexAnalyzer\": null,\r\n      \"searchAnalyzer\": null,\r\n      \"analyzer\": null\r\n    },\r\n    {\r\n      \"name\": \"lastRenovationDate\",\r\n      \"type\": \"Edm.DateTimeOffset\",\r\n      \"searchable\": false,\r\n      \"filterable\": true,\r\n      \"retrievable\": true,\r\n      \"sortable\": true,\r\n      \"facetable\": true,\r\n      \"key\": false,\r\n      \"indexAnalyzer\": null,\r\n      \"searchAnalyzer\": null,\r\n      \"analyzer\": null\r\n    },\r\n    {\r\n      \"name\": \"rating\",\r\n      \"type\": \"Edm.Int32\",\r\n      \"searchable\": false,\r\n      \"filterable\": true,\r\n      \"retrievable\": true,\r\n      \"sortable\": true,\r\n      \"facetable\": true,\r\n      \"key\": false,\r\n      \"indexAnalyzer\": null,\r\n      \"searchAnalyzer\": null,\r\n      \"analyzer\": null\r\n    },\r\n    {\r\n      \"name\": \"location\",\r\n      \"type\": \"Edm.GeographyPoint\",\r\n      \"searchable\": false,\r\n      \"filterable\": true,\r\n      \"retrievable\": true,\r\n      \"sortable\": true,\r\n      \"facetable\": false,\r\n      \"key\": false,\r\n      \"indexAnalyzer\": null,\r\n      \"searchAnalyzer\": null,\r\n      \"analyzer\": null\r\n    }\r\n  ],\r\n  \"scoringProfiles\": [\r\n    {\r\n      \"name\": \"nearest\",\r\n      \"text\": null,\r\n      \"functions\": [\r\n        {\r\n          \"fieldName\": \"location\",\r\n          \"freshness\": null,\r\n          \"interpolation\": \"linear\",\r\n          \"magnitude\": null,\r\n          \"distance\": {\r\n            \"referencePointParameter\": \"myloc\",\r\n            \"boostingDistance\": 100.0\r\n          },\r\n          \"tag\": null,\r\n          \"type\": \"distance\",\r\n          \"boost\": 2.0\r\n        }\r\n      ],\r\n      \"functionAggregation\": \"sum\"\r\n    }\r\n  ],\r\n  \"defaultScoringProfile\": null,\r\n  \"corsOptions\": null,\r\n  \"suggesters\": [\r\n    {\r\n      \"name\": \"sg\",\r\n      \"searchMode\": \"analyzingInfixMatching\",\r\n      \"sourceFields\": [\r\n        \"description\",\r\n        \"hotelName\"\r\n      ]\r\n    }\r\n  ],\r\n  \"analyzers\": [],\r\n  \"tokenizers\": [],\r\n  \"tokenFilters\": [],\r\n  \"charFilters\": []\r\n}",
      "ResponseHeaders": {
        "Content-Length": [
          "3103"
        ],
        "Content-Type": [
          "application/json; odata.metadata=minimal"
        ],
        "Expires": [
          "-1"
        ],
        "Pragma": [
          "no-cache"
        ],
        "request-id": [
          "8790066b-5212-4801-bd08-bd36267ce103"
        ],
        "elapsed-time": [
          "9988"
        ],
        "OData-Version": [
          "4.0"
        ],
        "Preference-Applied": [
          "odata.include-annotations=\"*\""
        ],
        "Strict-Transport-Security": [
          "max-age=15724800; includeSubDomains"
        ],
        "Cache-Control": [
          "no-cache"
        ],
        "Date": [
          "Fri, 22 Apr 2016 00:06:30 GMT"
        ],
        "ETag": [
          "W/\"0x8D36A41F62A66E8\""
        ],
        "Location": [
          "https://azs-4970.search-dogfood.windows-int.net/indexes('azsmnet6474')?api-version=2015-02-28-Preview"
        ]
      },
      "StatusCode": 201
    },
    {
      "RequestUri": "/indexes('azsmnet6474')/docs/search.index?api-version=2015-02-28-Preview",
      "EncodedRequestUri": "L2luZGV4ZXMoJ2F6c21uZXQ2NDc0JykvZG9jcy9zZWFyY2guaW5kZXg/YXBpLXZlcnNpb249MjAxNS0wMi0yOC1QcmV2aWV3",
      "RequestMethod": "POST",
      "RequestBody": "{\r\n  \"value\": [\r\n    {\r\n      \"@search.action\": \"upload\",\r\n      \"hotelId\": \"1\",\r\n      \"category\": \"Luxury\"\r\n    }\r\n  ]\r\n}",
      "RequestHeaders": {
        "Content-Type": [
          "application/json; charset=utf-8"
        ],
        "Content-Length": [
          "123"
        ],
        "accept-language": [
          "en-US"
        ],
        "Accept": [
          "application/json; odata.metadata=none"
        ],
        "api-key": [
          "757F68227835059FAE86E56BE6FCA13D"
        ],
        "Prefer": [
          "return=representation"
        ],
        "User-Agent": [
          "Microsoft.Azure.Search.SearchIndexClient/2.0.0.0"
        ]
      },
      "ResponseBody": "{\"value\":[{\"key\":\"1\",\"status\":true,\"errorMessage\":null,\"statusCode\":201}]}",
      "ResponseHeaders": {
        "Content-Length": [
          "74"
        ],
        "Content-Type": [
          "application/json; odata.metadata=none"
        ],
        "Expires": [
          "-1"
        ],
        "Pragma": [
          "no-cache"
        ],
        "request-id": [
          "20abeafe-5047-44d6-8a6b-bf150c5bc7bf"
        ],
        "elapsed-time": [
          "413"
        ],
        "OData-Version": [
          "4.0"
        ],
        "Preference-Applied": [
          "odata.include-annotations=\"*\""
        ],
        "Strict-Transport-Security": [
          "max-age=15724800; includeSubDomains"
        ],
        "Cache-Control": [
          "no-cache"
        ],
        "Date": [
          "Fri, 22 Apr 2016 00:06:52 GMT"
        ]
      },
      "StatusCode": 200
    },
    {
      "RequestUri": "/indexes('azsmnet6474')/docs/search.index?api-version=2015-02-28-Preview",
      "EncodedRequestUri": "L2luZGV4ZXMoJ2F6c21uZXQ2NDc0JykvZG9jcy9zZWFyY2guaW5kZXg/YXBpLXZlcnNpb249MjAxNS0wMi0yOC1QcmV2aWV3",
      "RequestMethod": "POST",
      "RequestBody": "{\r\n  \"value\": [\r\n    {\r\n      \"@search.action\": \"delete\",\r\n      \"hotelId\": \"1\",\r\n      \"category\": \"ignored\"\r\n    }\r\n  ]\r\n}",
      "RequestHeaders": {
        "Content-Type": [
          "application/json; charset=utf-8"
        ],
        "Content-Length": [
          "124"
        ],
        "accept-language": [
          "en-US"
        ],
        "Accept": [
          "application/json; odata.metadata=none"
        ],
        "api-key": [
          "757F68227835059FAE86E56BE6FCA13D"
        ],
        "Prefer": [
          "return=representation"
        ],
        "User-Agent": [
          "Microsoft.Azure.Search.SearchIndexClient/2.0.0.0"
        ]
      },
      "ResponseBody": "{\"value\":[{\"key\":\"1\",\"status\":true,\"errorMessage\":null,\"statusCode\":200}]}",
      "ResponseHeaders": {
        "Content-Length": [
          "74"
        ],
        "Content-Type": [
          "application/json; odata.metadata=none"
        ],
        "Expires": [
          "-1"
        ],
        "Pragma": [
          "no-cache"
        ],
        "request-id": [
          "02d0509a-aef4-4dc9-bf6d-c51af912b826"
        ],
        "elapsed-time": [
          "80"
        ],
        "OData-Version": [
          "4.0"
        ],
        "Preference-Applied": [
          "odata.include-annotations=\"*\""
        ],
        "Strict-Transport-Security": [
          "max-age=15724800; includeSubDomains"
        ],
        "Cache-Control": [
          "no-cache"
        ],
        "Date": [
          "Fri, 22 Apr 2016 00:06:54 GMT"
        ]
      },
      "StatusCode": 200
    },
    {
      "RequestUri": "/indexes('azsmnet6474')/docs/$count?api-version=2015-02-28-Preview",
      "EncodedRequestUri": "L2luZGV4ZXMoJ2F6c21uZXQ2NDc0JykvZG9jcy8kY291bnQ/YXBpLXZlcnNpb249MjAxNS0wMi0yOC1QcmV2aWV3",
      "RequestMethod": "GET",
      "RequestBody": "",
      "RequestHeaders": {
        "x-ms-client-request-id": [
          "9587c502-99a8-4a50-b50d-b3d87d4d5cda"
        ],
        "accept-language": [
          "en-US"
        ],
        "api-key": [
          "757F68227835059FAE86E56BE6FCA13D"
        ],
        "Prefer": [
          "return=representation"
        ],
        "User-Agent": [
          "Microsoft.Azure.Search.SearchIndexClient/2.0.0.0"
        ]
      },
      "ResponseBody": "1",
      "ResponseHeaders": {
        "Content-Length": [
          "4"
        ],
        "Content-Type": [
          "text/plain"
        ],
        "Expires": [
          "-1"
        ],
        "Pragma": [
          "no-cache"
        ],
        "request-id": [
          "9587c502-99a8-4a50-b50d-b3d87d4d5cda"
        ],
        "elapsed-time": [
          "129"
        ],
        "OData-Version": [
          "4.0"
        ],
        "Preference-Applied": [
          "odata.include-annotations=\"*\""
        ],
        "Strict-Transport-Security": [
          "max-age=15724800; includeSubDomains"
        ],
        "Cache-Control": [
          "no-cache"
        ],
        "Date": [
          "Fri, 22 Apr 2016 00:06:54 GMT"
        ]
      },
      "StatusCode": 200
    },
    {
      "RequestUri": "/indexes('azsmnet6474')/docs/$count?api-version=2015-02-28-Preview",
      "EncodedRequestUri": "L2luZGV4ZXMoJ2F6c21uZXQ2NDc0JykvZG9jcy8kY291bnQ/YXBpLXZlcnNpb249MjAxNS0wMi0yOC1QcmV2aWV3",
      "RequestMethod": "GET",
      "RequestBody": "",
      "RequestHeaders": {
        "x-ms-client-request-id": [
          "657c6f07-8f73-4a79-8b1a-6fb056baab26"
        ],
        "accept-language": [
          "en-US"
        ],
        "api-key": [
          "757F68227835059FAE86E56BE6FCA13D"
        ],
        "Prefer": [
          "return=representation"
        ],
        "User-Agent": [
          "Microsoft.Azure.Search.SearchIndexClient/2.0.0.0"
        ]
      },
      "ResponseBody": "0",
      "ResponseHeaders": {
        "Content-Length": [
          "4"
        ],
        "Content-Type": [
          "text/plain"
        ],
        "Expires": [
          "-1"
        ],
        "Pragma": [
          "no-cache"
        ],
        "request-id": [
          "657c6f07-8f73-4a79-8b1a-6fb056baab26"
        ],
        "elapsed-time": [
          "3"
        ],
        "OData-Version": [
          "4.0"
        ],
        "Preference-Applied": [
          "odata.include-annotations=\"*\""
        ],
        "Strict-Transport-Security": [
          "max-age=15724800; includeSubDomains"
        ],
        "Cache-Control": [
          "no-cache"
        ],
        "Date": [
          "Fri, 22 Apr 2016 00:06:57 GMT"
        ]
      },
      "StatusCode": 200
    },
    {
      "RequestUri": "/subscriptions/b80cf239-2c72-47ab-b309-b26aec4656b1/resourceGroups/azsmnet5799/providers/Microsoft.Search/searchServices/azs-4970?api-version=2015-02-28",
      "EncodedRequestUri": "L3N1YnNjcmlwdGlvbnMvYjgwY2YyMzktMmM3Mi00N2FiLWIzMDktYjI2YWVjNDY1NmIxL3Jlc291cmNlR3JvdXBzL2F6c21uZXQ1Nzk5L3Byb3ZpZGVycy9NaWNyb3NvZnQuU2VhcmNoL3NlYXJjaFNlcnZpY2VzL2F6cy00OTcwP2FwaS12ZXJzaW9uPTIwMTUtMDItMjg=",
      "RequestMethod": "DELETE",
      "RequestBody": "",
      "RequestHeaders": {
        "x-ms-client-request-id": [
          "ae992741-1fbd-47f3-885e-f45efd8246b6"
        ],
        "accept-language": [
          "en-US"
        ],
        "User-Agent": [
          "Microsoft.Azure.Management.Search.SearchManagementClient/1.0.0.0"
        ]
      },
      "ResponseBody": "",
      "ResponseHeaders": {
        "Content-Length": [
          "0"
        ],
        "Expires": [
          "-1"
        ],
        "Pragma": [
          "no-cache"
        ],
        "request-id": [
          "ae992741-1fbd-47f3-885e-f45efd8246b6"
        ],
        "elapsed-time": [
          "873"
        ],
        "Strict-Transport-Security": [
          "max-age=31536000; includeSubDomains"
        ],
        "x-ms-ratelimit-remaining-subscription-writes": [
          "1199"
        ],
        "x-ms-request-id": [
          "b85a206f-84e8-4956-a047-e7a4a42ce8e5"
        ],
        "x-ms-correlation-request-id": [
          "b85a206f-84e8-4956-a047-e7a4a42ce8e5"
        ],
        "x-ms-routing-request-id": [
          "CENTRALUS:20160422T000700Z:b85a206f-84e8-4956-a047-e7a4a42ce8e5"
        ],
        "Cache-Control": [
          "no-cache"
        ],
        "Date": [
          "Fri, 22 Apr 2016 00:07:00 GMT"
        ],
        "X-AspNet-Version": [
          "4.0.30319"
        ]
      },
      "StatusCode": 200
    }
  ],
  "Names": {
    "GenerateName": [
      "azsmnet5799",
      "azsmnet6474"
    ],
    "GenerateServiceName": [
      "azs-4970"
    ]
  },
  "Variables": {
    "SubscriptionId": "b80cf239-2c72-47ab-b309-b26aec4656b1"
  }
}