{
  "Entries": [
    {
      "RequestUri": "/subscriptions/2aa30309-3723-4112-bd0b-79e9f65fc52d/resourcegroups/res9920?api-version=2015-11-01",
      "EncodedRequestUri": "L3N1YnNjcmlwdGlvbnMvMmFhMzAzMDktMzcyMy00MTEyLWJkMGItNzllOWY2NWZjNTJkL3Jlc291cmNlZ3JvdXBzL3Jlczk5MjA/YXBpLXZlcnNpb249MjAxNS0xMS0wMQ==",
      "RequestMethod": "PUT",
      "RequestBody": "{\r\n  \"location\": \"eastasia\"\r\n}",
      "RequestHeaders": {
        "Content-Type": [
          "application/json; charset=utf-8"
        ],
        "Content-Length": [
          "30"
        ],
        "x-ms-client-request-id": [
          "df450318-2e11-4d7f-9167-5c62fda84b99"
        ],
        "accept-language": [
          "en-US"
        ],
        "User-Agent": [
          "FxVersion/4.6.24410.01",
          "Microsoft.Azure.Management.Resources.ResourceManagementClient/1.0.0-preview"
        ]
      },
      "ResponseBody": "{\r\n  \"id\": \"/subscriptions/2aa30309-3723-4112-bd0b-79e9f65fc52d/resourceGroups/res9920\",\r\n  \"name\": \"res9920\",\r\n  \"location\": \"eastasia\",\r\n  \"properties\": {\r\n    \"provisioningState\": \"Succeeded\"\r\n  }\r\n}",
      "ResponseHeaders": {
        "Content-Length": [
          "169"
        ],
        "Content-Type": [
          "application/json; charset=utf-8"
        ],
        "Expires": [
          "-1"
        ],
        "Cache-Control": [
          "no-cache"
        ],
        "Date": [
          "Tue, 22 Nov 2016 09:34:02 GMT"
        ],
        "Pragma": [
          "no-cache"
        ],
        "x-ms-ratelimit-remaining-subscription-writes": [
          "1181"
        ],
        "x-ms-request-id": [
          "1faa615e-57b1-41ef-8a65-11d8f17fcfdc"
        ],
        "x-ms-correlation-request-id": [
          "1faa615e-57b1-41ef-8a65-11d8f17fcfdc"
        ],
        "x-ms-routing-request-id": [
          "JAPANEAST:20161122T093403Z:1faa615e-57b1-41ef-8a65-11d8f17fcfdc"
        ],
        "Strict-Transport-Security": [
          "max-age=31536000; includeSubDomains"
        ]
      },
      "StatusCode": 201
    },
    {
      "RequestUri": "/subscriptions/2aa30309-3723-4112-bd0b-79e9f65fc52d/resourceGroups/res9920/providers/Microsoft.Storage/storageAccounts/sto7282?api-version=2016-05-01",
      "EncodedRequestUri": "L3N1YnNjcmlwdGlvbnMvMmFhMzAzMDktMzcyMy00MTEyLWJkMGItNzllOWY2NWZjNTJkL3Jlc291cmNlR3JvdXBzL3Jlczk5MjAvcHJvdmlkZXJzL01pY3Jvc29mdC5TdG9yYWdlL3N0b3JhZ2VBY2NvdW50cy9zdG83MjgyP2FwaS12ZXJzaW9uPTIwMTYtMDUtMDE=",
      "RequestMethod": "PUT",
      "RequestBody": "{\r\n  \"sku\": {\r\n    \"name\": \"Standard_GRS\"\r\n  },\r\n  \"kind\": \"Storage\",\r\n  \"location\": \"eastasia\",\r\n  \"tags\": {\r\n    \"key1\": \"value1\",\r\n    \"key2\": \"value2\"\r\n  }\r\n}",
      "RequestHeaders": {
        "Content-Type": [
          "application/json; charset=utf-8"
        ],
        "Content-Length": [
          "162"
        ],
        "x-ms-client-request-id": [
          "79d9bb6a-044f-47e1-8837-8d6d4cabba13"
        ],
        "accept-language": [
          "en-US"
        ],
        "User-Agent": [
          "FxVersion/4.6.24410.01",
          "Microsoft.Azure.Management.Storage.StorageManagementClient/6.0.0-preview"
        ]
      },
      "ResponseBody": "",
      "ResponseHeaders": {
        "Content-Length": [
          "0"
        ],
        "Expires": [
          "-1"
        ],
        "Cache-Control": [
          "no-cache"
        ],
        "Date": [
          "Tue, 22 Nov 2016 09:34:04 GMT"
        ],
        "Pragma": [
          "no-cache"
        ],
        "Location": [
          "https://management.azure.com/subscriptions/2aa30309-3723-4112-bd0b-79e9f65fc52d/providers/Microsoft.Storage/operations/d9ac2900-ed9d-4cff-9cfb-67122fd31337?monitor=true&api-version=2016-05-01"
        ],
        "Retry-After": [
          "17"
        ],
        "Server": [
          "Microsoft-Azure-Storage-Resource-Provider/1.0",
          "Microsoft-HTTPAPI/2.0"
        ],
        "x-ms-ratelimit-remaining-subscription-writes": [
          "1180"
        ],
        "x-ms-request-id": [
          "b0e41d7e-fa1d-43cb-acdb-63194d4ef1e6"
        ],
        "x-ms-correlation-request-id": [
          "b0e41d7e-fa1d-43cb-acdb-63194d4ef1e6"
        ],
        "x-ms-routing-request-id": [
          "JAPANEAST:20161122T093404Z:b0e41d7e-fa1d-43cb-acdb-63194d4ef1e6"
        ],
        "Strict-Transport-Security": [
          "max-age=31536000; includeSubDomains"
        ]
      },
      "StatusCode": 202
    },
    {
      "RequestUri": "/subscriptions/2aa30309-3723-4112-bd0b-79e9f65fc52d/providers/Microsoft.Storage/operations/d9ac2900-ed9d-4cff-9cfb-67122fd31337?monitor=true&api-version=2016-05-01",
      "EncodedRequestUri": "L3N1YnNjcmlwdGlvbnMvMmFhMzAzMDktMzcyMy00MTEyLWJkMGItNzllOWY2NWZjNTJkL3Byb3ZpZGVycy9NaWNyb3NvZnQuU3RvcmFnZS9vcGVyYXRpb25zL2Q5YWMyOTAwLWVkOWQtNGNmZi05Y2ZiLTY3MTIyZmQzMTMzNz9tb25pdG9yPXRydWUmYXBpLXZlcnNpb249MjAxNi0wNS0wMQ==",
      "RequestMethod": "GET",
      "RequestBody": "",
      "RequestHeaders": {
        "User-Agent": [
          "FxVersion/4.6.24410.01",
          "Microsoft.Azure.Management.Storage.StorageManagementClient/6.0.0-preview"
        ]
      },
      "ResponseBody": "{\r\n  \"id\": \"/subscriptions/2aa30309-3723-4112-bd0b-79e9f65fc52d/resourceGroups/res9920/providers/Microsoft.Storage/storageAccounts/sto7282\",\r\n  \"kind\": \"Storage\",\r\n  \"location\": \"eastasia\",\r\n  \"name\": \"sto7282\",\r\n  \"properties\": {\r\n    \"creationTime\": \"2016-11-22T09:34:04.790198Z\",\r\n    \"primaryEndpoints\": {\r\n      \"blob\": \"https://sto7282.blob.core.windows.net/\",\r\n      \"file\": \"https://sto7282.file.core.windows.net/\",\r\n      \"queue\": \"https://sto7282.queue.core.windows.net/\",\r\n      \"table\": \"https://sto7282.table.core.windows.net/\"\r\n    },\r\n    \"primaryLocation\": \"eastasia\",\r\n    \"provisioningState\": \"Succeeded\",\r\n    \"secondaryLocation\": \"southeastasia\",\r\n    \"statusOfPrimary\": \"available\",\r\n    \"statusOfSecondary\": \"available\"\r\n  },\r\n  \"sku\": {\r\n    \"name\": \"Standard_GRS\",\r\n    \"tier\": \"Standard\"\r\n  },\r\n  \"tags\": {\r\n    \"key1\": \"value1\",\r\n    \"key2\": \"value2\"\r\n  },\r\n  \"type\": \"Microsoft.Storage/storageAccounts\"\r\n}",
      "ResponseHeaders": {
        "Content-Type": [
          "application/json"
        ],
        "Expires": [
          "-1"
        ],
        "Cache-Control": [
          "no-cache"
        ],
        "Date": [
          "Tue, 22 Nov 2016 09:34:34 GMT"
        ],
        "Pragma": [
          "no-cache"
        ],
        "Transfer-Encoding": [
          "chunked"
        ],
        "Server": [
          "Microsoft-Azure-Storage-Resource-Provider/1.0",
          "Microsoft-HTTPAPI/2.0"
        ],
        "Vary": [
          "Accept-Encoding"
        ],
        "x-ms-request-id": [
          "adfcf085-c360-4f65-87bb-79f2b68fd900"
        ],
        "x-ms-ratelimit-remaining-subscription-reads": [
          "14989"
        ],
        "x-ms-correlation-request-id": [
          "adfcf085-c360-4f65-87bb-79f2b68fd900"
        ],
        "x-ms-routing-request-id": [
          "JAPANEAST:20161122T093435Z:adfcf085-c360-4f65-87bb-79f2b68fd900"
        ],
        "Strict-Transport-Security": [
          "max-age=31536000; includeSubDomains"
        ]
      },
      "StatusCode": 200
    },
    {
      "RequestUri": "/subscriptions/2aa30309-3723-4112-bd0b-79e9f65fc52d/resourceGroups/res9920/providers/Microsoft.Storage/storageAccounts/sto7282?api-version=2016-05-01",
      "EncodedRequestUri": "L3N1YnNjcmlwdGlvbnMvMmFhMzAzMDktMzcyMy00MTEyLWJkMGItNzllOWY2NWZjNTJkL3Jlc291cmNlR3JvdXBzL3Jlczk5MjAvcHJvdmlkZXJzL01pY3Jvc29mdC5TdG9yYWdlL3N0b3JhZ2VBY2NvdW50cy9zdG83MjgyP2FwaS12ZXJzaW9uPTIwMTYtMDUtMDE=",
      "RequestMethod": "PATCH",
      "RequestBody": "{\r\n  \"sku\": {\r\n    \"name\": \"Standard_LRS\"\r\n  }\r\n}",
      "RequestHeaders": {
        "Content-Type": [
          "application/json; charset=utf-8"
        ],
        "Content-Length": [
          "49"
        ],
        "x-ms-client-request-id": [
          "57e98608-c33e-4507-a03f-56ec606e1b1d"
        ],
        "accept-language": [
          "en-US"
        ],
        "User-Agent": [
          "FxVersion/4.6.24410.01",
          "Microsoft.Azure.Management.Storage.StorageManagementClient/6.0.0-preview"
        ]
      },
      "ResponseBody": "{\r\n  \"id\": \"/subscriptions/2aa30309-3723-4112-bd0b-79e9f65fc52d/resourceGroups/res9920/providers/Microsoft.Storage/storageAccounts/sto7282\",\r\n  \"kind\": \"Storage\",\r\n  \"location\": \"eastasia\",\r\n  \"name\": \"sto7282\",\r\n  \"properties\": {\r\n    \"creationTime\": \"2016-11-22T09:34:04.790198Z\",\r\n    \"primaryEndpoints\": {\r\n      \"blob\": \"https://sto7282.blob.core.windows.net/\",\r\n      \"file\": \"https://sto7282.file.core.windows.net/\",\r\n      \"queue\": \"https://sto7282.queue.core.windows.net/\",\r\n      \"table\": \"https://sto7282.table.core.windows.net/\"\r\n    },\r\n    \"primaryLocation\": \"eastasia\",\r\n    \"provisioningState\": \"Succeeded\",\r\n    \"statusOfPrimary\": \"available\"\r\n  },\r\n  \"sku\": {\r\n    \"name\": \"Standard_LRS\",\r\n    \"tier\": \"Standard\"\r\n  },\r\n  \"tags\": {\r\n    \"key1\": \"value1\",\r\n    \"key2\": \"value2\"\r\n  },\r\n  \"type\": \"Microsoft.Storage/storageAccounts\"\r\n}",
      "ResponseHeaders": {
        "Content-Type": [
          "application/json"
        ],
        "Expires": [
          "-1"
        ],
        "Cache-Control": [
          "no-cache"
        ],
        "Date": [
          "Tue, 22 Nov 2016 09:34:37 GMT"
        ],
        "Pragma": [
          "no-cache"
        ],
        "Transfer-Encoding": [
          "chunked"
        ],
        "Server": [
          "Microsoft-Azure-Storage-Resource-Provider/1.0",
          "Microsoft-HTTPAPI/2.0"
        ],
        "Vary": [
          "Accept-Encoding"
        ],
        "x-ms-request-id": [
          "2569a956-e6d8-4c93-a4c9-2e612707a199"
        ],
        "x-ms-ratelimit-remaining-subscription-writes": [
          "1179"
        ],
        "x-ms-correlation-request-id": [
          "2569a956-e6d8-4c93-a4c9-2e612707a199"
        ],
        "x-ms-routing-request-id": [
          "JAPANEAST:20161122T093438Z:2569a956-e6d8-4c93-a4c9-2e612707a199"
        ],
        "Strict-Transport-Security": [
          "max-age=31536000; includeSubDomains"
        ]
      },
      "StatusCode": 200
    },
    {
      "RequestUri": "/subscriptions/2aa30309-3723-4112-bd0b-79e9f65fc52d/resourceGroups/res9920/providers/Microsoft.Storage/storageAccounts/sto7282?api-version=2016-05-01",
      "EncodedRequestUri": "L3N1YnNjcmlwdGlvbnMvMmFhMzAzMDktMzcyMy00MTEyLWJkMGItNzllOWY2NWZjNTJkL3Jlc291cmNlR3JvdXBzL3Jlczk5MjAvcHJvdmlkZXJzL01pY3Jvc29mdC5TdG9yYWdlL3N0b3JhZ2VBY2NvdW50cy9zdG83MjgyP2FwaS12ZXJzaW9uPTIwMTYtMDUtMDE=",
      "RequestMethod": "PATCH",
      "RequestBody": "{\r\n  \"tags\": {\r\n    \"key3\": \"value3\",\r\n    \"key4\": \"value4\",\r\n    \"key5\": \"value6\"\r\n  }\r\n}",
      "RequestHeaders": {
        "Content-Type": [
          "application/json; charset=utf-8"
        ],
        "Content-Length": [
          "90"
        ],
        "x-ms-client-request-id": [
          "f1de3b92-54ab-46f1-8e1f-1671fbcbfc17"
        ],
        "accept-language": [
          "en-US"
        ],
        "User-Agent": [
          "FxVersion/4.6.24410.01",
          "Microsoft.Azure.Management.Storage.StorageManagementClient/6.0.0-preview"
        ]
      },
      "ResponseBody": "{\r\n  \"id\": \"/subscriptions/2aa30309-3723-4112-bd0b-79e9f65fc52d/resourceGroups/res9920/providers/Microsoft.Storage/storageAccounts/sto7282\",\r\n  \"kind\": \"Storage\",\r\n  \"location\": \"eastasia\",\r\n  \"name\": \"sto7282\",\r\n  \"properties\": {\r\n    \"creationTime\": \"2016-11-22T09:34:04.790198Z\",\r\n    \"primaryEndpoints\": {\r\n      \"blob\": \"https://sto7282.blob.core.windows.net/\",\r\n      \"file\": \"https://sto7282.file.core.windows.net/\",\r\n      \"queue\": \"https://sto7282.queue.core.windows.net/\",\r\n      \"table\": \"https://sto7282.table.core.windows.net/\"\r\n    },\r\n    \"primaryLocation\": \"eastasia\",\r\n    \"provisioningState\": \"Succeeded\",\r\n    \"statusOfPrimary\": \"available\"\r\n  },\r\n  \"sku\": {\r\n    \"name\": \"Standard_LRS\",\r\n    \"tier\": \"Standard\"\r\n  },\r\n  \"tags\": {\r\n    \"key3\": \"value3\",\r\n    \"key4\": \"value4\",\r\n    \"key5\": \"value6\"\r\n  },\r\n  \"type\": \"Microsoft.Storage/storageAccounts\"\r\n}",
      "ResponseHeaders": {
        "Content-Type": [
          "application/json"
        ],
        "Expires": [
          "-1"
        ],
        "Cache-Control": [
          "no-cache"
        ],
        "Date": [
          "Tue, 22 Nov 2016 09:34:39 GMT"
        ],
        "Pragma": [
          "no-cache"
        ],
        "Transfer-Encoding": [
          "chunked"
        ],
        "Server": [
          "Microsoft-Azure-Storage-Resource-Provider/1.0",
          "Microsoft-HTTPAPI/2.0"
        ],
        "Vary": [
          "Accept-Encoding"
        ],
        "x-ms-request-id": [
          "0db266d6-2f88-40c5-bacf-49a680f8c43f"
        ],
        "x-ms-ratelimit-remaining-subscription-writes": [
          "1178"
        ],
        "x-ms-correlation-request-id": [
          "0db266d6-2f88-40c5-bacf-49a680f8c43f"
        ],
        "x-ms-routing-request-id": [
          "JAPANEAST:20161122T093440Z:0db266d6-2f88-40c5-bacf-49a680f8c43f"
        ],
        "Strict-Transport-Security": [
          "max-age=31536000; includeSubDomains"
        ]
      },
      "StatusCode": 200
    },
    {
      "RequestUri": "/subscriptions/2aa30309-3723-4112-bd0b-79e9f65fc52d/resourceGroups/res9920/providers/Microsoft.Storage/storageAccounts/sto7282?api-version=2016-05-01",
      "EncodedRequestUri": "L3N1YnNjcmlwdGlvbnMvMmFhMzAzMDktMzcyMy00MTEyLWJkMGItNzllOWY2NWZjNTJkL3Jlc291cmNlR3JvdXBzL3Jlczk5MjAvcHJvdmlkZXJzL01pY3Jvc29mdC5TdG9yYWdlL3N0b3JhZ2VBY2NvdW50cy9zdG83MjgyP2FwaS12ZXJzaW9uPTIwMTYtMDUtMDE=",
      "RequestMethod": "PATCH",
      "RequestBody": "{\r\n  \"properties\": {\r\n    \"encryption\": {\r\n      \"services\": {\r\n        \"blob\": {\r\n          \"enabled\": true\r\n        }\r\n      },\r\n      \"keySource\": \"Microsoft.Storage\"\r\n    }\r\n  }\r\n}",
      "RequestHeaders": {
        "Content-Type": [
          "application/json; charset=utf-8"
        ],
        "Content-Length": [
          "184"
        ],
        "x-ms-client-request-id": [
          "394b093f-9510-47bd-9bf1-ae74efdfd952"
        ],
        "accept-language": [
          "en-US"
        ],
        "User-Agent": [
          "FxVersion/4.6.24410.01",
          "Microsoft.Azure.Management.Storage.StorageManagementClient/6.0.0-preview"
        ]
      },
      "ResponseBody": "{\r\n  \"id\": \"/subscriptions/2aa30309-3723-4112-bd0b-79e9f65fc52d/resourceGroups/res9920/providers/Microsoft.Storage/storageAccounts/sto7282\",\r\n  \"kind\": \"Storage\",\r\n  \"location\": \"eastasia\",\r\n  \"name\": \"sto7282\",\r\n  \"properties\": {\r\n    \"creationTime\": \"2016-11-22T09:34:04.790198Z\",\r\n    \"encryption\": {\r\n      \"keySource\": \"Microsoft.Storage\",\r\n      \"services\": {\r\n        \"blob\": {\r\n          \"enabled\": true,\r\n          \"lastEnabledTime\": \"2016-11-22T09:34:41.1649582Z\"\r\n        }\r\n      }\r\n    },\r\n    \"primaryEndpoints\": {\r\n      \"blob\": \"https://sto7282.blob.core.windows.net/\",\r\n      \"file\": \"https://sto7282.file.core.windows.net/\",\r\n      \"queue\": \"https://sto7282.queue.core.windows.net/\",\r\n      \"table\": \"https://sto7282.table.core.windows.net/\"\r\n    },\r\n    \"primaryLocation\": \"eastasia\",\r\n    \"provisioningState\": \"Succeeded\",\r\n    \"statusOfPrimary\": \"available\"\r\n  },\r\n  \"sku\": {\r\n    \"name\": \"Standard_LRS\",\r\n    \"tier\": \"Standard\"\r\n  },\r\n  \"tags\": {\r\n    \"key3\": \"value3\",\r\n    \"key4\": \"value4\",\r\n    \"key5\": \"value6\"\r\n  },\r\n  \"type\": \"Microsoft.Storage/storageAccounts\"\r\n}",
      "ResponseHeaders": {
        "Content-Type": [
          "application/json"
        ],
        "Expires": [
          "-1"
        ],
        "Cache-Control": [
          "no-cache"
        ],
        "Date": [
          "Tue, 22 Nov 2016 09:34:40 GMT"
        ],
        "Pragma": [
          "no-cache"
        ],
        "Transfer-Encoding": [
          "chunked"
        ],
        "Server": [
          "Microsoft-Azure-Storage-Resource-Provider/1.0",
          "Microsoft-HTTPAPI/2.0"
        ],
        "Vary": [
          "Accept-Encoding"
        ],
        "x-ms-request-id": [
          "1dd595f0-3c01-48ec-8150-b4e11fb6263a"
        ],
        "x-ms-ratelimit-remaining-subscription-writes": [
          "1177"
        ],
        "x-ms-correlation-request-id": [
          "1dd595f0-3c01-48ec-8150-b4e11fb6263a"
        ],
        "x-ms-routing-request-id": [
          "JAPANEAST:20161122T093441Z:1dd595f0-3c01-48ec-8150-b4e11fb6263a"
        ],
        "Strict-Transport-Security": [
          "max-age=31536000; includeSubDomains"
        ]
      },
      "StatusCode": 200
    },
    {
      "RequestUri": "/subscriptions/2aa30309-3723-4112-bd0b-79e9f65fc52d/resourceGroups/res9920/providers/Microsoft.Storage/storageAccounts/sto7282?api-version=2016-05-01",
      "EncodedRequestUri": "L3N1YnNjcmlwdGlvbnMvMmFhMzAzMDktMzcyMy00MTEyLWJkMGItNzllOWY2NWZjNTJkL3Jlc291cmNlR3JvdXBzL3Jlczk5MjAvcHJvdmlkZXJzL01pY3Jvc29mdC5TdG9yYWdlL3N0b3JhZ2VBY2NvdW50cy9zdG83MjgyP2FwaS12ZXJzaW9uPTIwMTYtMDUtMDE=",
      "RequestMethod": "PATCH",
      "RequestBody": "{\r\n  \"properties\": {\r\n    \"customDomain\": {\r\n      \"name\": \"foo.example.com\",\r\n      \"useSubDomain\": true\r\n    }\r\n  }\r\n}",
      "RequestHeaders": {
        "Content-Type": [
          "application/json; charset=utf-8"
        ],
        "Content-Length": [
          "120"
        ],
        "x-ms-client-request-id": [
          "d19d6ed2-e33b-4f5e-86ca-5a9b24cb221d"
        ],
        "accept-language": [
          "en-US"
        ],
        "User-Agent": [
          "FxVersion/4.6.24410.01",
          "Microsoft.Azure.Management.Storage.StorageManagementClient/6.0.0-preview"
        ]
      },
      "ResponseBody": "{\r\n  \"error\": {\r\n    \"code\": \"StorageDomainNameCouldNotVerify\",\r\n    \"message\": \"The custom domain name could not be verified. CNAME mapping from foo.example.com to sto7282.blob.core.windows.net does not exist.\"\r\n  }\r\n}",
      "ResponseHeaders": {
        "Content-Length": [
          "194"
        ],
        "Content-Type": [
          "application/json"
        ],
        "Expires": [
          "-1"
        ],
        "Cache-Control": [
          "no-cache"
        ],
        "Date": [
          "Tue, 22 Nov 2016 09:34:41 GMT"
        ],
        "Pragma": [
          "no-cache"
        ],
        "Server": [
          "Microsoft-Azure-Storage-Resource-Provider/1.0",
          "Microsoft-HTTPAPI/2.0"
        ],
        "x-ms-request-id": [
          "06f3c72f-1210-4bed-ab27-e200d7ac3d39"
        ],
        "x-ms-ratelimit-remaining-subscription-writes": [
          "1176"
        ],
        "x-ms-correlation-request-id": [
          "06f3c72f-1210-4bed-ab27-e200d7ac3d39"
        ],
        "x-ms-routing-request-id": [
          "JAPANEAST:20161122T093441Z:06f3c72f-1210-4bed-ab27-e200d7ac3d39"
        ],
        "Strict-Transport-Security": [
          "max-age=31536000; includeSubDomains"
        ]
      },
      "StatusCode": 409
    },
    {
      "RequestUri": "/subscriptions/2aa30309-3723-4112-bd0b-79e9f65fc52d/resourceGroups/res9920/providers/Microsoft.Storage/storageAccounts/sto7282?api-version=2016-05-01",
      "EncodedRequestUri": "L3N1YnNjcmlwdGlvbnMvMmFhMzAzMDktMzcyMy00MTEyLWJkMGItNzllOWY2NWZjNTJkL3Jlc291cmNlR3JvdXBzL3Jlczk5MjAvcHJvdmlkZXJzL01pY3Jvc29mdC5TdG9yYWdlL3N0b3JhZ2VBY2NvdW50cy9zdG83MjgyP2FwaS12ZXJzaW9uPTIwMTYtMDUtMDE=",
      "RequestMethod": "GET",
      "RequestBody": "",
      "RequestHeaders": {
        "x-ms-client-request-id": [
          "cd3d3d4e-0e01-4d95-bada-21f7d3c5db19"
        ],
        "accept-language": [
          "en-US"
        ],
        "User-Agent": [
          "FxVersion/4.6.24410.01",
          "Microsoft.Azure.Management.Storage.StorageManagementClient/6.0.0-preview"
        ]
      },
      "ResponseBody": "{\r\n  \"id\": \"/subscriptions/2aa30309-3723-4112-bd0b-79e9f65fc52d/resourceGroups/res9920/providers/Microsoft.Storage/storageAccounts/sto7282\",\r\n  \"kind\": \"Storage\",\r\n  \"location\": \"eastasia\",\r\n  \"name\": \"sto7282\",\r\n  \"properties\": {\r\n    \"creationTime\": \"2016-11-22T09:34:04.790198Z\",\r\n    \"primaryEndpoints\": {\r\n      \"blob\": \"https://sto7282.blob.core.windows.net/\",\r\n      \"file\": \"https://sto7282.file.core.windows.net/\",\r\n      \"queue\": \"https://sto7282.queue.core.windows.net/\",\r\n      \"table\": \"https://sto7282.table.core.windows.net/\"\r\n    },\r\n    \"primaryLocation\": \"eastasia\",\r\n    \"provisioningState\": \"Succeeded\",\r\n    \"statusOfPrimary\": \"available\"\r\n  },\r\n  \"sku\": {\r\n    \"name\": \"Standard_LRS\",\r\n    \"tier\": \"Standard\"\r\n  },\r\n  \"tags\": {\r\n    \"key1\": \"value1\",\r\n    \"key2\": \"value2\"\r\n  },\r\n  \"type\": \"Microsoft.Storage/storageAccounts\"\r\n}",
      "ResponseHeaders": {
        "Content-Type": [
          "application/json"
        ],
        "Expires": [
          "-1"
        ],
        "Cache-Control": [
          "no-cache"
        ],
        "Date": [
          "Tue, 22 Nov 2016 09:34:38 GMT"
        ],
        "Pragma": [
          "no-cache"
        ],
        "Transfer-Encoding": [
          "chunked"
        ],
        "Server": [
          "Microsoft-Azure-Storage-Resource-Provider/1.0",
          "Microsoft-HTTPAPI/2.0"
        ],
        "Vary": [
          "Accept-Encoding"
        ],
        "x-ms-request-id": [
          "bb9d2a28-677d-4045-a859-5e3e68ea27bc"
        ],
        "x-ms-ratelimit-remaining-subscription-reads": [
          "14988"
        ],
        "x-ms-correlation-request-id": [
          "bb9d2a28-677d-4045-a859-5e3e68ea27bc"
        ],
        "x-ms-routing-request-id": [
          "JAPANEAST:20161122T093438Z:bb9d2a28-677d-4045-a859-5e3e68ea27bc"
        ],
        "Strict-Transport-Security": [
          "max-age=31536000; includeSubDomains"
        ]
      },
      "StatusCode": 200
    },
    {
      "RequestUri": "/subscriptions/2aa30309-3723-4112-bd0b-79e9f65fc52d/resourceGroups/res9920/providers/Microsoft.Storage/storageAccounts/sto7282?api-version=2016-05-01",
      "EncodedRequestUri": "L3N1YnNjcmlwdGlvbnMvMmFhMzAzMDktMzcyMy00MTEyLWJkMGItNzllOWY2NWZjNTJkL3Jlc291cmNlR3JvdXBzL3Jlczk5MjAvcHJvdmlkZXJzL01pY3Jvc29mdC5TdG9yYWdlL3N0b3JhZ2VBY2NvdW50cy9zdG83MjgyP2FwaS12ZXJzaW9uPTIwMTYtMDUtMDE=",
      "RequestMethod": "GET",
      "RequestBody": "",
      "RequestHeaders": {
        "x-ms-client-request-id": [
          "5c34eff1-b8a8-434d-8bde-515f7700544d"
        ],
        "accept-language": [
          "en-US"
        ],
        "User-Agent": [
          "FxVersion/4.6.24410.01",
          "Microsoft.Azure.Management.Storage.StorageManagementClient/6.0.0-preview"
        ]
      },
      "ResponseBody": "{\r\n  \"id\": \"/subscriptions/2aa30309-3723-4112-bd0b-79e9f65fc52d/resourceGroups/res9920/providers/Microsoft.Storage/storageAccounts/sto7282\",\r\n  \"kind\": \"Storage\",\r\n  \"location\": \"eastasia\",\r\n  \"name\": \"sto7282\",\r\n  \"properties\": {\r\n    \"creationTime\": \"2016-11-22T09:34:04.790198Z\",\r\n    \"primaryEndpoints\": {\r\n      \"blob\": \"https://sto7282.blob.core.windows.net/\",\r\n      \"file\": \"https://sto7282.file.core.windows.net/\",\r\n      \"queue\": \"https://sto7282.queue.core.windows.net/\",\r\n      \"table\": \"https://sto7282.table.core.windows.net/\"\r\n    },\r\n    \"primaryLocation\": \"eastasia\",\r\n    \"provisioningState\": \"Succeeded\",\r\n    \"statusOfPrimary\": \"available\"\r\n  },\r\n  \"sku\": {\r\n    \"name\": \"Standard_LRS\",\r\n    \"tier\": \"Standard\"\r\n  },\r\n  \"tags\": {\r\n    \"key3\": \"value3\",\r\n    \"key4\": \"value4\",\r\n    \"key5\": \"value6\"\r\n  },\r\n  \"type\": \"Microsoft.Storage/storageAccounts\"\r\n}",
      "ResponseHeaders": {
        "Content-Type": [
          "application/json"
        ],
        "Expires": [
          "-1"
        ],
        "Cache-Control": [
          "no-cache"
        ],
        "Date": [
          "Tue, 22 Nov 2016 09:34:39 GMT"
        ],
        "Pragma": [
          "no-cache"
        ],
        "Transfer-Encoding": [
          "chunked"
        ],
        "Server": [
          "Microsoft-Azure-Storage-Resource-Provider/1.0",
          "Microsoft-HTTPAPI/2.0"
        ],
        "Vary": [
          "Accept-Encoding"
        ],
        "x-ms-request-id": [
          "3f6371af-f930-4867-8f48-53adc316570d"
        ],
        "x-ms-ratelimit-remaining-subscription-reads": [
          "14987"
        ],
        "x-ms-correlation-request-id": [
          "3f6371af-f930-4867-8f48-53adc316570d"
        ],
        "x-ms-routing-request-id": [
          "JAPANEAST:20161122T093440Z:3f6371af-f930-4867-8f48-53adc316570d"
        ],
        "Strict-Transport-Security": [
          "max-age=31536000; includeSubDomains"
        ]
      },
      "StatusCode": 200
    },
    {
      "RequestUri": "/subscriptions/2aa30309-3723-4112-bd0b-79e9f65fc52d/resourceGroups/res9920/providers/Microsoft.Storage/storageAccounts/sto7282?api-version=2016-05-01",
      "EncodedRequestUri": "L3N1YnNjcmlwdGlvbnMvMmFhMzAzMDktMzcyMy00MTEyLWJkMGItNzllOWY2NWZjNTJkL3Jlc291cmNlR3JvdXBzL3Jlczk5MjAvcHJvdmlkZXJzL01pY3Jvc29mdC5TdG9yYWdlL3N0b3JhZ2VBY2NvdW50cy9zdG83MjgyP2FwaS12ZXJzaW9uPTIwMTYtMDUtMDE=",
      "RequestMethod": "GET",
      "RequestBody": "",
      "RequestHeaders": {
        "x-ms-client-request-id": [
          "16a19438-ffd7-4efe-b4d1-cec8607cda68"
        ],
        "accept-language": [
          "en-US"
        ],
        "User-Agent": [
          "FxVersion/4.6.24410.01",
          "Microsoft.Azure.Management.Storage.StorageManagementClient/6.0.0-preview"
        ]
      },
      "ResponseBody": "{\r\n  \"id\": \"/subscriptions/2aa30309-3723-4112-bd0b-79e9f65fc52d/resourceGroups/res9920/providers/Microsoft.Storage/storageAccounts/sto7282\",\r\n  \"kind\": \"Storage\",\r\n  \"location\": \"eastasia\",\r\n  \"name\": \"sto7282\",\r\n  \"properties\": {\r\n    \"creationTime\": \"2016-11-22T09:34:04.790198Z\",\r\n    \"encryption\": {\r\n      \"keySource\": \"Microsoft.Storage\",\r\n      \"services\": {\r\n        \"blob\": {\r\n          \"enabled\": true,\r\n          \"lastEnabledTime\": \"2016-11-22T09:34:41.1649582Z\"\r\n        }\r\n      }\r\n    },\r\n    \"primaryEndpoints\": {\r\n      \"blob\": \"https://sto7282.blob.core.windows.net/\",\r\n      \"file\": \"https://sto7282.file.core.windows.net/\",\r\n      \"queue\": \"https://sto7282.queue.core.windows.net/\",\r\n      \"table\": \"https://sto7282.table.core.windows.net/\"\r\n    },\r\n    \"primaryLocation\": \"eastasia\",\r\n    \"provisioningState\": \"Succeeded\",\r\n    \"statusOfPrimary\": \"available\"\r\n  },\r\n  \"sku\": {\r\n    \"name\": \"Standard_LRS\",\r\n    \"tier\": \"Standard\"\r\n  },\r\n  \"tags\": {\r\n    \"key3\": \"value3\",\r\n    \"key4\": \"value4\",\r\n    \"key5\": \"value6\"\r\n  },\r\n  \"type\": \"Microsoft.Storage/storageAccounts\"\r\n}",
      "ResponseHeaders": {
        "Content-Type": [
          "application/json"
        ],
        "Expires": [
          "-1"
        ],
        "Cache-Control": [
          "no-cache"
        ],
        "Date": [
          "Tue, 22 Nov 2016 09:34:40 GMT"
        ],
        "Pragma": [
          "no-cache"
        ],
        "Transfer-Encoding": [
          "chunked"
        ],
        "Server": [
          "Microsoft-Azure-Storage-Resource-Provider/1.0",
          "Microsoft-HTTPAPI/2.0"
        ],
        "Vary": [
          "Accept-Encoding"
        ],
        "x-ms-request-id": [
          "e5687d4a-a5b5-4d13-a54f-6301e5181dda"
        ],
        "x-ms-ratelimit-remaining-subscription-reads": [
          "14986"
        ],
        "x-ms-correlation-request-id": [
          "e5687d4a-a5b5-4d13-a54f-6301e5181dda"
        ],
        "x-ms-routing-request-id": [
          "JAPANEAST:20161122T093441Z:e5687d4a-a5b5-4d13-a54f-6301e5181dda"
        ],
        "Strict-Transport-Security": [
          "max-age=31536000; includeSubDomains"
        ]
      },
      "StatusCode": 200
    }
  ],
  "Names": {
    "CreateResourceGroup": [
      "res9920"
    ],
    "CreateStorageAccount": [
      "sto7282"
    ]
  },
  "Variables": {
    "SubscriptionId": "2aa30309-3723-4112-bd0b-79e9f65fc52d"
  }
}