{
  "Entries": [
    {
      "RequestUri": "/subscriptions/26d6d535-5164-443d-82f6-4c695caf7688/resourcegroups/hdi6409?api-version=2014-04-01-preview",
      "EncodedRequestUri": "L3N1YnNjcmlwdGlvbnMvMjZkNmQ1MzUtNTE2NC00NDNkLTgyZjYtNGM2OTVjYWY3Njg4L3Jlc291cmNlZ3JvdXBzL2hkaTY0MDk/YXBpLXZlcnNpb249MjAxNC0wNC0wMS1wcmV2aWV3",
      "RequestMethod": "PUT",
      "RequestBody": "{\r\n  \"location\": \"West US\"\r\n}",
      "RequestHeaders": {
        "Content-Type": [
          "application/json; charset=utf-8"
        ],
        "Content-Length": [
          "29"
        ],
        "User-Agent": [
          "Microsoft.Azure.Management.Resources.ResourceManagementClient/2.0.0.0"
        ]
      },
      "ResponseBody": "{\r\n  \"id\": \"/subscriptions/26d6d535-5164-443d-82f6-4c695caf7688/resourceGroups/hdi6409\",\r\n  \"name\": \"hdi6409\",\r\n  \"location\": \"westus\",\r\n  \"properties\": {\r\n    \"provisioningState\": \"Succeeded\"\r\n  }\r\n}",
      "ResponseHeaders": {
        "Content-Length": [
          "167"
        ],
        "Content-Type": [
          "application/json; charset=utf-8"
        ],
        "Expires": [
          "-1"
        ],
        "Pragma": [
          "no-cache"
        ],
        "x-ms-ratelimit-remaining-subscription-writes": [
          "1199"
        ],
        "x-ms-request-id": [
          "de2b6e36-f439-4913-80a1-c50bb9baf198"
        ],
        "x-ms-correlation-request-id": [
          "de2b6e36-f439-4913-80a1-c50bb9baf198"
        ],
        "x-ms-routing-request-id": [
          "WESTUS2:20160925T042509Z:de2b6e36-f439-4913-80a1-c50bb9baf198"
        ],
        "Strict-Transport-Security": [
          "max-age=31536000; includeSubDomains"
        ],
        "Cache-Control": [
          "no-cache"
        ],
        "Date": [
          "Sun, 25 Sep 2016 04:25:09 GMT"
        ]
      },
      "StatusCode": 201
    },
    {
      "RequestUri": "/subscriptions/26d6d535-5164-443d-82f6-4c695caf7688/resourceGroups/hdi6409/providers/Microsoft.HDInsight/clusters/hdisdk-iaasclusternew?api-version=2015-03-01-preview",
      "EncodedRequestUri": "L3N1YnNjcmlwdGlvbnMvMjZkNmQ1MzUtNTE2NC00NDNkLTgyZjYtNGM2OTVjYWY3Njg4L3Jlc291cmNlR3JvdXBzL2hkaTY0MDkvcHJvdmlkZXJzL01pY3Jvc29mdC5IREluc2lnaHQvY2x1c3RlcnMvaGRpc2RrLWlhYXNjbHVzdGVybmV3P2FwaS12ZXJzaW9uPTIwMTUtMDMtMDEtcHJldmlldw==",
      "RequestMethod": "PUT",
      "RequestBody": "{\r\n  \"location\": \"East US\",\r\n  \"properties\": {\r\n    \"clusterVersion\": \"3.2\",\r\n    \"osType\": \"Linux\",\r\n    \"tier\": \"Standard\",\r\n    \"clusterDefinition\": {\r\n      \"kind\": \"Hadoop\",\r\n      \"configurations\": {\r\n        \"core-site\": {\r\n          \"fs.defaultFS\": \"wasb://riyersparksdk@riyerstorageeastus.blob.core.windows.net\",\r\n          \"fs.azure.account.key.riyerstorageeastus.blob.core.windows.net\": \"PB2XAT+IejCpSfkj59rHZpjo0bCtWvfHK4BIpGqOpGZI3XuF6FJ1EyUgLjwltP1MJEwa8z6vzZLp8Jv+5c7Z4Q==\"\r\n        },\r\n        \"gateway\": {\r\n          \"restAuthCredential.isEnabled\": \"true\",\r\n          \"restAuthCredential.username\": \"admin\",\r\n          \"restAuthCredential.password\": \"Password1!\"\r\n        }\r\n      }\r\n    },\r\n    \"computeProfile\": {\r\n      \"roles\": [\r\n        {\r\n          \"name\": \"headnode\",\r\n          \"targetInstanceCount\": 2,\r\n          \"hardwareProfile\": {\r\n            \"vmSize\": \"Standard_D3\"\r\n          },\r\n          \"osProfile\": {\r\n            \"linuxOperatingSystemProfile\": {\r\n              \"username\": \"hdiuser\",\r\n              \"password\": \"Password1!\"\r\n            }\r\n          }\r\n        },\r\n        {\r\n          \"name\": \"workernode\",\r\n          \"targetInstanceCount\": 3,\r\n          \"hardwareProfile\": {\r\n            \"vmSize\": \"Large\"\r\n          },\r\n          \"osProfile\": {\r\n            \"linuxOperatingSystemProfile\": {\r\n              \"username\": \"hdiuser\",\r\n              \"password\": \"Password1!\"\r\n            }\r\n          }\r\n        },\r\n        {\r\n          \"name\": \"zookeepernode\",\r\n          \"targetInstanceCount\": 3,\r\n          \"hardwareProfile\": {\r\n            \"vmSize\": \"Small\"\r\n          },\r\n          \"osProfile\": {\r\n            \"linuxOperatingSystemProfile\": {\r\n              \"username\": \"hdiuser\",\r\n              \"password\": \"Password1!\"\r\n            }\r\n          }\r\n        }\r\n      ]\r\n    }\r\n  }\r\n}",
      "RequestHeaders": {
        "Content-Type": [
          "application/json"
        ],
        "Content-Length": [
          "1824"
        ],
        "User-Agent": [
          "ARM",
          "SDK",
          "v1.0.12-preview"
        ]
      },
      "ResponseBody": "{\r\n  \"id\": \"/subscriptions/26d6d535-5164-443d-82f6-4c695caf7688/resourceGroups/hdi6409/providers/Microsoft.HDInsight/clusters/hdisdk-iaasclusternew\",\r\n  \"name\": \"hdisdk-iaasclusternew\",\r\n  \"type\": \"Microsoft.HDInsight/clusters\",\r\n  \"location\": \"East US\",\r\n  \"etag\": \"7637b993-3521-4e93-90b4-8a7bae29c848\",\r\n  \"tags\": null,\r\n  \"properties\": {\r\n    \"clusterVersion\": \"3.2.1000.0\",\r\n    \"osType\": \"Linux\",\r\n    \"clusterDefinition\": {\r\n      \"blueprint\": \"https://blueprints.azurehdinsight.net/hadoop-3.2.1000.0.8350539.json\",\r\n      \"kind\": \"Hadoop\"\r\n    },\r\n    \"computeProfile\": {\r\n      \"roles\": [\r\n        {\r\n          \"name\": \"headnode\",\r\n          \"targetInstanceCount\": 2,\r\n          \"hardwareProfile\": {\r\n            \"vmSize\": \"Standard_D3\"\r\n          },\r\n          \"osProfile\": {\r\n            \"linuxOperatingSystemProfile\": {\r\n              \"username\": \"hdiuser\"\r\n            }\r\n          }\r\n        },\r\n        {\r\n          \"name\": \"workernode\",\r\n          \"targetInstanceCount\": 3,\r\n          \"hardwareProfile\": {\r\n            \"vmSize\": \"Large\"\r\n          },\r\n          \"osProfile\": {\r\n            \"linuxOperatingSystemProfile\": {\r\n              \"username\": \"hdiuser\"\r\n            }\r\n          }\r\n        },\r\n        {\r\n          \"name\": \"zookeepernode\",\r\n          \"targetInstanceCount\": 3,\r\n          \"hardwareProfile\": {\r\n            \"vmSize\": \"Medium\"\r\n          },\r\n          \"osProfile\": {\r\n            \"linuxOperatingSystemProfile\": {\r\n              \"username\": \"hdiuser\"\r\n            }\r\n          }\r\n        }\r\n      ]\r\n    },\r\n    \"provisioningState\": \"InProgress\",\r\n    \"clusterState\": \"Accepted\",\r\n    \"createdDate\": \"2016-09-25T04:25:19.65\",\r\n    \"quotaInfo\": {\r\n      \"coresUsed\": 20\r\n    },\r\n    \"tier\": \"standard\"\r\n  }\r\n}",
      "ResponseHeaders": {
        "Content-Length": [
          "1107"
        ],
        "Content-Type": [
          "application/json; charset=utf-8"
        ],
        "Expires": [
          "-1"
        ],
        "Pragma": [
          "no-cache"
        ],
        "x-ms-hdi-clusteruri": [
          "https://management.azure.com/subscriptions/26d6d535-5164-443d-82f6-4c695caf7688/resourceGroups/hdi6409/providers/Microsoft.HDInsight/clusters/hdisdk-iaasclusternew?api-version=2015-03-01-preview"
        ],
        "Azure-AsyncOperation": [
          "https://management.azure.com:443/subscriptions/26d6d535-5164-443d-82f6-4c695caf7688/resourceGroups/hdi6409/providers/Microsoft.HDInsight/clusters/hdisdk-iaasclusternew/azureasyncoperations/create?api-version=2015-03-01-preview"
        ],
        "x-ms-request-id": [
          "5d9ca87f-675d-49e0-88db-ec55247dd76f"
        ],
        "x-ms-ratelimit-remaining-subscription-writes": [
          "1198"
        ],
        "x-ms-correlation-request-id": [
          "063dcaca-8168-4df2-829b-7dcd174bd445"
        ],
        "x-ms-routing-request-id": [
          "WESTUS2:20160925T042520Z:063dcaca-8168-4df2-829b-7dcd174bd445"
        ],
        "Strict-Transport-Security": [
          "max-age=31536000; includeSubDomains"
        ],
        "Cache-Control": [
          "no-cache"
        ],
        "Date": [
          "Sun, 25 Sep 2016 04:25:20 GMT"
        ],
        "ETag": [
          "\"7637b993-3521-4e93-90b4-8a7bae29c848\""
        ],
        "Server": [
          "Microsoft-IIS/8.5"
        ],
        "X-Powered-By": [
          "ASP.NET"
        ]
      },
      "StatusCode": 200
    },
    {
      "RequestUri": "/subscriptions/26d6d535-5164-443d-82f6-4c695caf7688/resourceGroups/hdi6409/providers/Microsoft.HDInsight/clusters/hdisdk-iaasclusternew?api-version=2015-03-01-preview",
      "EncodedRequestUri": "L3N1YnNjcmlwdGlvbnMvMjZkNmQ1MzUtNTE2NC00NDNkLTgyZjYtNGM2OTVjYWY3Njg4L3Jlc291cmNlR3JvdXBzL2hkaTY0MDkvcHJvdmlkZXJzL01pY3Jvc29mdC5IREluc2lnaHQvY2x1c3RlcnMvaGRpc2RrLWlhYXNjbHVzdGVybmV3P2FwaS12ZXJzaW9uPTIwMTUtMDMtMDEtcHJldmlldw==",
      "RequestMethod": "GET",
      "RequestBody": "",
      "RequestHeaders": {
        "User-Agent": [
          "ARM",
          "SDK",
          "v1.0.12-preview"
        ]
      },
      "ResponseBody": "{\r\n  \"id\": \"/subscriptions/26d6d535-5164-443d-82f6-4c695caf7688/resourceGroups/hdi6409/providers/Microsoft.HDInsight/clusters/hdisdk-iaasclusternew\",\r\n  \"name\": \"hdisdk-iaasclusternew\",\r\n  \"type\": \"Microsoft.HDInsight/clusters\",\r\n  \"location\": \"East US\",\r\n  \"etag\": \"7637b993-3521-4e93-90b4-8a7bae29c848\",\r\n  \"tags\": null,\r\n  \"properties\": {\r\n    \"clusterVersion\": \"3.2.1000.0\",\r\n    \"osType\": \"Linux\",\r\n    \"clusterDefinition\": {\r\n      \"blueprint\": \"https://blueprints.azurehdinsight.net/hadoop-3.2.1000.0.8350539.json\",\r\n      \"kind\": \"Hadoop\"\r\n    },\r\n    \"computeProfile\": {\r\n      \"roles\": [\r\n        {\r\n          \"name\": \"headnode\",\r\n          \"targetInstanceCount\": 2,\r\n          \"hardwareProfile\": {\r\n            \"vmSize\": \"Standard_D3\"\r\n          },\r\n          \"osProfile\": {\r\n            \"linuxOperatingSystemProfile\": {\r\n              \"username\": \"hdiuser\"\r\n            }\r\n          }\r\n        },\r\n        {\r\n          \"name\": \"workernode\",\r\n          \"targetInstanceCount\": 3,\r\n          \"hardwareProfile\": {\r\n            \"vmSize\": \"Large\"\r\n          },\r\n          \"osProfile\": {\r\n            \"linuxOperatingSystemProfile\": {\r\n              \"username\": \"hdiuser\"\r\n            }\r\n          }\r\n        },\r\n        {\r\n          \"name\": \"zookeepernode\",\r\n          \"targetInstanceCount\": 3,\r\n          \"hardwareProfile\": {\r\n            \"vmSize\": \"Medium\"\r\n          },\r\n          \"osProfile\": {\r\n            \"linuxOperatingSystemProfile\": {\r\n              \"username\": \"hdiuser\"\r\n            }\r\n          }\r\n        }\r\n      ]\r\n    },\r\n    \"provisioningState\": \"InProgress\",\r\n    \"clusterState\": \"Accepted\",\r\n    \"createdDate\": \"2016-09-25T04:25:19.65\",\r\n    \"quotaInfo\": {\r\n      \"coresUsed\": 20\r\n    },\r\n    \"tier\": \"standard\"\r\n  }\r\n}",
      "ResponseHeaders": {
        "Content-Length": [
          "1107"
        ],
        "Content-Type": [
          "application/json; charset=utf-8"
        ],
        "Expires": [
          "-1"
        ],
        "Pragma": [
          "no-cache"
        ],
        "x-ms-request-id": [
          "d72cd815-b6e0-492c-8b4a-031fd2650738"
        ],
        "x-ms-ratelimit-remaining-subscription-reads": [
          "14910"
        ],
        "x-ms-correlation-request-id": [
          "839a2193-1135-4269-aa71-145a9bc0b103"
        ],
        "x-ms-routing-request-id": [
          "WESTUS2:20160925T042521Z:839a2193-1135-4269-aa71-145a9bc0b103"
        ],
        "Strict-Transport-Security": [
          "max-age=31536000; includeSubDomains"
        ],
        "Cache-Control": [
          "no-cache"
        ],
        "Date": [
          "Sun, 25 Sep 2016 04:25:20 GMT"
        ],
        "Server": [
          "Microsoft-IIS/8.5"
        ],
        "X-Powered-By": [
          "ASP.NET"
        ]
      },
      "StatusCode": 200
    },
    {
      "RequestUri": "/subscriptions/26d6d535-5164-443d-82f6-4c695caf7688/resourceGroups/hdi6409/providers/Microsoft.HDInsight/clusters/hdisdk-iaasclusternew?api-version=2015-03-01-preview",
      "EncodedRequestUri": "L3N1YnNjcmlwdGlvbnMvMjZkNmQ1MzUtNTE2NC00NDNkLTgyZjYtNGM2OTVjYWY3Njg4L3Jlc291cmNlR3JvdXBzL2hkaTY0MDkvcHJvdmlkZXJzL01pY3Jvc29mdC5IREluc2lnaHQvY2x1c3RlcnMvaGRpc2RrLWlhYXNjbHVzdGVybmV3P2FwaS12ZXJzaW9uPTIwMTUtMDMtMDEtcHJldmlldw==",
      "RequestMethod": "GET",
      "RequestBody": "",
      "RequestHeaders": {
        "User-Agent": [
          "ARM",
          "SDK",
          "v1.0.12-preview"
        ]
      },
      "ResponseBody": "{\r\n  \"id\": \"/subscriptions/26d6d535-5164-443d-82f6-4c695caf7688/resourceGroups/hdi6409/providers/Microsoft.HDInsight/clusters/hdisdk-iaasclusternew\",\r\n  \"name\": \"hdisdk-iaasclusternew\",\r\n  \"type\": \"Microsoft.HDInsight/clusters\",\r\n  \"location\": \"East US\",\r\n  \"etag\": \"7637b993-3521-4e93-90b4-8a7bae29c848\",\r\n  \"tags\": null,\r\n  \"properties\": {\r\n    \"clusterVersion\": \"3.2.1000.0\",\r\n    \"osType\": \"Linux\",\r\n    \"clusterDefinition\": {\r\n      \"blueprint\": \"https://blueprints.azurehdinsight.net/hadoop-3.2.1000.0.8350539.json\",\r\n      \"kind\": \"Hadoop\"\r\n    },\r\n    \"computeProfile\": {\r\n      \"roles\": [\r\n        {\r\n          \"name\": \"headnode\",\r\n          \"targetInstanceCount\": 2,\r\n          \"hardwareProfile\": {\r\n            \"vmSize\": \"Standard_D3\"\r\n          },\r\n          \"osProfile\": {\r\n            \"linuxOperatingSystemProfile\": {\r\n              \"username\": \"hdiuser\"\r\n            }\r\n          }\r\n        },\r\n        {\r\n          \"name\": \"workernode\",\r\n          \"targetInstanceCount\": 3,\r\n          \"hardwareProfile\": {\r\n            \"vmSize\": \"Large\"\r\n          },\r\n          \"osProfile\": {\r\n            \"linuxOperatingSystemProfile\": {\r\n              \"username\": \"hdiuser\"\r\n            }\r\n          }\r\n        },\r\n        {\r\n          \"name\": \"zookeepernode\",\r\n          \"targetInstanceCount\": 3,\r\n          \"hardwareProfile\": {\r\n            \"vmSize\": \"Medium\"\r\n          },\r\n          \"osProfile\": {\r\n            \"linuxOperatingSystemProfile\": {\r\n              \"username\": \"hdiuser\"\r\n            }\r\n          }\r\n        }\r\n      ]\r\n    },\r\n    \"provisioningState\": \"InProgress\",\r\n    \"clusterState\": \"ClusterStorageConfiguration\",\r\n    \"createdDate\": \"2016-09-25T04:25:19.65\",\r\n    \"quotaInfo\": {\r\n      \"coresUsed\": 20\r\n    },\r\n    \"connectivityEndpoints\": [\r\n      {\r\n        \"name\": \"SSH\",\r\n        \"protocol\": \"TCP\",\r\n        \"location\": \"hdisdk-iaasclusternew-ssh.azurehdinsight.net\",\r\n        \"port\": 22\r\n      },\r\n      {\r\n        \"name\": \"HTTPS\",\r\n        \"protocol\": \"TCP\",\r\n        \"location\": \"hdisdk-iaasclusternew.azurehdinsight.net\",\r\n        \"port\": 443\r\n      }\r\n    ],\r\n    \"tier\": \"standard\"\r\n  }\r\n}",
      "ResponseHeaders": {
        "Content-Length": [
          "1351"
        ],
        "Content-Type": [
          "application/json; charset=utf-8"
        ],
        "Expires": [
          "-1"
        ],
        "Pragma": [
          "no-cache"
        ],
        "x-ms-request-id": [
          "e59b8516-fba7-4db1-bb97-e165e9955d81"
        ],
        "x-ms-ratelimit-remaining-subscription-reads": [
          "14904"
        ],
        "x-ms-correlation-request-id": [
          "1da46562-0bbd-4da7-be94-58df38022c45"
        ],
        "x-ms-routing-request-id": [
          "WESTUS2:20160925T042622Z:1da46562-0bbd-4da7-be94-58df38022c45"
        ],
        "Strict-Transport-Security": [
          "max-age=31536000; includeSubDomains"
        ],
        "Cache-Control": [
          "no-cache"
        ],
        "Date": [
          "Sun, 25 Sep 2016 04:26:21 GMT"
        ],
        "Server": [
          "Microsoft-IIS/8.5"
        ],
        "X-Powered-By": [
          "ASP.NET"
        ]
      },
      "StatusCode": 200
    },
    {
      "RequestUri": "/subscriptions/26d6d535-5164-443d-82f6-4c695caf7688/resourceGroups/hdi6409/providers/Microsoft.HDInsight/clusters/hdisdk-iaasclusternew?api-version=2015-03-01-preview",
      "EncodedRequestUri": "L3N1YnNjcmlwdGlvbnMvMjZkNmQ1MzUtNTE2NC00NDNkLTgyZjYtNGM2OTVjYWY3Njg4L3Jlc291cmNlR3JvdXBzL2hkaTY0MDkvcHJvdmlkZXJzL01pY3Jvc29mdC5IREluc2lnaHQvY2x1c3RlcnMvaGRpc2RrLWlhYXNjbHVzdGVybmV3P2FwaS12ZXJzaW9uPTIwMTUtMDMtMDEtcHJldmlldw==",
      "RequestMethod": "GET",
      "RequestBody": "",
      "RequestHeaders": {
        "User-Agent": [
          "ARM",
          "SDK",
          "v1.0.12-preview"
        ]
      },
      "ResponseBody": "{\r\n  \"id\": \"/subscriptions/26d6d535-5164-443d-82f6-4c695caf7688/resourceGroups/hdi6409/providers/Microsoft.HDInsight/clusters/hdisdk-iaasclusternew\",\r\n  \"name\": \"hdisdk-iaasclusternew\",\r\n  \"type\": \"Microsoft.HDInsight/clusters\",\r\n  \"location\": \"East US\",\r\n  \"etag\": \"7637b993-3521-4e93-90b4-8a7bae29c848\",\r\n  \"tags\": null,\r\n  \"properties\": {\r\n    \"clusterVersion\": \"3.2.1000.0\",\r\n    \"osType\": \"Linux\",\r\n    \"clusterDefinition\": {\r\n      \"blueprint\": \"https://blueprints.azurehdinsight.net/hadoop-3.2.1000.0.8350539.json\",\r\n      \"kind\": \"Hadoop\"\r\n    },\r\n    \"computeProfile\": {\r\n      \"roles\": [\r\n        {\r\n          \"name\": \"headnode\",\r\n          \"targetInstanceCount\": 2,\r\n          \"hardwareProfile\": {\r\n            \"vmSize\": \"Standard_D3\"\r\n          },\r\n          \"osProfile\": {\r\n            \"linuxOperatingSystemProfile\": {\r\n              \"username\": \"hdiuser\"\r\n            }\r\n          }\r\n        },\r\n        {\r\n          \"name\": \"workernode\",\r\n          \"targetInstanceCount\": 3,\r\n          \"hardwareProfile\": {\r\n            \"vmSize\": \"Large\"\r\n          },\r\n          \"osProfile\": {\r\n            \"linuxOperatingSystemProfile\": {\r\n              \"username\": \"hdiuser\"\r\n            }\r\n          }\r\n        },\r\n        {\r\n          \"name\": \"zookeepernode\",\r\n          \"targetInstanceCount\": 3,\r\n          \"hardwareProfile\": {\r\n            \"vmSize\": \"Medium\"\r\n          },\r\n          \"osProfile\": {\r\n            \"linuxOperatingSystemProfile\": {\r\n              \"username\": \"hdiuser\"\r\n            }\r\n          }\r\n        }\r\n      ]\r\n    },\r\n    \"provisioningState\": \"InProgress\",\r\n    \"clusterState\": \"AzureVMConfiguration\",\r\n    \"createdDate\": \"2016-09-25T04:25:19.65\",\r\n    \"quotaInfo\": {\r\n      \"coresUsed\": 20\r\n    },\r\n    \"connectivityEndpoints\": [\r\n      {\r\n        \"name\": \"SSH\",\r\n        \"protocol\": \"TCP\",\r\n        \"location\": \"hdisdk-iaasclusternew-ssh.azurehdinsight.net\",\r\n        \"port\": 22\r\n      },\r\n      {\r\n        \"name\": \"HTTPS\",\r\n        \"protocol\": \"TCP\",\r\n        \"location\": \"hdisdk-iaasclusternew.azurehdinsight.net\",\r\n        \"port\": 443\r\n      }\r\n    ],\r\n    \"tier\": \"standard\"\r\n  }\r\n}",
      "ResponseHeaders": {
        "Content-Length": [
          "1344"
        ],
        "Content-Type": [
          "application/json; charset=utf-8"
        ],
        "Expires": [
          "-1"
        ],
        "Pragma": [
          "no-cache"
        ],
        "x-ms-request-id": [
          "cf63d50e-aca1-4c40-9679-7c2bf0f41687"
        ],
        "x-ms-ratelimit-remaining-subscription-reads": [
          "14900"
        ],
        "x-ms-correlation-request-id": [
          "2c167fc3-7243-4398-983f-68127bc93a7b"
        ],
        "x-ms-routing-request-id": [
          "WESTUS2:20160925T042723Z:2c167fc3-7243-4398-983f-68127bc93a7b"
        ],
        "Strict-Transport-Security": [
          "max-age=31536000; includeSubDomains"
        ],
        "Cache-Control": [
          "no-cache"
        ],
        "Date": [
          "Sun, 25 Sep 2016 04:27:22 GMT"
        ],
        "Server": [
          "Microsoft-IIS/8.5"
        ],
        "X-Powered-By": [
          "ASP.NET"
        ]
      },
      "StatusCode": 200
    },
    {
      "RequestUri": "/subscriptions/26d6d535-5164-443d-82f6-4c695caf7688/resourceGroups/hdi6409/providers/Microsoft.HDInsight/clusters/hdisdk-iaasclusternew?api-version=2015-03-01-preview",
      "EncodedRequestUri": "L3N1YnNjcmlwdGlvbnMvMjZkNmQ1MzUtNTE2NC00NDNkLTgyZjYtNGM2OTVjYWY3Njg4L3Jlc291cmNlR3JvdXBzL2hkaTY0MDkvcHJvdmlkZXJzL01pY3Jvc29mdC5IREluc2lnaHQvY2x1c3RlcnMvaGRpc2RrLWlhYXNjbHVzdGVybmV3P2FwaS12ZXJzaW9uPTIwMTUtMDMtMDEtcHJldmlldw==",
      "RequestMethod": "GET",
      "RequestBody": "",
      "RequestHeaders": {
        "User-Agent": [
          "ARM",
          "SDK",
          "v1.0.12-preview"
        ]
      },
      "ResponseBody": "{\r\n  \"id\": \"/subscriptions/26d6d535-5164-443d-82f6-4c695caf7688/resourceGroups/hdi6409/providers/Microsoft.HDInsight/clusters/hdisdk-iaasclusternew\",\r\n  \"name\": \"hdisdk-iaasclusternew\",\r\n  \"type\": \"Microsoft.HDInsight/clusters\",\r\n  \"location\": \"East US\",\r\n  \"etag\": \"7637b993-3521-4e93-90b4-8a7bae29c848\",\r\n  \"tags\": null,\r\n  \"properties\": {\r\n    \"clusterVersion\": \"3.2.1000.0\",\r\n    \"osType\": \"Linux\",\r\n    \"clusterDefinition\": {\r\n      \"blueprint\": \"https://blueprints.azurehdinsight.net/hadoop-3.2.1000.0.8350539.json\",\r\n      \"kind\": \"Hadoop\"\r\n    },\r\n    \"computeProfile\": {\r\n      \"roles\": [\r\n        {\r\n          \"name\": \"headnode\",\r\n          \"targetInstanceCount\": 2,\r\n          \"hardwareProfile\": {\r\n            \"vmSize\": \"Standard_D3\"\r\n          },\r\n          \"osProfile\": {\r\n            \"linuxOperatingSystemProfile\": {\r\n              \"username\": \"hdiuser\"\r\n            }\r\n          }\r\n        },\r\n        {\r\n          \"name\": \"workernode\",\r\n          \"targetInstanceCount\": 3,\r\n          \"hardwareProfile\": {\r\n            \"vmSize\": \"Large\"\r\n          },\r\n          \"osProfile\": {\r\n            \"linuxOperatingSystemProfile\": {\r\n              \"username\": \"hdiuser\"\r\n            }\r\n          }\r\n        },\r\n        {\r\n          \"name\": \"zookeepernode\",\r\n          \"targetInstanceCount\": 3,\r\n          \"hardwareProfile\": {\r\n            \"vmSize\": \"Medium\"\r\n          },\r\n          \"osProfile\": {\r\n            \"linuxOperatingSystemProfile\": {\r\n              \"username\": \"hdiuser\"\r\n            }\r\n          }\r\n        }\r\n      ]\r\n    },\r\n    \"provisioningState\": \"InProgress\",\r\n    \"clusterState\": \"AzureVMConfiguration\",\r\n    \"createdDate\": \"2016-09-25T04:25:19.65\",\r\n    \"quotaInfo\": {\r\n      \"coresUsed\": 20\r\n    },\r\n    \"connectivityEndpoints\": [\r\n      {\r\n        \"name\": \"SSH\",\r\n        \"protocol\": \"TCP\",\r\n        \"location\": \"hdisdk-iaasclusternew-ssh.azurehdinsight.net\",\r\n        \"port\": 22\r\n      },\r\n      {\r\n        \"name\": \"HTTPS\",\r\n        \"protocol\": \"TCP\",\r\n        \"location\": \"hdisdk-iaasclusternew.azurehdinsight.net\",\r\n        \"port\": 443\r\n      }\r\n    ],\r\n    \"tier\": \"standard\"\r\n  }\r\n}",
      "ResponseHeaders": {
        "Content-Length": [
          "1344"
        ],
        "Content-Type": [
          "application/json; charset=utf-8"
        ],
        "Expires": [
          "-1"
        ],
        "Pragma": [
          "no-cache"
        ],
        "x-ms-request-id": [
          "1991dba2-2ccd-41fc-8fea-a9de195062bb"
        ],
        "x-ms-ratelimit-remaining-subscription-reads": [
          "14898"
        ],
        "x-ms-correlation-request-id": [
          "3e3c7937-f10d-4d5d-9d4b-801c7b7334d9"
        ],
        "x-ms-routing-request-id": [
          "WESTUS2:20160925T042824Z:3e3c7937-f10d-4d5d-9d4b-801c7b7334d9"
        ],
        "Strict-Transport-Security": [
          "max-age=31536000; includeSubDomains"
        ],
        "Cache-Control": [
          "no-cache"
        ],
        "Date": [
          "Sun, 25 Sep 2016 04:28:23 GMT"
        ],
        "Server": [
          "Microsoft-IIS/8.5"
        ],
        "X-Powered-By": [
          "ASP.NET"
        ]
      },
      "StatusCode": 200
    },
    {
      "RequestUri": "/subscriptions/26d6d535-5164-443d-82f6-4c695caf7688/resourceGroups/hdi6409/providers/Microsoft.HDInsight/clusters/hdisdk-iaasclusternew?api-version=2015-03-01-preview",
      "EncodedRequestUri": "L3N1YnNjcmlwdGlvbnMvMjZkNmQ1MzUtNTE2NC00NDNkLTgyZjYtNGM2OTVjYWY3Njg4L3Jlc291cmNlR3JvdXBzL2hkaTY0MDkvcHJvdmlkZXJzL01pY3Jvc29mdC5IREluc2lnaHQvY2x1c3RlcnMvaGRpc2RrLWlhYXNjbHVzdGVybmV3P2FwaS12ZXJzaW9uPTIwMTUtMDMtMDEtcHJldmlldw==",
      "RequestMethod": "GET",
      "RequestBody": "",
      "RequestHeaders": {
        "User-Agent": [
          "ARM",
          "SDK",
          "v1.0.12-preview"
        ]
      },
      "ResponseBody": "{\r\n  \"id\": \"/subscriptions/26d6d535-5164-443d-82f6-4c695caf7688/resourceGroups/hdi6409/providers/Microsoft.HDInsight/clusters/hdisdk-iaasclusternew\",\r\n  \"name\": \"hdisdk-iaasclusternew\",\r\n  \"type\": \"Microsoft.HDInsight/clusters\",\r\n  \"location\": \"East US\",\r\n  \"etag\": \"7637b993-3521-4e93-90b4-8a7bae29c848\",\r\n  \"tags\": null,\r\n  \"properties\": {\r\n    \"clusterVersion\": \"3.2.1000.0\",\r\n    \"osType\": \"Linux\",\r\n    \"clusterDefinition\": {\r\n      \"blueprint\": \"https://blueprints.azurehdinsight.net/hadoop-3.2.1000.0.8350539.json\",\r\n      \"kind\": \"Hadoop\"\r\n    },\r\n    \"computeProfile\": {\r\n      \"roles\": [\r\n        {\r\n          \"name\": \"headnode\",\r\n          \"targetInstanceCount\": 2,\r\n          \"hardwareProfile\": {\r\n            \"vmSize\": \"Standard_D3\"\r\n          },\r\n          \"osProfile\": {\r\n            \"linuxOperatingSystemProfile\": {\r\n              \"username\": \"hdiuser\"\r\n            }\r\n          }\r\n        },\r\n        {\r\n          \"name\": \"workernode\",\r\n          \"targetInstanceCount\": 3,\r\n          \"hardwareProfile\": {\r\n            \"vmSize\": \"Large\"\r\n          },\r\n          \"osProfile\": {\r\n            \"linuxOperatingSystemProfile\": {\r\n              \"username\": \"hdiuser\"\r\n            }\r\n          }\r\n        },\r\n        {\r\n          \"name\": \"zookeepernode\",\r\n          \"targetInstanceCount\": 3,\r\n          \"hardwareProfile\": {\r\n            \"vmSize\": \"Medium\"\r\n          },\r\n          \"osProfile\": {\r\n            \"linuxOperatingSystemProfile\": {\r\n              \"username\": \"hdiuser\"\r\n            }\r\n          }\r\n        }\r\n      ]\r\n    },\r\n    \"provisioningState\": \"InProgress\",\r\n    \"clusterState\": \"AzureVMConfiguration\",\r\n    \"createdDate\": \"2016-09-25T04:25:19.65\",\r\n    \"quotaInfo\": {\r\n      \"coresUsed\": 20\r\n    },\r\n    \"connectivityEndpoints\": [\r\n      {\r\n        \"name\": \"SSH\",\r\n        \"protocol\": \"TCP\",\r\n        \"location\": \"hdisdk-iaasclusternew-ssh.azurehdinsight.net\",\r\n        \"port\": 22\r\n      },\r\n      {\r\n        \"name\": \"HTTPS\",\r\n        \"protocol\": \"TCP\",\r\n        \"location\": \"hdisdk-iaasclusternew.azurehdinsight.net\",\r\n        \"port\": 443\r\n      }\r\n    ],\r\n    \"tier\": \"standard\"\r\n  }\r\n}",
      "ResponseHeaders": {
        "Content-Length": [
          "1344"
        ],
        "Content-Type": [
          "application/json; charset=utf-8"
        ],
        "Expires": [
          "-1"
        ],
        "Pragma": [
          "no-cache"
        ],
        "x-ms-request-id": [
          "5c68c38f-e879-4ebe-b6f6-fffb9d0c639f"
        ],
        "x-ms-ratelimit-remaining-subscription-reads": [
          "14895"
        ],
        "x-ms-correlation-request-id": [
          "e0910a79-5376-492f-a483-615343297c95"
        ],
        "x-ms-routing-request-id": [
          "WESTUS2:20160925T042925Z:e0910a79-5376-492f-a483-615343297c95"
        ],
        "Strict-Transport-Security": [
          "max-age=31536000; includeSubDomains"
        ],
        "Cache-Control": [
          "no-cache"
        ],
        "Date": [
          "Sun, 25 Sep 2016 04:29:24 GMT"
        ],
        "Server": [
          "Microsoft-IIS/8.5"
        ],
        "X-Powered-By": [
          "ASP.NET"
        ]
      },
      "StatusCode": 200
    },
    {
      "RequestUri": "/subscriptions/26d6d535-5164-443d-82f6-4c695caf7688/resourceGroups/hdi6409/providers/Microsoft.HDInsight/clusters/hdisdk-iaasclusternew?api-version=2015-03-01-preview",
      "EncodedRequestUri": "L3N1YnNjcmlwdGlvbnMvMjZkNmQ1MzUtNTE2NC00NDNkLTgyZjYtNGM2OTVjYWY3Njg4L3Jlc291cmNlR3JvdXBzL2hkaTY0MDkvcHJvdmlkZXJzL01pY3Jvc29mdC5IREluc2lnaHQvY2x1c3RlcnMvaGRpc2RrLWlhYXNjbHVzdGVybmV3P2FwaS12ZXJzaW9uPTIwMTUtMDMtMDEtcHJldmlldw==",
      "RequestMethod": "GET",
      "RequestBody": "",
      "RequestHeaders": {
        "User-Agent": [
          "ARM",
          "SDK",
          "v1.0.12-preview"
        ]
      },
      "ResponseBody": "{\r\n  \"id\": \"/subscriptions/26d6d535-5164-443d-82f6-4c695caf7688/resourceGroups/hdi6409/providers/Microsoft.HDInsight/clusters/hdisdk-iaasclusternew\",\r\n  \"name\": \"hdisdk-iaasclusternew\",\r\n  \"type\": \"Microsoft.HDInsight/clusters\",\r\n  \"location\": \"East US\",\r\n  \"etag\": \"7637b993-3521-4e93-90b4-8a7bae29c848\",\r\n  \"tags\": null,\r\n  \"properties\": {\r\n    \"clusterVersion\": \"3.2.1000.0\",\r\n    \"osType\": \"Linux\",\r\n    \"clusterDefinition\": {\r\n      \"blueprint\": \"https://blueprints.azurehdinsight.net/hadoop-3.2.1000.0.8350539.json\",\r\n      \"kind\": \"Hadoop\"\r\n    },\r\n    \"computeProfile\": {\r\n      \"roles\": [\r\n        {\r\n          \"name\": \"headnode\",\r\n          \"targetInstanceCount\": 2,\r\n          \"hardwareProfile\": {\r\n            \"vmSize\": \"Standard_D3\"\r\n          },\r\n          \"osProfile\": {\r\n            \"linuxOperatingSystemProfile\": {\r\n              \"username\": \"hdiuser\"\r\n            }\r\n          }\r\n        },\r\n        {\r\n          \"name\": \"workernode\",\r\n          \"targetInstanceCount\": 3,\r\n          \"hardwareProfile\": {\r\n            \"vmSize\": \"Large\"\r\n          },\r\n          \"osProfile\": {\r\n            \"linuxOperatingSystemProfile\": {\r\n              \"username\": \"hdiuser\"\r\n            }\r\n          }\r\n        },\r\n        {\r\n          \"name\": \"zookeepernode\",\r\n          \"targetInstanceCount\": 3,\r\n          \"hardwareProfile\": {\r\n            \"vmSize\": \"Medium\"\r\n          },\r\n          \"osProfile\": {\r\n            \"linuxOperatingSystemProfile\": {\r\n              \"username\": \"hdiuser\"\r\n            }\r\n          }\r\n        }\r\n      ]\r\n    },\r\n    \"provisioningState\": \"InProgress\",\r\n    \"clusterState\": \"AzureVMConfiguration\",\r\n    \"createdDate\": \"2016-09-25T04:25:19.65\",\r\n    \"quotaInfo\": {\r\n      \"coresUsed\": 20\r\n    },\r\n    \"connectivityEndpoints\": [\r\n      {\r\n        \"name\": \"SSH\",\r\n        \"protocol\": \"TCP\",\r\n        \"location\": \"hdisdk-iaasclusternew-ssh.azurehdinsight.net\",\r\n        \"port\": 22\r\n      },\r\n      {\r\n        \"name\": \"HTTPS\",\r\n        \"protocol\": \"TCP\",\r\n        \"location\": \"hdisdk-iaasclusternew.azurehdinsight.net\",\r\n        \"port\": 443\r\n      }\r\n    ],\r\n    \"tier\": \"standard\"\r\n  }\r\n}",
      "ResponseHeaders": {
        "Content-Length": [
          "1344"
        ],
        "Content-Type": [
          "application/json; charset=utf-8"
        ],
        "Expires": [
          "-1"
        ],
        "Pragma": [
          "no-cache"
        ],
        "x-ms-request-id": [
          "ba1b7bab-55cb-43d2-a05b-5d3ee85bb96f"
        ],
        "x-ms-ratelimit-remaining-subscription-reads": [
          "14903"
        ],
        "x-ms-correlation-request-id": [
          "7496bf91-ff2e-41af-a935-31c617d8c994"
        ],
        "x-ms-routing-request-id": [
          "WESTUS2:20160925T043025Z:7496bf91-ff2e-41af-a935-31c617d8c994"
        ],
        "Strict-Transport-Security": [
          "max-age=31536000; includeSubDomains"
        ],
        "Cache-Control": [
          "no-cache"
        ],
        "Date": [
          "Sun, 25 Sep 2016 04:30:25 GMT"
        ],
        "Server": [
          "Microsoft-IIS/8.5"
        ],
        "X-Powered-By": [
          "ASP.NET"
        ]
      },
      "StatusCode": 200
    },
    {
      "RequestUri": "/subscriptions/26d6d535-5164-443d-82f6-4c695caf7688/resourceGroups/hdi6409/providers/Microsoft.HDInsight/clusters/hdisdk-iaasclusternew?api-version=2015-03-01-preview",
      "EncodedRequestUri": "L3N1YnNjcmlwdGlvbnMvMjZkNmQ1MzUtNTE2NC00NDNkLTgyZjYtNGM2OTVjYWY3Njg4L3Jlc291cmNlR3JvdXBzL2hkaTY0MDkvcHJvdmlkZXJzL01pY3Jvc29mdC5IREluc2lnaHQvY2x1c3RlcnMvaGRpc2RrLWlhYXNjbHVzdGVybmV3P2FwaS12ZXJzaW9uPTIwMTUtMDMtMDEtcHJldmlldw==",
      "RequestMethod": "GET",
      "RequestBody": "",
      "RequestHeaders": {
        "User-Agent": [
          "ARM",
          "SDK",
          "v1.0.12-preview"
        ]
      },
      "ResponseBody": "{\r\n  \"id\": \"/subscriptions/26d6d535-5164-443d-82f6-4c695caf7688/resourceGroups/hdi6409/providers/Microsoft.HDInsight/clusters/hdisdk-iaasclusternew\",\r\n  \"name\": \"hdisdk-iaasclusternew\",\r\n  \"type\": \"Microsoft.HDInsight/clusters\",\r\n  \"location\": \"East US\",\r\n  \"etag\": \"7637b993-3521-4e93-90b4-8a7bae29c848\",\r\n  \"tags\": null,\r\n  \"properties\": {\r\n    \"clusterVersion\": \"3.2.1000.0\",\r\n    \"osType\": \"Linux\",\r\n    \"clusterDefinition\": {\r\n      \"blueprint\": \"https://blueprints.azurehdinsight.net/hadoop-3.2.1000.0.8350539.json\",\r\n      \"kind\": \"Hadoop\"\r\n    },\r\n    \"computeProfile\": {\r\n      \"roles\": [\r\n        {\r\n          \"name\": \"headnode\",\r\n          \"targetInstanceCount\": 2,\r\n          \"hardwareProfile\": {\r\n            \"vmSize\": \"Standard_D3\"\r\n          },\r\n          \"osProfile\": {\r\n            \"linuxOperatingSystemProfile\": {\r\n              \"username\": \"hdiuser\"\r\n            }\r\n          }\r\n        },\r\n        {\r\n          \"name\": \"workernode\",\r\n          \"targetInstanceCount\": 3,\r\n          \"hardwareProfile\": {\r\n            \"vmSize\": \"Large\"\r\n          },\r\n          \"osProfile\": {\r\n            \"linuxOperatingSystemProfile\": {\r\n              \"username\": \"hdiuser\"\r\n            }\r\n          }\r\n        },\r\n        {\r\n          \"name\": \"zookeepernode\",\r\n          \"targetInstanceCount\": 3,\r\n          \"hardwareProfile\": {\r\n            \"vmSize\": \"Medium\"\r\n          },\r\n          \"osProfile\": {\r\n            \"linuxOperatingSystemProfile\": {\r\n              \"username\": \"hdiuser\"\r\n            }\r\n          }\r\n        }\r\n      ]\r\n    },\r\n    \"provisioningState\": \"InProgress\",\r\n    \"clusterState\": \"AzureVMConfiguration\",\r\n    \"createdDate\": \"2016-09-25T04:25:19.65\",\r\n    \"quotaInfo\": {\r\n      \"coresUsed\": 20\r\n    },\r\n    \"connectivityEndpoints\": [\r\n      {\r\n        \"name\": \"SSH\",\r\n        \"protocol\": \"TCP\",\r\n        \"location\": \"hdisdk-iaasclusternew-ssh.azurehdinsight.net\",\r\n        \"port\": 22\r\n      },\r\n      {\r\n        \"name\": \"HTTPS\",\r\n        \"protocol\": \"TCP\",\r\n        \"location\": \"hdisdk-iaasclusternew.azurehdinsight.net\",\r\n        \"port\": 443\r\n      }\r\n    ],\r\n    \"tier\": \"standard\"\r\n  }\r\n}",
      "ResponseHeaders": {
        "Content-Length": [
          "1344"
        ],
        "Content-Type": [
          "application/json; charset=utf-8"
        ],
        "Expires": [
          "-1"
        ],
        "Pragma": [
          "no-cache"
        ],
        "x-ms-request-id": [
          "f3f94252-3703-4a6e-8440-25d6da7b6b87"
        ],
        "x-ms-ratelimit-remaining-subscription-reads": [
          "14900"
        ],
        "x-ms-correlation-request-id": [
          "eb70be5f-e95b-4b2b-bea5-b006b9263708"
        ],
        "x-ms-routing-request-id": [
          "WESTUS2:20160925T043126Z:eb70be5f-e95b-4b2b-bea5-b006b9263708"
        ],
        "Strict-Transport-Security": [
          "max-age=31536000; includeSubDomains"
        ],
        "Cache-Control": [
          "no-cache"
        ],
        "Date": [
          "Sun, 25 Sep 2016 04:31:26 GMT"
        ],
        "Server": [
          "Microsoft-IIS/8.5"
        ],
        "X-Powered-By": [
          "ASP.NET"
        ]
      },
      "StatusCode": 200
    },
    {
      "RequestUri": "/subscriptions/26d6d535-5164-443d-82f6-4c695caf7688/resourceGroups/hdi6409/providers/Microsoft.HDInsight/clusters/hdisdk-iaasclusternew?api-version=2015-03-01-preview",
      "EncodedRequestUri": "L3N1YnNjcmlwdGlvbnMvMjZkNmQ1MzUtNTE2NC00NDNkLTgyZjYtNGM2OTVjYWY3Njg4L3Jlc291cmNlR3JvdXBzL2hkaTY0MDkvcHJvdmlkZXJzL01pY3Jvc29mdC5IREluc2lnaHQvY2x1c3RlcnMvaGRpc2RrLWlhYXNjbHVzdGVybmV3P2FwaS12ZXJzaW9uPTIwMTUtMDMtMDEtcHJldmlldw==",
      "RequestMethod": "GET",
      "RequestBody": "",
      "RequestHeaders": {
        "User-Agent": [
          "ARM",
          "SDK",
          "v1.0.12-preview"
        ]
      },
      "ResponseBody": "{\r\n  \"id\": \"/subscriptions/26d6d535-5164-443d-82f6-4c695caf7688/resourceGroups/hdi6409/providers/Microsoft.HDInsight/clusters/hdisdk-iaasclusternew\",\r\n  \"name\": \"hdisdk-iaasclusternew\",\r\n  \"type\": \"Microsoft.HDInsight/clusters\",\r\n  \"location\": \"East US\",\r\n  \"etag\": \"7637b993-3521-4e93-90b4-8a7bae29c848\",\r\n  \"tags\": null,\r\n  \"properties\": {\r\n    \"clusterVersion\": \"3.2.1000.0\",\r\n    \"osType\": \"Linux\",\r\n    \"clusterDefinition\": {\r\n      \"blueprint\": \"https://blueprints.azurehdinsight.net/hadoop-3.2.1000.0.8350539.json\",\r\n      \"kind\": \"Hadoop\"\r\n    },\r\n    \"computeProfile\": {\r\n      \"roles\": [\r\n        {\r\n          \"name\": \"headnode\",\r\n          \"targetInstanceCount\": 2,\r\n          \"hardwareProfile\": {\r\n            \"vmSize\": \"Standard_D3\"\r\n          },\r\n          \"osProfile\": {\r\n            \"linuxOperatingSystemProfile\": {\r\n              \"username\": \"hdiuser\"\r\n            }\r\n          }\r\n        },\r\n        {\r\n          \"name\": \"workernode\",\r\n          \"targetInstanceCount\": 3,\r\n          \"hardwareProfile\": {\r\n            \"vmSize\": \"Large\"\r\n          },\r\n          \"osProfile\": {\r\n            \"linuxOperatingSystemProfile\": {\r\n              \"username\": \"hdiuser\"\r\n            }\r\n          }\r\n        },\r\n        {\r\n          \"name\": \"zookeepernode\",\r\n          \"targetInstanceCount\": 3,\r\n          \"hardwareProfile\": {\r\n            \"vmSize\": \"Medium\"\r\n          },\r\n          \"osProfile\": {\r\n            \"linuxOperatingSystemProfile\": {\r\n              \"username\": \"hdiuser\"\r\n            }\r\n          }\r\n        }\r\n      ]\r\n    },\r\n    \"provisioningState\": \"InProgress\",\r\n    \"clusterState\": \"AzureVMConfiguration\",\r\n    \"createdDate\": \"2016-09-25T04:25:19.65\",\r\n    \"quotaInfo\": {\r\n      \"coresUsed\": 20\r\n    },\r\n    \"connectivityEndpoints\": [\r\n      {\r\n        \"name\": \"SSH\",\r\n        \"protocol\": \"TCP\",\r\n        \"location\": \"hdisdk-iaasclusternew-ssh.azurehdinsight.net\",\r\n        \"port\": 22\r\n      },\r\n      {\r\n        \"name\": \"HTTPS\",\r\n        \"protocol\": \"TCP\",\r\n        \"location\": \"hdisdk-iaasclusternew.azurehdinsight.net\",\r\n        \"port\": 443\r\n      }\r\n    ],\r\n    \"tier\": \"standard\"\r\n  }\r\n}",
      "ResponseHeaders": {
        "Content-Length": [
          "1344"
        ],
        "Content-Type": [
          "application/json; charset=utf-8"
        ],
        "Expires": [
          "-1"
        ],
        "Pragma": [
          "no-cache"
        ],
        "x-ms-request-id": [
          "84765389-1a9b-48c4-a99b-7849a6555627"
        ],
        "x-ms-ratelimit-remaining-subscription-reads": [
          "14899"
        ],
        "x-ms-correlation-request-id": [
          "23891af1-f9d2-4da4-b1ca-4640512fe6d1"
        ],
        "x-ms-routing-request-id": [
          "WESTUS2:20160925T043227Z:23891af1-f9d2-4da4-b1ca-4640512fe6d1"
        ],
        "Strict-Transport-Security": [
          "max-age=31536000; includeSubDomains"
        ],
        "Cache-Control": [
          "no-cache"
        ],
        "Date": [
          "Sun, 25 Sep 2016 04:32:27 GMT"
        ],
        "Server": [
          "Microsoft-IIS/8.5"
        ],
        "X-Powered-By": [
          "ASP.NET"
        ]
      },
      "StatusCode": 200
    },
    {
      "RequestUri": "/subscriptions/26d6d535-5164-443d-82f6-4c695caf7688/resourceGroups/hdi6409/providers/Microsoft.HDInsight/clusters/hdisdk-iaasclusternew?api-version=2015-03-01-preview",
      "EncodedRequestUri": "L3N1YnNjcmlwdGlvbnMvMjZkNmQ1MzUtNTE2NC00NDNkLTgyZjYtNGM2OTVjYWY3Njg4L3Jlc291cmNlR3JvdXBzL2hkaTY0MDkvcHJvdmlkZXJzL01pY3Jvc29mdC5IREluc2lnaHQvY2x1c3RlcnMvaGRpc2RrLWlhYXNjbHVzdGVybmV3P2FwaS12ZXJzaW9uPTIwMTUtMDMtMDEtcHJldmlldw==",
      "RequestMethod": "GET",
      "RequestBody": "",
      "RequestHeaders": {
        "User-Agent": [
          "ARM",
          "SDK",
          "v1.0.12-preview"
        ]
      },
      "ResponseBody": "{\r\n  \"id\": \"/subscriptions/26d6d535-5164-443d-82f6-4c695caf7688/resourceGroups/hdi6409/providers/Microsoft.HDInsight/clusters/hdisdk-iaasclusternew\",\r\n  \"name\": \"hdisdk-iaasclusternew\",\r\n  \"type\": \"Microsoft.HDInsight/clusters\",\r\n  \"location\": \"East US\",\r\n  \"etag\": \"7637b993-3521-4e93-90b4-8a7bae29c848\",\r\n  \"tags\": null,\r\n  \"properties\": {\r\n    \"clusterVersion\": \"3.2.1000.0\",\r\n    \"osType\": \"Linux\",\r\n    \"clusterDefinition\": {\r\n      \"blueprint\": \"https://blueprints.azurehdinsight.net/hadoop-3.2.1000.0.8350539.json\",\r\n      \"kind\": \"Hadoop\"\r\n    },\r\n    \"computeProfile\": {\r\n      \"roles\": [\r\n        {\r\n          \"name\": \"headnode\",\r\n          \"targetInstanceCount\": 2,\r\n          \"hardwareProfile\": {\r\n            \"vmSize\": \"Standard_D3\"\r\n          },\r\n          \"osProfile\": {\r\n            \"linuxOperatingSystemProfile\": {\r\n              \"username\": \"hdiuser\"\r\n            }\r\n          }\r\n        },\r\n        {\r\n          \"name\": \"workernode\",\r\n          \"targetInstanceCount\": 3,\r\n          \"hardwareProfile\": {\r\n            \"vmSize\": \"Large\"\r\n          },\r\n          \"osProfile\": {\r\n            \"linuxOperatingSystemProfile\": {\r\n              \"username\": \"hdiuser\"\r\n            }\r\n          }\r\n        },\r\n        {\r\n          \"name\": \"zookeepernode\",\r\n          \"targetInstanceCount\": 3,\r\n          \"hardwareProfile\": {\r\n            \"vmSize\": \"Medium\"\r\n          },\r\n          \"osProfile\": {\r\n            \"linuxOperatingSystemProfile\": {\r\n              \"username\": \"hdiuser\"\r\n            }\r\n          }\r\n        }\r\n      ]\r\n    },\r\n    \"provisioningState\": \"InProgress\",\r\n    \"clusterState\": \"AzureVMConfiguration\",\r\n    \"createdDate\": \"2016-09-25T04:25:19.65\",\r\n    \"quotaInfo\": {\r\n      \"coresUsed\": 20\r\n    },\r\n    \"connectivityEndpoints\": [\r\n      {\r\n        \"name\": \"SSH\",\r\n        \"protocol\": \"TCP\",\r\n        \"location\": \"hdisdk-iaasclusternew-ssh.azurehdinsight.net\",\r\n        \"port\": 22\r\n      },\r\n      {\r\n        \"name\": \"HTTPS\",\r\n        \"protocol\": \"TCP\",\r\n        \"location\": \"hdisdk-iaasclusternew.azurehdinsight.net\",\r\n        \"port\": 443\r\n      }\r\n    ],\r\n    \"tier\": \"standard\"\r\n  }\r\n}",
      "ResponseHeaders": {
        "Content-Length": [
          "1344"
        ],
        "Content-Type": [
          "application/json; charset=utf-8"
        ],
        "Expires": [
          "-1"
        ],
        "Pragma": [
          "no-cache"
        ],
        "x-ms-request-id": [
          "a9cc40f9-b26a-4551-b6f8-feda5406714f"
        ],
        "x-ms-ratelimit-remaining-subscription-reads": [
          "14896"
        ],
        "x-ms-correlation-request-id": [
          "da333248-a6f0-4bde-8881-ad6099413a47"
        ],
        "x-ms-routing-request-id": [
          "WESTUS2:20160925T043328Z:da333248-a6f0-4bde-8881-ad6099413a47"
        ],
        "Strict-Transport-Security": [
          "max-age=31536000; includeSubDomains"
        ],
        "Cache-Control": [
          "no-cache"
        ],
        "Date": [
          "Sun, 25 Sep 2016 04:33:28 GMT"
        ],
        "Server": [
          "Microsoft-IIS/8.5"
        ],
        "X-Powered-By": [
          "ASP.NET"
        ]
      },
      "StatusCode": 200
    },
    {
      "RequestUri": "/subscriptions/26d6d535-5164-443d-82f6-4c695caf7688/resourceGroups/hdi6409/providers/Microsoft.HDInsight/clusters/hdisdk-iaasclusternew?api-version=2015-03-01-preview",
      "EncodedRequestUri": "L3N1YnNjcmlwdGlvbnMvMjZkNmQ1MzUtNTE2NC00NDNkLTgyZjYtNGM2OTVjYWY3Njg4L3Jlc291cmNlR3JvdXBzL2hkaTY0MDkvcHJvdmlkZXJzL01pY3Jvc29mdC5IREluc2lnaHQvY2x1c3RlcnMvaGRpc2RrLWlhYXNjbHVzdGVybmV3P2FwaS12ZXJzaW9uPTIwMTUtMDMtMDEtcHJldmlldw==",
      "RequestMethod": "GET",
      "RequestBody": "",
      "RequestHeaders": {
        "User-Agent": [
          "ARM",
          "SDK",
          "v1.0.12-preview"
        ]
      },
      "ResponseBody": "{\r\n  \"id\": \"/subscriptions/26d6d535-5164-443d-82f6-4c695caf7688/resourceGroups/hdi6409/providers/Microsoft.HDInsight/clusters/hdisdk-iaasclusternew\",\r\n  \"name\": \"hdisdk-iaasclusternew\",\r\n  \"type\": \"Microsoft.HDInsight/clusters\",\r\n  \"location\": \"East US\",\r\n  \"etag\": \"7637b993-3521-4e93-90b4-8a7bae29c848\",\r\n  \"tags\": null,\r\n  \"properties\": {\r\n    \"clusterVersion\": \"3.2.1000.0\",\r\n    \"osType\": \"Linux\",\r\n    \"clusterDefinition\": {\r\n      \"blueprint\": \"https://blueprints.azurehdinsight.net/hadoop-3.2.1000.0.8350539.json\",\r\n      \"kind\": \"Hadoop\"\r\n    },\r\n    \"computeProfile\": {\r\n      \"roles\": [\r\n        {\r\n          \"name\": \"headnode\",\r\n          \"targetInstanceCount\": 2,\r\n          \"hardwareProfile\": {\r\n            \"vmSize\": \"Standard_D3\"\r\n          },\r\n          \"osProfile\": {\r\n            \"linuxOperatingSystemProfile\": {\r\n              \"username\": \"hdiuser\"\r\n            }\r\n          }\r\n        },\r\n        {\r\n          \"name\": \"workernode\",\r\n          \"targetInstanceCount\": 3,\r\n          \"hardwareProfile\": {\r\n            \"vmSize\": \"Large\"\r\n          },\r\n          \"osProfile\": {\r\n            \"linuxOperatingSystemProfile\": {\r\n              \"username\": \"hdiuser\"\r\n            }\r\n          }\r\n        },\r\n        {\r\n          \"name\": \"zookeepernode\",\r\n          \"targetInstanceCount\": 3,\r\n          \"hardwareProfile\": {\r\n            \"vmSize\": \"Medium\"\r\n          },\r\n          \"osProfile\": {\r\n            \"linuxOperatingSystemProfile\": {\r\n              \"username\": \"hdiuser\"\r\n            }\r\n          }\r\n        }\r\n      ]\r\n    },\r\n    \"provisioningState\": \"InProgress\",\r\n    \"clusterState\": \"HdInsightConfiguration\",\r\n    \"createdDate\": \"2016-09-25T04:25:19.65\",\r\n    \"quotaInfo\": {\r\n      \"coresUsed\": 20\r\n    },\r\n    \"connectivityEndpoints\": [\r\n      {\r\n        \"name\": \"SSH\",\r\n        \"protocol\": \"TCP\",\r\n        \"location\": \"hdisdk-iaasclusternew-ssh.azurehdinsight.net\",\r\n        \"port\": 22\r\n      },\r\n      {\r\n        \"name\": \"HTTPS\",\r\n        \"protocol\": \"TCP\",\r\n        \"location\": \"hdisdk-iaasclusternew.azurehdinsight.net\",\r\n        \"port\": 443\r\n      }\r\n    ],\r\n    \"tier\": \"standard\"\r\n  }\r\n}",
      "ResponseHeaders": {
        "Content-Length": [
          "1346"
        ],
        "Content-Type": [
          "application/json; charset=utf-8"
        ],
        "Expires": [
          "-1"
        ],
        "Pragma": [
          "no-cache"
        ],
        "x-ms-request-id": [
          "28f9611d-7515-478a-a80b-f35fed21d951"
        ],
        "x-ms-ratelimit-remaining-subscription-reads": [
          "14895"
        ],
        "x-ms-correlation-request-id": [
          "af779eb9-995a-4b31-b08c-d07d553f1d70"
        ],
        "x-ms-routing-request-id": [
          "WESTUS2:20160925T043429Z:af779eb9-995a-4b31-b08c-d07d553f1d70"
        ],
        "Strict-Transport-Security": [
          "max-age=31536000; includeSubDomains"
        ],
        "Cache-Control": [
          "no-cache"
        ],
        "Date": [
          "Sun, 25 Sep 2016 04:34:29 GMT"
        ],
        "Server": [
          "Microsoft-IIS/8.5"
        ],
        "X-Powered-By": [
          "ASP.NET"
        ]
      },
      "StatusCode": 200
    },
    {
      "RequestUri": "/subscriptions/26d6d535-5164-443d-82f6-4c695caf7688/resourceGroups/hdi6409/providers/Microsoft.HDInsight/clusters/hdisdk-iaasclusternew?api-version=2015-03-01-preview",
      "EncodedRequestUri": "L3N1YnNjcmlwdGlvbnMvMjZkNmQ1MzUtNTE2NC00NDNkLTgyZjYtNGM2OTVjYWY3Njg4L3Jlc291cmNlR3JvdXBzL2hkaTY0MDkvcHJvdmlkZXJzL01pY3Jvc29mdC5IREluc2lnaHQvY2x1c3RlcnMvaGRpc2RrLWlhYXNjbHVzdGVybmV3P2FwaS12ZXJzaW9uPTIwMTUtMDMtMDEtcHJldmlldw==",
      "RequestMethod": "GET",
      "RequestBody": "",
      "RequestHeaders": {
        "User-Agent": [
          "ARM",
          "SDK",
          "v1.0.12-preview"
        ]
      },
      "ResponseBody": "{\r\n  \"id\": \"/subscriptions/26d6d535-5164-443d-82f6-4c695caf7688/resourceGroups/hdi6409/providers/Microsoft.HDInsight/clusters/hdisdk-iaasclusternew\",\r\n  \"name\": \"hdisdk-iaasclusternew\",\r\n  \"type\": \"Microsoft.HDInsight/clusters\",\r\n  \"location\": \"East US\",\r\n  \"etag\": \"7637b993-3521-4e93-90b4-8a7bae29c848\",\r\n  \"tags\": null,\r\n  \"properties\": {\r\n    \"clusterVersion\": \"3.2.1000.0\",\r\n    \"osType\": \"Linux\",\r\n    \"clusterDefinition\": {\r\n      \"blueprint\": \"https://blueprints.azurehdinsight.net/hadoop-3.2.1000.0.8350539.json\",\r\n      \"kind\": \"Hadoop\"\r\n    },\r\n    \"computeProfile\": {\r\n      \"roles\": [\r\n        {\r\n          \"name\": \"headnode\",\r\n          \"targetInstanceCount\": 2,\r\n          \"hardwareProfile\": {\r\n            \"vmSize\": \"Standard_D3\"\r\n          },\r\n          \"osProfile\": {\r\n            \"linuxOperatingSystemProfile\": {\r\n              \"username\": \"hdiuser\"\r\n            }\r\n          }\r\n        },\r\n        {\r\n          \"name\": \"workernode\",\r\n          \"targetInstanceCount\": 3,\r\n          \"hardwareProfile\": {\r\n            \"vmSize\": \"Large\"\r\n          },\r\n          \"osProfile\": {\r\n            \"linuxOperatingSystemProfile\": {\r\n              \"username\": \"hdiuser\"\r\n            }\r\n          }\r\n        },\r\n        {\r\n          \"name\": \"zookeepernode\",\r\n          \"targetInstanceCount\": 3,\r\n          \"hardwareProfile\": {\r\n            \"vmSize\": \"Medium\"\r\n          },\r\n          \"osProfile\": {\r\n            \"linuxOperatingSystemProfile\": {\r\n              \"username\": \"hdiuser\"\r\n            }\r\n          }\r\n        }\r\n      ]\r\n    },\r\n    \"provisioningState\": \"InProgress\",\r\n    \"clusterState\": \"HdInsightConfiguration\",\r\n    \"createdDate\": \"2016-09-25T04:25:19.65\",\r\n    \"quotaInfo\": {\r\n      \"coresUsed\": 20\r\n    },\r\n    \"connectivityEndpoints\": [\r\n      {\r\n        \"name\": \"SSH\",\r\n        \"protocol\": \"TCP\",\r\n        \"location\": \"hdisdk-iaasclusternew-ssh.azurehdinsight.net\",\r\n        \"port\": 22\r\n      },\r\n      {\r\n        \"name\": \"HTTPS\",\r\n        \"protocol\": \"TCP\",\r\n        \"location\": \"hdisdk-iaasclusternew.azurehdinsight.net\",\r\n        \"port\": 443\r\n      }\r\n    ],\r\n    \"tier\": \"standard\"\r\n  }\r\n}",
      "ResponseHeaders": {
        "Content-Length": [
          "1346"
        ],
        "Content-Type": [
          "application/json; charset=utf-8"
        ],
        "Expires": [
          "-1"
        ],
        "Pragma": [
          "no-cache"
        ],
        "x-ms-request-id": [
          "4198a9d3-1a85-4475-bb24-88fadbc7ef90"
        ],
        "x-ms-ratelimit-remaining-subscription-reads": [
          "14898"
        ],
        "x-ms-correlation-request-id": [
          "42051f70-f7b3-4bf9-abb1-b1cf06ae1a86"
        ],
        "x-ms-routing-request-id": [
          "WESTUS2:20160925T043530Z:42051f70-f7b3-4bf9-abb1-b1cf06ae1a86"
        ],
        "Strict-Transport-Security": [
          "max-age=31536000; includeSubDomains"
        ],
        "Cache-Control": [
          "no-cache"
        ],
        "Date": [
          "Sun, 25 Sep 2016 04:35:30 GMT"
        ],
        "Server": [
          "Microsoft-IIS/8.5"
        ],
        "X-Powered-By": [
          "ASP.NET"
        ]
      },
      "StatusCode": 200
    },
    {
      "RequestUri": "/subscriptions/26d6d535-5164-443d-82f6-4c695caf7688/resourceGroups/hdi6409/providers/Microsoft.HDInsight/clusters/hdisdk-iaasclusternew?api-version=2015-03-01-preview",
      "EncodedRequestUri": "L3N1YnNjcmlwdGlvbnMvMjZkNmQ1MzUtNTE2NC00NDNkLTgyZjYtNGM2OTVjYWY3Njg4L3Jlc291cmNlR3JvdXBzL2hkaTY0MDkvcHJvdmlkZXJzL01pY3Jvc29mdC5IREluc2lnaHQvY2x1c3RlcnMvaGRpc2RrLWlhYXNjbHVzdGVybmV3P2FwaS12ZXJzaW9uPTIwMTUtMDMtMDEtcHJldmlldw==",
      "RequestMethod": "GET",
      "RequestBody": "",
      "RequestHeaders": {
        "User-Agent": [
          "ARM",
          "SDK",
          "v1.0.12-preview"
        ]
      },
      "ResponseBody": "{\r\n  \"id\": \"/subscriptions/26d6d535-5164-443d-82f6-4c695caf7688/resourceGroups/hdi6409/providers/Microsoft.HDInsight/clusters/hdisdk-iaasclusternew\",\r\n  \"name\": \"hdisdk-iaasclusternew\",\r\n  \"type\": \"Microsoft.HDInsight/clusters\",\r\n  \"location\": \"East US\",\r\n  \"etag\": \"7637b993-3521-4e93-90b4-8a7bae29c848\",\r\n  \"tags\": null,\r\n  \"properties\": {\r\n    \"clusterVersion\": \"3.2.1000.0\",\r\n    \"osType\": \"Linux\",\r\n    \"clusterDefinition\": {\r\n      \"blueprint\": \"https://blueprints.azurehdinsight.net/hadoop-3.2.1000.0.8350539.json\",\r\n      \"kind\": \"Hadoop\"\r\n    },\r\n    \"computeProfile\": {\r\n      \"roles\": [\r\n        {\r\n          \"name\": \"headnode\",\r\n          \"targetInstanceCount\": 2,\r\n          \"hardwareProfile\": {\r\n            \"vmSize\": \"Standard_D3\"\r\n          },\r\n          \"osProfile\": {\r\n            \"linuxOperatingSystemProfile\": {\r\n              \"username\": \"hdiuser\"\r\n            }\r\n          }\r\n        },\r\n        {\r\n          \"name\": \"workernode\",\r\n          \"targetInstanceCount\": 3,\r\n          \"hardwareProfile\": {\r\n            \"vmSize\": \"Large\"\r\n          },\r\n          \"osProfile\": {\r\n            \"linuxOperatingSystemProfile\": {\r\n              \"username\": \"hdiuser\"\r\n            }\r\n          }\r\n        },\r\n        {\r\n          \"name\": \"zookeepernode\",\r\n          \"targetInstanceCount\": 3,\r\n          \"hardwareProfile\": {\r\n            \"vmSize\": \"Medium\"\r\n          },\r\n          \"osProfile\": {\r\n            \"linuxOperatingSystemProfile\": {\r\n              \"username\": \"hdiuser\"\r\n            }\r\n          }\r\n        }\r\n      ]\r\n    },\r\n    \"provisioningState\": \"InProgress\",\r\n    \"clusterState\": \"HdInsightConfiguration\",\r\n    \"createdDate\": \"2016-09-25T04:25:19.65\",\r\n    \"quotaInfo\": {\r\n      \"coresUsed\": 20\r\n    },\r\n    \"connectivityEndpoints\": [\r\n      {\r\n        \"name\": \"SSH\",\r\n        \"protocol\": \"TCP\",\r\n        \"location\": \"hdisdk-iaasclusternew-ssh.azurehdinsight.net\",\r\n        \"port\": 22\r\n      },\r\n      {\r\n        \"name\": \"HTTPS\",\r\n        \"protocol\": \"TCP\",\r\n        \"location\": \"hdisdk-iaasclusternew.azurehdinsight.net\",\r\n        \"port\": 443\r\n      }\r\n    ],\r\n    \"tier\": \"standard\"\r\n  }\r\n}",
      "ResponseHeaders": {
        "Content-Length": [
          "1346"
        ],
        "Content-Type": [
          "application/json; charset=utf-8"
        ],
        "Expires": [
          "-1"
        ],
        "Pragma": [
          "no-cache"
        ],
        "x-ms-request-id": [
          "97d6f449-53a0-417b-880c-c8213cf9dc4a"
        ],
        "x-ms-ratelimit-remaining-subscription-reads": [
          "14896"
        ],
        "x-ms-correlation-request-id": [
          "15a8dc3c-56c8-4914-a35f-e04a3f55e0e2"
        ],
        "x-ms-routing-request-id": [
          "WESTUS2:20160925T043631Z:15a8dc3c-56c8-4914-a35f-e04a3f55e0e2"
        ],
        "Strict-Transport-Security": [
          "max-age=31536000; includeSubDomains"
        ],
        "Cache-Control": [
          "no-cache"
        ],
        "Date": [
          "Sun, 25 Sep 2016 04:36:31 GMT"
        ],
        "Server": [
          "Microsoft-IIS/8.5"
        ],
        "X-Powered-By": [
          "ASP.NET"
        ]
      },
      "StatusCode": 200
    },
    {
      "RequestUri": "/subscriptions/26d6d535-5164-443d-82f6-4c695caf7688/resourceGroups/hdi6409/providers/Microsoft.HDInsight/clusters/hdisdk-iaasclusternew?api-version=2015-03-01-preview",
      "EncodedRequestUri": "L3N1YnNjcmlwdGlvbnMvMjZkNmQ1MzUtNTE2NC00NDNkLTgyZjYtNGM2OTVjYWY3Njg4L3Jlc291cmNlR3JvdXBzL2hkaTY0MDkvcHJvdmlkZXJzL01pY3Jvc29mdC5IREluc2lnaHQvY2x1c3RlcnMvaGRpc2RrLWlhYXNjbHVzdGVybmV3P2FwaS12ZXJzaW9uPTIwMTUtMDMtMDEtcHJldmlldw==",
      "RequestMethod": "GET",
      "RequestBody": "",
      "RequestHeaders": {
        "User-Agent": [
          "ARM",
          "SDK",
          "v1.0.12-preview"
        ]
      },
      "ResponseBody": "{\r\n  \"id\": \"/subscriptions/26d6d535-5164-443d-82f6-4c695caf7688/resourceGroups/hdi6409/providers/Microsoft.HDInsight/clusters/hdisdk-iaasclusternew\",\r\n  \"name\": \"hdisdk-iaasclusternew\",\r\n  \"type\": \"Microsoft.HDInsight/clusters\",\r\n  \"location\": \"East US\",\r\n  \"etag\": \"7637b993-3521-4e93-90b4-8a7bae29c848\",\r\n  \"tags\": null,\r\n  \"properties\": {\r\n    \"clusterVersion\": \"3.2.1000.0\",\r\n    \"osType\": \"Linux\",\r\n    \"clusterDefinition\": {\r\n      \"blueprint\": \"https://blueprints.azurehdinsight.net/hadoop-3.2.1000.0.8350539.json\",\r\n      \"kind\": \"Hadoop\"\r\n    },\r\n    \"computeProfile\": {\r\n      \"roles\": [\r\n        {\r\n          \"name\": \"headnode\",\r\n          \"targetInstanceCount\": 2,\r\n          \"hardwareProfile\": {\r\n            \"vmSize\": \"Standard_D3\"\r\n          },\r\n          \"osProfile\": {\r\n            \"linuxOperatingSystemProfile\": {\r\n              \"username\": \"hdiuser\"\r\n            }\r\n          }\r\n        },\r\n        {\r\n          \"name\": \"workernode\",\r\n          \"targetInstanceCount\": 3,\r\n          \"hardwareProfile\": {\r\n            \"vmSize\": \"Large\"\r\n          },\r\n          \"osProfile\": {\r\n            \"linuxOperatingSystemProfile\": {\r\n              \"username\": \"hdiuser\"\r\n            }\r\n          }\r\n        },\r\n        {\r\n          \"name\": \"zookeepernode\",\r\n          \"targetInstanceCount\": 3,\r\n          \"hardwareProfile\": {\r\n            \"vmSize\": \"Medium\"\r\n          },\r\n          \"osProfile\": {\r\n            \"linuxOperatingSystemProfile\": {\r\n              \"username\": \"hdiuser\"\r\n            }\r\n          }\r\n        }\r\n      ]\r\n    },\r\n    \"provisioningState\": \"InProgress\",\r\n    \"clusterState\": \"HdInsightConfiguration\",\r\n    \"createdDate\": \"2016-09-25T04:25:19.65\",\r\n    \"quotaInfo\": {\r\n      \"coresUsed\": 20\r\n    },\r\n    \"connectivityEndpoints\": [\r\n      {\r\n        \"name\": \"SSH\",\r\n        \"protocol\": \"TCP\",\r\n        \"location\": \"hdisdk-iaasclusternew-ssh.azurehdinsight.net\",\r\n        \"port\": 22\r\n      },\r\n      {\r\n        \"name\": \"HTTPS\",\r\n        \"protocol\": \"TCP\",\r\n        \"location\": \"hdisdk-iaasclusternew.azurehdinsight.net\",\r\n        \"port\": 443\r\n      }\r\n    ],\r\n    \"tier\": \"standard\"\r\n  }\r\n}",
      "ResponseHeaders": {
        "Content-Length": [
          "1346"
        ],
        "Content-Type": [
          "application/json; charset=utf-8"
        ],
        "Expires": [
          "-1"
        ],
        "Pragma": [
          "no-cache"
        ],
        "x-ms-request-id": [
          "e8fa10c8-5bca-41a1-ad9a-c3fac035597b"
        ],
        "x-ms-ratelimit-remaining-subscription-reads": [
          "14892"
        ],
        "x-ms-correlation-request-id": [
          "2d70304b-c333-4ad9-b4fc-14b9711560ad"
        ],
        "x-ms-routing-request-id": [
          "WESTUS2:20160925T043732Z:2d70304b-c333-4ad9-b4fc-14b9711560ad"
        ],
        "Strict-Transport-Security": [
          "max-age=31536000; includeSubDomains"
        ],
        "Cache-Control": [
          "no-cache"
        ],
        "Date": [
          "Sun, 25 Sep 2016 04:37:32 GMT"
        ],
        "Server": [
          "Microsoft-IIS/8.5"
        ],
        "X-Powered-By": [
          "ASP.NET"
        ]
      },
      "StatusCode": 200
    },
    {
      "RequestUri": "/subscriptions/26d6d535-5164-443d-82f6-4c695caf7688/resourceGroups/hdi6409/providers/Microsoft.HDInsight/clusters/hdisdk-iaasclusternew?api-version=2015-03-01-preview",
      "EncodedRequestUri": "L3N1YnNjcmlwdGlvbnMvMjZkNmQ1MzUtNTE2NC00NDNkLTgyZjYtNGM2OTVjYWY3Njg4L3Jlc291cmNlR3JvdXBzL2hkaTY0MDkvcHJvdmlkZXJzL01pY3Jvc29mdC5IREluc2lnaHQvY2x1c3RlcnMvaGRpc2RrLWlhYXNjbHVzdGVybmV3P2FwaS12ZXJzaW9uPTIwMTUtMDMtMDEtcHJldmlldw==",
      "RequestMethod": "GET",
      "RequestBody": "",
      "RequestHeaders": {
        "User-Agent": [
          "ARM",
          "SDK",
          "v1.0.12-preview"
        ]
      },
      "ResponseBody": "{\r\n  \"id\": \"/subscriptions/26d6d535-5164-443d-82f6-4c695caf7688/resourceGroups/hdi6409/providers/Microsoft.HDInsight/clusters/hdisdk-iaasclusternew\",\r\n  \"name\": \"hdisdk-iaasclusternew\",\r\n  \"type\": \"Microsoft.HDInsight/clusters\",\r\n  \"location\": \"East US\",\r\n  \"etag\": \"7637b993-3521-4e93-90b4-8a7bae29c848\",\r\n  \"tags\": null,\r\n  \"properties\": {\r\n    \"clusterVersion\": \"3.2.1000.0\",\r\n    \"osType\": \"Linux\",\r\n    \"clusterDefinition\": {\r\n      \"blueprint\": \"https://blueprints.azurehdinsight.net/hadoop-3.2.1000.0.8350539.json\",\r\n      \"kind\": \"Hadoop\"\r\n    },\r\n    \"computeProfile\": {\r\n      \"roles\": [\r\n        {\r\n          \"name\": \"headnode\",\r\n          \"targetInstanceCount\": 2,\r\n          \"hardwareProfile\": {\r\n            \"vmSize\": \"Standard_D3\"\r\n          },\r\n          \"osProfile\": {\r\n            \"linuxOperatingSystemProfile\": {\r\n              \"username\": \"hdiuser\"\r\n            }\r\n          }\r\n        },\r\n        {\r\n          \"name\": \"workernode\",\r\n          \"targetInstanceCount\": 3,\r\n          \"hardwareProfile\": {\r\n            \"vmSize\": \"Large\"\r\n          },\r\n          \"osProfile\": {\r\n            \"linuxOperatingSystemProfile\": {\r\n              \"username\": \"hdiuser\"\r\n            }\r\n          }\r\n        },\r\n        {\r\n          \"name\": \"zookeepernode\",\r\n          \"targetInstanceCount\": 3,\r\n          \"hardwareProfile\": {\r\n            \"vmSize\": \"Medium\"\r\n          },\r\n          \"osProfile\": {\r\n            \"linuxOperatingSystemProfile\": {\r\n              \"username\": \"hdiuser\"\r\n            }\r\n          }\r\n        }\r\n      ]\r\n    },\r\n    \"provisioningState\": \"InProgress\",\r\n    \"clusterState\": \"HdInsightConfiguration\",\r\n    \"createdDate\": \"2016-09-25T04:25:19.65\",\r\n    \"quotaInfo\": {\r\n      \"coresUsed\": 20\r\n    },\r\n    \"connectivityEndpoints\": [\r\n      {\r\n        \"name\": \"SSH\",\r\n        \"protocol\": \"TCP\",\r\n        \"location\": \"hdisdk-iaasclusternew-ssh.azurehdinsight.net\",\r\n        \"port\": 22\r\n      },\r\n      {\r\n        \"name\": \"HTTPS\",\r\n        \"protocol\": \"TCP\",\r\n        \"location\": \"hdisdk-iaasclusternew.azurehdinsight.net\",\r\n        \"port\": 443\r\n      }\r\n    ],\r\n    \"tier\": \"standard\"\r\n  }\r\n}",
      "ResponseHeaders": {
        "Content-Length": [
          "1346"
        ],
        "Content-Type": [
          "application/json; charset=utf-8"
        ],
        "Expires": [
          "-1"
        ],
        "Pragma": [
          "no-cache"
        ],
        "x-ms-request-id": [
          "d733ddb0-e918-42ec-8016-ca11e8d82d9e"
        ],
        "x-ms-ratelimit-remaining-subscription-reads": [
          "14889"
        ],
        "x-ms-correlation-request-id": [
          "3ecc7522-a85a-4a81-8a70-ab7a5577f23f"
        ],
        "x-ms-routing-request-id": [
          "WESTUS2:20160925T043833Z:3ecc7522-a85a-4a81-8a70-ab7a5577f23f"
        ],
        "Strict-Transport-Security": [
          "max-age=31536000; includeSubDomains"
        ],
        "Cache-Control": [
          "no-cache"
        ],
        "Date": [
          "Sun, 25 Sep 2016 04:38:32 GMT"
        ],
        "Server": [
          "Microsoft-IIS/8.5"
        ],
        "X-Powered-By": [
          "ASP.NET"
        ]
      },
      "StatusCode": 200
    },
    {
      "RequestUri": "/subscriptions/26d6d535-5164-443d-82f6-4c695caf7688/resourceGroups/hdi6409/providers/Microsoft.HDInsight/clusters/hdisdk-iaasclusternew?api-version=2015-03-01-preview",
      "EncodedRequestUri": "L3N1YnNjcmlwdGlvbnMvMjZkNmQ1MzUtNTE2NC00NDNkLTgyZjYtNGM2OTVjYWY3Njg4L3Jlc291cmNlR3JvdXBzL2hkaTY0MDkvcHJvdmlkZXJzL01pY3Jvc29mdC5IREluc2lnaHQvY2x1c3RlcnMvaGRpc2RrLWlhYXNjbHVzdGVybmV3P2FwaS12ZXJzaW9uPTIwMTUtMDMtMDEtcHJldmlldw==",
      "RequestMethod": "GET",
      "RequestBody": "",
      "RequestHeaders": {
        "User-Agent": [
          "ARM",
          "SDK",
          "v1.0.12-preview"
        ]
      },
      "ResponseBody": "{\r\n  \"id\": \"/subscriptions/26d6d535-5164-443d-82f6-4c695caf7688/resourceGroups/hdi6409/providers/Microsoft.HDInsight/clusters/hdisdk-iaasclusternew\",\r\n  \"name\": \"hdisdk-iaasclusternew\",\r\n  \"type\": \"Microsoft.HDInsight/clusters\",\r\n  \"location\": \"East US\",\r\n  \"etag\": \"7637b993-3521-4e93-90b4-8a7bae29c848\",\r\n  \"tags\": null,\r\n  \"properties\": {\r\n    \"clusterVersion\": \"3.2.1000.0\",\r\n    \"osType\": \"Linux\",\r\n    \"clusterDefinition\": {\r\n      \"blueprint\": \"https://blueprints.azurehdinsight.net/hadoop-3.2.1000.0.8350539.json\",\r\n      \"kind\": \"Hadoop\"\r\n    },\r\n    \"computeProfile\": {\r\n      \"roles\": [\r\n        {\r\n          \"name\": \"headnode\",\r\n          \"targetInstanceCount\": 2,\r\n          \"hardwareProfile\": {\r\n            \"vmSize\": \"Standard_D3\"\r\n          },\r\n          \"osProfile\": {\r\n            \"linuxOperatingSystemProfile\": {\r\n              \"username\": \"hdiuser\"\r\n            }\r\n          }\r\n        },\r\n        {\r\n          \"name\": \"workernode\",\r\n          \"targetInstanceCount\": 3,\r\n          \"hardwareProfile\": {\r\n            \"vmSize\": \"Large\"\r\n          },\r\n          \"osProfile\": {\r\n            \"linuxOperatingSystemProfile\": {\r\n              \"username\": \"hdiuser\"\r\n            }\r\n          }\r\n        },\r\n        {\r\n          \"name\": \"zookeepernode\",\r\n          \"targetInstanceCount\": 3,\r\n          \"hardwareProfile\": {\r\n            \"vmSize\": \"Medium\"\r\n          },\r\n          \"osProfile\": {\r\n            \"linuxOperatingSystemProfile\": {\r\n              \"username\": \"hdiuser\"\r\n            }\r\n          }\r\n        }\r\n      ]\r\n    },\r\n    \"provisioningState\": \"Succeeded\",\r\n    \"clusterState\": \"Running\",\r\n    \"createdDate\": \"2016-09-25T04:25:19.65\",\r\n    \"quotaInfo\": {\r\n      \"coresUsed\": 20\r\n    },\r\n    \"connectivityEndpoints\": [\r\n      {\r\n        \"name\": \"SSH\",\r\n        \"protocol\": \"TCP\",\r\n        \"location\": \"hdisdk-iaasclusternew-ssh.azurehdinsight.net\",\r\n        \"port\": 22\r\n      },\r\n      {\r\n        \"name\": \"HTTPS\",\r\n        \"protocol\": \"TCP\",\r\n        \"location\": \"hdisdk-iaasclusternew.azurehdinsight.net\",\r\n        \"port\": 443\r\n      }\r\n    ],\r\n    \"tier\": \"standard\"\r\n  }\r\n}",
      "ResponseHeaders": {
        "Content-Length": [
          "1330"
        ],
        "Content-Type": [
          "application/json; charset=utf-8"
        ],
        "Expires": [
          "-1"
        ],
        "Pragma": [
          "no-cache"
        ],
        "x-ms-request-id": [
          "96b29055-fa86-44bd-9ab8-8fb74d678be9"
        ],
        "x-ms-ratelimit-remaining-subscription-reads": [
          "14886"
        ],
        "x-ms-correlation-request-id": [
          "65743982-fcc1-477b-ab90-965ea9836bd8"
        ],
        "x-ms-routing-request-id": [
          "WESTUS2:20160925T043934Z:65743982-fcc1-477b-ab90-965ea9836bd8"
        ],
        "Strict-Transport-Security": [
          "max-age=31536000; includeSubDomains"
        ],
        "Cache-Control": [
          "no-cache"
        ],
        "Date": [
          "Sun, 25 Sep 2016 04:39:34 GMT"
        ],
        "Server": [
          "Microsoft-IIS/8.5"
        ],
        "X-Powered-By": [
          "ASP.NET"
        ]
      },
      "StatusCode": 200
    },
    {
      "RequestUri": "/subscriptions/26d6d535-5164-443d-82f6-4c695caf7688/resourceGroups/hdi6409/providers/Microsoft.HDInsight/clusters/hdisdk-iaasclusternew?api-version=2015-03-01-preview",
      "EncodedRequestUri": "L3N1YnNjcmlwdGlvbnMvMjZkNmQ1MzUtNTE2NC00NDNkLTgyZjYtNGM2OTVjYWY3Njg4L3Jlc291cmNlR3JvdXBzL2hkaTY0MDkvcHJvdmlkZXJzL01pY3Jvc29mdC5IREluc2lnaHQvY2x1c3RlcnMvaGRpc2RrLWlhYXNjbHVzdGVybmV3P2FwaS12ZXJzaW9uPTIwMTUtMDMtMDEtcHJldmlldw==",
      "RequestMethod": "GET",
      "RequestBody": "",
      "RequestHeaders": {
        "User-Agent": [
          "ARM",
          "SDK",
          "v1.0.12-preview"
        ]
      },
      "ResponseBody": "{\r\n  \"id\": \"/subscriptions/26d6d535-5164-443d-82f6-4c695caf7688/resourceGroups/hdi6409/providers/Microsoft.HDInsight/clusters/hdisdk-iaasclusternew\",\r\n  \"name\": \"hdisdk-iaasclusternew\",\r\n  \"type\": \"Microsoft.HDInsight/clusters\",\r\n  \"location\": \"East US\",\r\n  \"etag\": \"7637b993-3521-4e93-90b4-8a7bae29c848\",\r\n  \"tags\": null,\r\n  \"properties\": {\r\n    \"clusterVersion\": \"3.2.1000.0\",\r\n    \"osType\": \"Linux\",\r\n    \"clusterDefinition\": {\r\n      \"blueprint\": \"https://blueprints.azurehdinsight.net/hadoop-3.2.1000.0.8350539.json\",\r\n      \"kind\": \"Hadoop\"\r\n    },\r\n    \"computeProfile\": {\r\n      \"roles\": [\r\n        {\r\n          \"name\": \"headnode\",\r\n          \"targetInstanceCount\": 2,\r\n          \"hardwareProfile\": {\r\n            \"vmSize\": \"Standard_D3\"\r\n          },\r\n          \"osProfile\": {\r\n            \"linuxOperatingSystemProfile\": {\r\n              \"username\": \"hdiuser\"\r\n            }\r\n          }\r\n        },\r\n        {\r\n          \"name\": \"workernode\",\r\n          \"targetInstanceCount\": 3,\r\n          \"hardwareProfile\": {\r\n            \"vmSize\": \"Large\"\r\n          },\r\n          \"osProfile\": {\r\n            \"linuxOperatingSystemProfile\": {\r\n              \"username\": \"hdiuser\"\r\n            }\r\n          }\r\n        },\r\n        {\r\n          \"name\": \"zookeepernode\",\r\n          \"targetInstanceCount\": 3,\r\n          \"hardwareProfile\": {\r\n            \"vmSize\": \"Medium\"\r\n          },\r\n          \"osProfile\": {\r\n            \"linuxOperatingSystemProfile\": {\r\n              \"username\": \"hdiuser\"\r\n            }\r\n          }\r\n        }\r\n      ]\r\n    },\r\n    \"provisioningState\": \"Succeeded\",\r\n    \"clusterState\": \"Running\",\r\n    \"createdDate\": \"2016-09-25T04:25:19.65\",\r\n    \"quotaInfo\": {\r\n      \"coresUsed\": 20\r\n    },\r\n    \"connectivityEndpoints\": [\r\n      {\r\n        \"name\": \"SSH\",\r\n        \"protocol\": \"TCP\",\r\n        \"location\": \"hdisdk-iaasclusternew-ssh.azurehdinsight.net\",\r\n        \"port\": 22\r\n      },\r\n      {\r\n        \"name\": \"HTTPS\",\r\n        \"protocol\": \"TCP\",\r\n        \"location\": \"hdisdk-iaasclusternew.azurehdinsight.net\",\r\n        \"port\": 443\r\n      }\r\n    ],\r\n    \"tier\": \"standard\"\r\n  }\r\n}",
      "ResponseHeaders": {
        "Content-Length": [
          "1330"
        ],
        "Content-Type": [
          "application/json; charset=utf-8"
        ],
        "Expires": [
          "-1"
        ],
        "Pragma": [
          "no-cache"
        ],
        "x-ms-request-id": [
          "5cf854be-1da7-45e6-941b-82e4a3bef43a"
        ],
        "x-ms-ratelimit-remaining-subscription-reads": [
          "14885"
        ],
        "x-ms-correlation-request-id": [
          "aae1f31b-6f48-4c85-9eef-dbf72b7fab92"
        ],
        "x-ms-routing-request-id": [
          "WESTUS2:20160925T043935Z:aae1f31b-6f48-4c85-9eef-dbf72b7fab92"
        ],
        "Strict-Transport-Security": [
          "max-age=31536000; includeSubDomains"
        ],
        "Cache-Control": [
          "no-cache"
        ],
        "Date": [
          "Sun, 25 Sep 2016 04:39:35 GMT"
        ],
        "Server": [
          "Microsoft-IIS/8.5"
        ],
        "X-Powered-By": [
          "ASP.NET"
        ]
      },
      "StatusCode": 200
    },
    {
      "RequestUri": "/subscriptions/26d6d535-5164-443d-82f6-4c695caf7688/resourceGroups/hdi6409/providers/Microsoft.HDInsight/clusters/hdisdk-iaasclusternew?api-version=2015-03-01-preview",
      "EncodedRequestUri": "L3N1YnNjcmlwdGlvbnMvMjZkNmQ1MzUtNTE2NC00NDNkLTgyZjYtNGM2OTVjYWY3Njg4L3Jlc291cmNlR3JvdXBzL2hkaTY0MDkvcHJvdmlkZXJzL01pY3Jvc29mdC5IREluc2lnaHQvY2x1c3RlcnMvaGRpc2RrLWlhYXNjbHVzdGVybmV3P2FwaS12ZXJzaW9uPTIwMTUtMDMtMDEtcHJldmlldw==",
      "RequestMethod": "DELETE",
      "RequestBody": "",
      "RequestHeaders": {
        "User-Agent": [
          "ARM",
          "SDK",
          "v1.0.12-preview"
        ]
      },
      "ResponseBody": "",
      "ResponseHeaders": {
        "Content-Length": [
          "0"
        ],
        "Expires": [
          "-1"
        ],
        "Pragma": [
          "no-cache"
        ],
        "Retry-After": [
          "60"
        ],
        "Azure-AsyncOperation": [
          "https://management.azure.com:443/subscriptions/26d6d535-5164-443d-82f6-4c695caf7688/providers/Microsoft.HDInsight/locations/East US/azureasyncoperations/df923409-fb99-4a12-a804-e7dc4a2baf28-0?api-version=2015-03-01-preview"
        ],
        "x-ms-request-id": [
          "8ec37845-8e65-4a16-b00f-3de58c328c99"
        ],
        "x-ms-ratelimit-remaining-subscription-writes": [
          "1197"
        ],
        "x-ms-correlation-request-id": [
          "73d600b0-377c-46f6-80d5-1b676567fc88"
        ],
        "x-ms-routing-request-id": [
          "WESTUS2:20160925T043937Z:73d600b0-377c-46f6-80d5-1b676567fc88"
        ],
        "Strict-Transport-Security": [
          "max-age=31536000; includeSubDomains"
        ],
        "Cache-Control": [
          "no-cache"
        ],
        "Date": [
          "Sun, 25 Sep 2016 04:39:36 GMT"
        ],
        "Location": [
          "https://management.azure.com/subscriptions/26d6d535-5164-443d-82f6-4c695caf7688/providers/Microsoft.HDInsight/locations/East%20US/operationresults/df923409-fb99-4a12-a804-e7dc4a2baf28-0?api-version=2015-03-01-preview"
        ],
        "Server": [
          "Microsoft-IIS/8.5"
        ],
        "X-Powered-By": [
          "ASP.NET"
        ]
      },
      "StatusCode": 202
    },
    {
      "RequestUri": "/subscriptions/26d6d535-5164-443d-82f6-4c695caf7688/providers/Microsoft.HDInsight/locations/East%20US/azureasyncoperations/df923409-fb99-4a12-a804-e7dc4a2baf28-0?api-version=2015-03-01-preview",
      "EncodedRequestUri": "L3N1YnNjcmlwdGlvbnMvMjZkNmQ1MzUtNTE2NC00NDNkLTgyZjYtNGM2OTVjYWY3Njg4L3Byb3ZpZGVycy9NaWNyb3NvZnQuSERJbnNpZ2h0L2xvY2F0aW9ucy9FYXN0JTIwVVMvYXp1cmVhc3luY29wZXJhdGlvbnMvZGY5MjM0MDktZmI5OS00YTEyLWE4MDQtZTdkYzRhMmJhZjI4LTA/YXBpLXZlcnNpb249MjAxNS0wMy0wMS1wcmV2aWV3",
      "RequestMethod": "GET",
      "RequestBody": "",
      "RequestHeaders": {
        "User-Agent": [
          "ARM",
          "SDK",
          "v1.0.12-preview"
        ],
        "x-ms-version": [
          "2015-03-01-preview"
        ]
      },
      "ResponseBody": "{\r\n  \"status\": \"InProgress\"\r\n}",
      "ResponseHeaders": {
        "Content-Length": [
          "23"
        ],
        "Content-Type": [
          "application/json; charset=utf-8"
        ],
        "Expires": [
          "-1"
        ],
        "Pragma": [
          "no-cache"
        ],
        "x-ms-request-id": [
          "fc8d87e9-e925-46cd-96fc-331836e0ef82"
        ],
        "x-ms-ratelimit-remaining-subscription-reads": [
          "14884"
        ],
        "x-ms-correlation-request-id": [
          "abf93b61-cb76-41f0-8e2b-bebcb4464c39"
        ],
        "x-ms-routing-request-id": [
          "WESTUS2:20160925T043937Z:abf93b61-cb76-41f0-8e2b-bebcb4464c39"
        ],
        "Strict-Transport-Security": [
          "max-age=31536000; includeSubDomains"
        ],
        "Cache-Control": [
          "no-cache"
        ],
        "Date": [
          "Sun, 25 Sep 2016 04:39:37 GMT"
        ],
        "Server": [
          "Microsoft-IIS/8.5"
        ],
        "X-Powered-By": [
          "ASP.NET"
        ]
      },
      "StatusCode": 200
    },
    {
      "RequestUri": "/subscriptions/26d6d535-5164-443d-82f6-4c695caf7688/providers/Microsoft.HDInsight/locations/East%20US/azureasyncoperations/df923409-fb99-4a12-a804-e7dc4a2baf28-0?api-version=2015-03-01-preview",
      "EncodedRequestUri": "L3N1YnNjcmlwdGlvbnMvMjZkNmQ1MzUtNTE2NC00NDNkLTgyZjYtNGM2OTVjYWY3Njg4L3Byb3ZpZGVycy9NaWNyb3NvZnQuSERJbnNpZ2h0L2xvY2F0aW9ucy9FYXN0JTIwVVMvYXp1cmVhc3luY29wZXJhdGlvbnMvZGY5MjM0MDktZmI5OS00YTEyLWE4MDQtZTdkYzRhMmJhZjI4LTA/YXBpLXZlcnNpb249MjAxNS0wMy0wMS1wcmV2aWV3",
      "RequestMethod": "GET",
      "RequestBody": "",
      "RequestHeaders": {
        "User-Agent": [
          "ARM",
          "SDK",
          "v1.0.12-preview"
        ],
        "x-ms-version": [
          "2015-03-01-preview"
        ]
      },
      "ResponseBody": "{\r\n  \"status\": \"InProgress\"\r\n}",
      "ResponseHeaders": {
        "Content-Length": [
          "23"
        ],
        "Content-Type": [
          "application/json; charset=utf-8"
        ],
        "Expires": [
          "-1"
        ],
        "Pragma": [
          "no-cache"
        ],
        "x-ms-request-id": [
          "18659cb8-3fab-4044-9b69-31a711105ded"
        ],
        "x-ms-ratelimit-remaining-subscription-reads": [
          "14887"
        ],
        "x-ms-correlation-request-id": [
          "79738bbb-b220-43db-bf80-6a1fb2d2b1da"
        ],
        "x-ms-routing-request-id": [
          "WESTUS2:20160925T044038Z:79738bbb-b220-43db-bf80-6a1fb2d2b1da"
        ],
        "Strict-Transport-Security": [
          "max-age=31536000; includeSubDomains"
        ],
        "Cache-Control": [
          "no-cache"
        ],
        "Date": [
          "Sun, 25 Sep 2016 04:40:37 GMT"
        ],
        "Server": [
          "Microsoft-IIS/8.5"
        ],
        "X-Powered-By": [
          "ASP.NET"
        ]
      },
      "StatusCode": 200
    },
    {
      "RequestUri": "/subscriptions/26d6d535-5164-443d-82f6-4c695caf7688/providers/Microsoft.HDInsight/locations/East%20US/azureasyncoperations/df923409-fb99-4a12-a804-e7dc4a2baf28-0?api-version=2015-03-01-preview",
      "EncodedRequestUri": "L3N1YnNjcmlwdGlvbnMvMjZkNmQ1MzUtNTE2NC00NDNkLTgyZjYtNGM2OTVjYWY3Njg4L3Byb3ZpZGVycy9NaWNyb3NvZnQuSERJbnNpZ2h0L2xvY2F0aW9ucy9FYXN0JTIwVVMvYXp1cmVhc3luY29wZXJhdGlvbnMvZGY5MjM0MDktZmI5OS00YTEyLWE4MDQtZTdkYzRhMmJhZjI4LTA/YXBpLXZlcnNpb249MjAxNS0wMy0wMS1wcmV2aWV3",
      "RequestMethod": "GET",
      "RequestBody": "",
      "RequestHeaders": {
        "User-Agent": [
          "ARM",
          "SDK",
          "v1.0.12-preview"
        ],
        "x-ms-version": [
          "2015-03-01-preview"
        ]
      },
      "ResponseBody": "{\r\n  \"status\": \"InProgress\"\r\n}",
      "ResponseHeaders": {
        "Content-Length": [
          "23"
        ],
        "Content-Type": [
          "application/json; charset=utf-8"
        ],
        "Expires": [
          "-1"
        ],
        "Pragma": [
          "no-cache"
        ],
        "x-ms-request-id": [
          "d511a235-57b2-485e-9d2d-1c570c34fafb"
        ],
        "x-ms-ratelimit-remaining-subscription-reads": [
          "14881"
        ],
        "x-ms-correlation-request-id": [
          "95ee7055-6ad3-4741-b099-aeb2e456349c"
        ],
        "x-ms-routing-request-id": [
          "WESTUS2:20160925T044138Z:95ee7055-6ad3-4741-b099-aeb2e456349c"
        ],
        "Strict-Transport-Security": [
          "max-age=31536000; includeSubDomains"
        ],
        "Cache-Control": [
          "no-cache"
        ],
        "Date": [
          "Sun, 25 Sep 2016 04:41:37 GMT"
        ],
        "Server": [
          "Microsoft-IIS/8.5"
        ],
        "X-Powered-By": [
          "ASP.NET"
        ]
      },
      "StatusCode": 200
    },
    {
      "RequestUri": "/subscriptions/26d6d535-5164-443d-82f6-4c695caf7688/providers/Microsoft.HDInsight/locations/East%20US/azureasyncoperations/df923409-fb99-4a12-a804-e7dc4a2baf28-0?api-version=2015-03-01-preview",
      "EncodedRequestUri": "L3N1YnNjcmlwdGlvbnMvMjZkNmQ1MzUtNTE2NC00NDNkLTgyZjYtNGM2OTVjYWY3Njg4L3Byb3ZpZGVycy9NaWNyb3NvZnQuSERJbnNpZ2h0L2xvY2F0aW9ucy9FYXN0JTIwVVMvYXp1cmVhc3luY29wZXJhdGlvbnMvZGY5MjM0MDktZmI5OS00YTEyLWE4MDQtZTdkYzRhMmJhZjI4LTA/YXBpLXZlcnNpb249MjAxNS0wMy0wMS1wcmV2aWV3",
      "RequestMethod": "GET",
      "RequestBody": "",
      "RequestHeaders": {
        "User-Agent": [
          "ARM",
          "SDK",
          "v1.0.12-preview"
        ],
        "x-ms-version": [
          "2015-03-01-preview"
        ]
      },
      "ResponseBody": "{\r\n  \"status\": \"InProgress\"\r\n}",
      "ResponseHeaders": {
        "Content-Length": [
          "23"
        ],
        "Content-Type": [
          "application/json; charset=utf-8"
        ],
        "Expires": [
          "-1"
        ],
        "Pragma": [
          "no-cache"
        ],
        "x-ms-request-id": [
          "e03c32e5-ed35-4c6b-9ea8-87abeaf19ed9"
        ],
        "x-ms-ratelimit-remaining-subscription-reads": [
          "14880"
        ],
        "x-ms-correlation-request-id": [
          "9acc0e35-6178-4810-9700-d5e9b9647a50"
        ],
        "x-ms-routing-request-id": [
          "WESTUS2:20160925T044239Z:9acc0e35-6178-4810-9700-d5e9b9647a50"
        ],
        "Strict-Transport-Security": [
          "max-age=31536000; includeSubDomains"
        ],
        "Cache-Control": [
          "no-cache"
        ],
        "Date": [
          "Sun, 25 Sep 2016 04:42:38 GMT"
        ],
        "Server": [
          "Microsoft-IIS/8.5"
        ],
        "X-Powered-By": [
          "ASP.NET"
        ]
      },
      "StatusCode": 200
    },
    {
      "RequestUri": "/subscriptions/26d6d535-5164-443d-82f6-4c695caf7688/providers/Microsoft.HDInsight/locations/East%20US/azureasyncoperations/df923409-fb99-4a12-a804-e7dc4a2baf28-0?api-version=2015-03-01-preview",
      "EncodedRequestUri": "L3N1YnNjcmlwdGlvbnMvMjZkNmQ1MzUtNTE2NC00NDNkLTgyZjYtNGM2OTVjYWY3Njg4L3Byb3ZpZGVycy9NaWNyb3NvZnQuSERJbnNpZ2h0L2xvY2F0aW9ucy9FYXN0JTIwVVMvYXp1cmVhc3luY29wZXJhdGlvbnMvZGY5MjM0MDktZmI5OS00YTEyLWE4MDQtZTdkYzRhMmJhZjI4LTA/YXBpLXZlcnNpb249MjAxNS0wMy0wMS1wcmV2aWV3",
      "RequestMethod": "GET",
      "RequestBody": "",
      "RequestHeaders": {
        "User-Agent": [
          "ARM",
          "SDK",
          "v1.0.12-preview"
        ],
        "x-ms-version": [
          "2015-03-01-preview"
        ]
      },
      "ResponseBody": "{\r\n  \"status\": \"InProgress\"\r\n}",
      "ResponseHeaders": {
        "Content-Length": [
          "23"
        ],
        "Content-Type": [
          "application/json; charset=utf-8"
        ],
        "Expires": [
          "-1"
        ],
        "Pragma": [
          "no-cache"
        ],
        "x-ms-request-id": [
          "e2fdb332-4ac6-4c3e-b710-87c73f72f707"
        ],
        "x-ms-ratelimit-remaining-subscription-reads": [
          "14876"
        ],
        "x-ms-correlation-request-id": [
          "7b4de4c5-693a-416e-9946-c28670832aec"
        ],
        "x-ms-routing-request-id": [
          "WESTUS2:20160925T044339Z:7b4de4c5-693a-416e-9946-c28670832aec"
        ],
        "Strict-Transport-Security": [
          "max-age=31536000; includeSubDomains"
        ],
        "Cache-Control": [
          "no-cache"
        ],
        "Date": [
          "Sun, 25 Sep 2016 04:43:39 GMT"
        ],
        "Server": [
          "Microsoft-IIS/8.5"
        ],
        "X-Powered-By": [
          "ASP.NET"
        ]
      },
      "StatusCode": 200
    },
    {
      "RequestUri": "/subscriptions/26d6d535-5164-443d-82f6-4c695caf7688/providers/Microsoft.HDInsight/locations/East%20US/azureasyncoperations/df923409-fb99-4a12-a804-e7dc4a2baf28-0?api-version=2015-03-01-preview",
      "EncodedRequestUri": "L3N1YnNjcmlwdGlvbnMvMjZkNmQ1MzUtNTE2NC00NDNkLTgyZjYtNGM2OTVjYWY3Njg4L3Byb3ZpZGVycy9NaWNyb3NvZnQuSERJbnNpZ2h0L2xvY2F0aW9ucy9FYXN0JTIwVVMvYXp1cmVhc3luY29wZXJhdGlvbnMvZGY5MjM0MDktZmI5OS00YTEyLWE4MDQtZTdkYzRhMmJhZjI4LTA/YXBpLXZlcnNpb249MjAxNS0wMy0wMS1wcmV2aWV3",
      "RequestMethod": "GET",
      "RequestBody": "",
      "RequestHeaders": {
        "User-Agent": [
          "ARM",
          "SDK",
          "v1.0.12-preview"
        ],
        "x-ms-version": [
          "2015-03-01-preview"
        ]
      },
      "ResponseBody": "{\r\n  \"status\": \"InProgress\"\r\n}",
      "ResponseHeaders": {
        "Content-Length": [
          "23"
        ],
        "Content-Type": [
          "application/json; charset=utf-8"
        ],
        "Expires": [
          "-1"
        ],
        "Pragma": [
          "no-cache"
        ],
        "x-ms-request-id": [
          "6b48b2aa-b0a6-4dd4-a4e3-b7998c17b85b"
        ],
        "x-ms-ratelimit-remaining-subscription-reads": [
          "14874"
        ],
        "x-ms-correlation-request-id": [
          "d9443a91-9a9e-4f3b-9ce4-f80146138db5"
        ],
        "x-ms-routing-request-id": [
          "WESTUS2:20160925T044440Z:d9443a91-9a9e-4f3b-9ce4-f80146138db5"
        ],
        "Strict-Transport-Security": [
          "max-age=31536000; includeSubDomains"
        ],
        "Cache-Control": [
          "no-cache"
        ],
        "Date": [
          "Sun, 25 Sep 2016 04:44:39 GMT"
        ],
        "Server": [
          "Microsoft-IIS/8.5"
        ],
        "X-Powered-By": [
          "ASP.NET"
        ]
      },
      "StatusCode": 200
    },
    {
      "RequestUri": "/subscriptions/26d6d535-5164-443d-82f6-4c695caf7688/providers/Microsoft.HDInsight/locations/East%20US/azureasyncoperations/df923409-fb99-4a12-a804-e7dc4a2baf28-0?api-version=2015-03-01-preview",
      "EncodedRequestUri": "L3N1YnNjcmlwdGlvbnMvMjZkNmQ1MzUtNTE2NC00NDNkLTgyZjYtNGM2OTVjYWY3Njg4L3Byb3ZpZGVycy9NaWNyb3NvZnQuSERJbnNpZ2h0L2xvY2F0aW9ucy9FYXN0JTIwVVMvYXp1cmVhc3luY29wZXJhdGlvbnMvZGY5MjM0MDktZmI5OS00YTEyLWE4MDQtZTdkYzRhMmJhZjI4LTA/YXBpLXZlcnNpb249MjAxNS0wMy0wMS1wcmV2aWV3",
      "RequestMethod": "GET",
      "RequestBody": "",
      "RequestHeaders": {
        "User-Agent": [
          "ARM",
          "SDK",
          "v1.0.12-preview"
        ],
        "x-ms-version": [
          "2015-03-01-preview"
        ]
      },
      "ResponseBody": "{\r\n  \"status\": \"InProgress\"\r\n}",
      "ResponseHeaders": {
        "Content-Length": [
          "23"
        ],
        "Content-Type": [
          "application/json; charset=utf-8"
        ],
        "Expires": [
          "-1"
        ],
        "Pragma": [
          "no-cache"
        ],
        "x-ms-request-id": [
          "5b517095-a9ea-4f8e-bcb0-94a23739cb96"
        ],
        "x-ms-ratelimit-remaining-subscription-reads": [
          "14878"
        ],
        "x-ms-correlation-request-id": [
          "3fb14f2d-8241-4eaa-8e9c-9a0193436e15"
        ],
        "x-ms-routing-request-id": [
          "WESTUS2:20160925T044540Z:3fb14f2d-8241-4eaa-8e9c-9a0193436e15"
        ],
        "Strict-Transport-Security": [
          "max-age=31536000; includeSubDomains"
        ],
        "Cache-Control": [
          "no-cache"
        ],
        "Date": [
          "Sun, 25 Sep 2016 04:45:40 GMT"
        ],
        "Server": [
          "Microsoft-IIS/8.5"
        ],
        "X-Powered-By": [
          "ASP.NET"
        ]
      },
      "StatusCode": 200
    },
    {
      "RequestUri": "/subscriptions/26d6d535-5164-443d-82f6-4c695caf7688/providers/Microsoft.HDInsight/locations/East%20US/azureasyncoperations/df923409-fb99-4a12-a804-e7dc4a2baf28-0?api-version=2015-03-01-preview",
      "EncodedRequestUri": "L3N1YnNjcmlwdGlvbnMvMjZkNmQ1MzUtNTE2NC00NDNkLTgyZjYtNGM2OTVjYWY3Njg4L3Byb3ZpZGVycy9NaWNyb3NvZnQuSERJbnNpZ2h0L2xvY2F0aW9ucy9FYXN0JTIwVVMvYXp1cmVhc3luY29wZXJhdGlvbnMvZGY5MjM0MDktZmI5OS00YTEyLWE4MDQtZTdkYzRhMmJhZjI4LTA/YXBpLXZlcnNpb249MjAxNS0wMy0wMS1wcmV2aWV3",
      "RequestMethod": "GET",
      "RequestBody": "",
      "RequestHeaders": {
        "User-Agent": [
          "ARM",
          "SDK",
          "v1.0.12-preview"
        ],
        "x-ms-version": [
          "2015-03-01-preview"
        ]
      },
      "ResponseBody": "{\r\n  \"status\": \"InProgress\"\r\n}",
      "ResponseHeaders": {
        "Content-Length": [
          "23"
        ],
        "Content-Type": [
          "application/json; charset=utf-8"
        ],
        "Expires": [
          "-1"
        ],
        "Pragma": [
          "no-cache"
        ],
        "x-ms-request-id": [
          "04726cb0-a3a6-4eb5-8d6e-f3bc459e219d"
        ],
        "x-ms-ratelimit-remaining-subscription-reads": [
          "14873"
        ],
        "x-ms-correlation-request-id": [
          "ef3b3fe3-2c99-497b-bf0c-8048ae8e49b5"
        ],
        "x-ms-routing-request-id": [
          "WESTUS2:20160925T044641Z:ef3b3fe3-2c99-497b-bf0c-8048ae8e49b5"
        ],
        "Strict-Transport-Security": [
          "max-age=31536000; includeSubDomains"
        ],
        "Cache-Control": [
          "no-cache"
        ],
        "Date": [
          "Sun, 25 Sep 2016 04:46:40 GMT"
        ],
        "Server": [
          "Microsoft-IIS/8.5"
        ],
        "X-Powered-By": [
          "ASP.NET"
        ]
      },
      "StatusCode": 200
    },
    {
      "RequestUri": "/subscriptions/26d6d535-5164-443d-82f6-4c695caf7688/providers/Microsoft.HDInsight/locations/East%20US/azureasyncoperations/df923409-fb99-4a12-a804-e7dc4a2baf28-0?api-version=2015-03-01-preview",
      "EncodedRequestUri": "L3N1YnNjcmlwdGlvbnMvMjZkNmQ1MzUtNTE2NC00NDNkLTgyZjYtNGM2OTVjYWY3Njg4L3Byb3ZpZGVycy9NaWNyb3NvZnQuSERJbnNpZ2h0L2xvY2F0aW9ucy9FYXN0JTIwVVMvYXp1cmVhc3luY29wZXJhdGlvbnMvZGY5MjM0MDktZmI5OS00YTEyLWE4MDQtZTdkYzRhMmJhZjI4LTA/YXBpLXZlcnNpb249MjAxNS0wMy0wMS1wcmV2aWV3",
      "RequestMethod": "GET",
      "RequestBody": "",
      "RequestHeaders": {
        "User-Agent": [
          "ARM",
          "SDK",
          "v1.0.12-preview"
        ],
        "x-ms-version": [
          "2015-03-01-preview"
        ]
      },
      "ResponseBody": "{\r\n  \"status\": \"InProgress\"\r\n}",
      "ResponseHeaders": {
        "Content-Length": [
          "23"
        ],
        "Content-Type": [
          "application/json; charset=utf-8"
        ],
        "Expires": [
          "-1"
        ],
        "Pragma": [
          "no-cache"
        ],
        "x-ms-request-id": [
          "15f46a55-4dca-4f3c-aae5-aaeb95540b6b"
        ],
        "x-ms-ratelimit-remaining-subscription-reads": [
          "14869"
        ],
        "x-ms-correlation-request-id": [
          "5f56dcf5-283e-49a0-8430-394dbbe7b630"
        ],
        "x-ms-routing-request-id": [
          "WESTUS2:20160925T044741Z:5f56dcf5-283e-49a0-8430-394dbbe7b630"
        ],
        "Strict-Transport-Security": [
          "max-age=31536000; includeSubDomains"
        ],
        "Cache-Control": [
          "no-cache"
        ],
        "Date": [
          "Sun, 25 Sep 2016 04:47:41 GMT"
        ],
        "Server": [
          "Microsoft-IIS/8.5"
        ],
        "X-Powered-By": [
          "ASP.NET"
        ]
      },
      "StatusCode": 200
    },
    {
      "RequestUri": "/subscriptions/26d6d535-5164-443d-82f6-4c695caf7688/providers/Microsoft.HDInsight/locations/East%20US/azureasyncoperations/df923409-fb99-4a12-a804-e7dc4a2baf28-0?api-version=2015-03-01-preview",
      "EncodedRequestUri": "L3N1YnNjcmlwdGlvbnMvMjZkNmQ1MzUtNTE2NC00NDNkLTgyZjYtNGM2OTVjYWY3Njg4L3Byb3ZpZGVycy9NaWNyb3NvZnQuSERJbnNpZ2h0L2xvY2F0aW9ucy9FYXN0JTIwVVMvYXp1cmVhc3luY29wZXJhdGlvbnMvZGY5MjM0MDktZmI5OS00YTEyLWE4MDQtZTdkYzRhMmJhZjI4LTA/YXBpLXZlcnNpb249MjAxNS0wMy0wMS1wcmV2aWV3",
      "RequestMethod": "GET",
      "RequestBody": "",
      "RequestHeaders": {
        "User-Agent": [
          "ARM",
          "SDK",
          "v1.0.12-preview"
        ],
        "x-ms-version": [
          "2015-03-01-preview"
        ]
      },
      "ResponseBody": "{\r\n  \"status\": \"InProgress\"\r\n}",
      "ResponseHeaders": {
        "Content-Length": [
          "23"
        ],
        "Content-Type": [
          "application/json; charset=utf-8"
        ],
        "Expires": [
          "-1"
        ],
        "Pragma": [
          "no-cache"
        ],
        "x-ms-request-id": [
          "860f9d8e-a1f5-49e4-b369-45136a2967d4"
        ],
        "x-ms-ratelimit-remaining-subscription-reads": [
          "14866"
        ],
        "x-ms-correlation-request-id": [
          "8896b97e-8c2f-4700-9525-437fd799beef"
        ],
        "x-ms-routing-request-id": [
          "WESTUS2:20160925T044842Z:8896b97e-8c2f-4700-9525-437fd799beef"
        ],
        "Strict-Transport-Security": [
          "max-age=31536000; includeSubDomains"
        ],
        "Cache-Control": [
          "no-cache"
        ],
        "Date": [
          "Sun, 25 Sep 2016 04:48:41 GMT"
        ],
        "Server": [
          "Microsoft-IIS/8.5"
        ],
        "X-Powered-By": [
          "ASP.NET"
        ]
      },
      "StatusCode": 200
    },
    {
      "RequestUri": "/subscriptions/26d6d535-5164-443d-82f6-4c695caf7688/providers/Microsoft.HDInsight/locations/East%20US/azureasyncoperations/df923409-fb99-4a12-a804-e7dc4a2baf28-0?api-version=2015-03-01-preview",
      "EncodedRequestUri": "L3N1YnNjcmlwdGlvbnMvMjZkNmQ1MzUtNTE2NC00NDNkLTgyZjYtNGM2OTVjYWY3Njg4L3Byb3ZpZGVycy9NaWNyb3NvZnQuSERJbnNpZ2h0L2xvY2F0aW9ucy9FYXN0JTIwVVMvYXp1cmVhc3luY29wZXJhdGlvbnMvZGY5MjM0MDktZmI5OS00YTEyLWE4MDQtZTdkYzRhMmJhZjI4LTA/YXBpLXZlcnNpb249MjAxNS0wMy0wMS1wcmV2aWV3",
      "RequestMethod": "GET",
      "RequestBody": "",
      "RequestHeaders": {
        "User-Agent": [
          "ARM",
          "SDK",
          "v1.0.12-preview"
        ],
        "x-ms-version": [
          "2015-03-01-preview"
        ]
      },
      "ResponseBody": "{\r\n  \"status\": \"InProgress\"\r\n}",
      "ResponseHeaders": {
        "Content-Length": [
          "23"
        ],
        "Content-Type": [
          "application/json; charset=utf-8"
        ],
        "Expires": [
          "-1"
        ],
        "Pragma": [
          "no-cache"
        ],
        "x-ms-request-id": [
          "8219b5ae-e596-41fe-9379-e12749075360"
        ],
        "x-ms-ratelimit-remaining-subscription-reads": [
          "14864"
        ],
        "x-ms-correlation-request-id": [
          "6f24bca3-2172-493c-acef-3940f932b11a"
        ],
        "x-ms-routing-request-id": [
          "WESTUS2:20160925T044942Z:6f24bca3-2172-493c-acef-3940f932b11a"
        ],
        "Strict-Transport-Security": [
          "max-age=31536000; includeSubDomains"
        ],
        "Cache-Control": [
          "no-cache"
        ],
        "Date": [
          "Sun, 25 Sep 2016 04:49:42 GMT"
        ],
        "Server": [
          "Microsoft-IIS/8.5"
        ],
        "X-Powered-By": [
          "ASP.NET"
        ]
      },
      "StatusCode": 200
    },
    {
      "RequestUri": "/subscriptions/26d6d535-5164-443d-82f6-4c695caf7688/providers/Microsoft.HDInsight/locations/East%20US/azureasyncoperations/df923409-fb99-4a12-a804-e7dc4a2baf28-0?api-version=2015-03-01-preview",
      "EncodedRequestUri": "L3N1YnNjcmlwdGlvbnMvMjZkNmQ1MzUtNTE2NC00NDNkLTgyZjYtNGM2OTVjYWY3Njg4L3Byb3ZpZGVycy9NaWNyb3NvZnQuSERJbnNpZ2h0L2xvY2F0aW9ucy9FYXN0JTIwVVMvYXp1cmVhc3luY29wZXJhdGlvbnMvZGY5MjM0MDktZmI5OS00YTEyLWE4MDQtZTdkYzRhMmJhZjI4LTA/YXBpLXZlcnNpb249MjAxNS0wMy0wMS1wcmV2aWV3",
      "RequestMethod": "GET",
      "RequestBody": "",
      "RequestHeaders": {
        "User-Agent": [
          "ARM",
          "SDK",
          "v1.0.12-preview"
        ],
        "x-ms-version": [
          "2015-03-01-preview"
        ]
      },
      "ResponseBody": "{\r\n  \"status\": \"InProgress\"\r\n}",
      "ResponseHeaders": {
        "Content-Length": [
          "23"
        ],
        "Content-Type": [
          "application/json; charset=utf-8"
        ],
        "Expires": [
          "-1"
        ],
        "Pragma": [
          "no-cache"
        ],
        "x-ms-request-id": [
          "b0d81e1e-dc38-44e3-bb46-8367b5796491"
        ],
        "x-ms-ratelimit-remaining-subscription-reads": [
          "14868"
        ],
        "x-ms-correlation-request-id": [
          "e922aa6c-3a2f-4e43-b85b-d54d1806bfd7"
        ],
        "x-ms-routing-request-id": [
          "WESTUS2:20160925T045043Z:e922aa6c-3a2f-4e43-b85b-d54d1806bfd7"
        ],
        "Strict-Transport-Security": [
          "max-age=31536000; includeSubDomains"
        ],
        "Cache-Control": [
          "no-cache"
        ],
        "Date": [
          "Sun, 25 Sep 2016 04:50:43 GMT"
        ],
        "Server": [
          "Microsoft-IIS/8.5"
        ],
        "X-Powered-By": [
          "ASP.NET"
        ]
      },
      "StatusCode": 200
    },
    {
      "RequestUri": "/subscriptions/26d6d535-5164-443d-82f6-4c695caf7688/providers/Microsoft.HDInsight/locations/East%20US/azureasyncoperations/df923409-fb99-4a12-a804-e7dc4a2baf28-0?api-version=2015-03-01-preview",
      "EncodedRequestUri": "L3N1YnNjcmlwdGlvbnMvMjZkNmQ1MzUtNTE2NC00NDNkLTgyZjYtNGM2OTVjYWY3Njg4L3Byb3ZpZGVycy9NaWNyb3NvZnQuSERJbnNpZ2h0L2xvY2F0aW9ucy9FYXN0JTIwVVMvYXp1cmVhc3luY29wZXJhdGlvbnMvZGY5MjM0MDktZmI5OS00YTEyLWE4MDQtZTdkYzRhMmJhZjI4LTA/YXBpLXZlcnNpb249MjAxNS0wMy0wMS1wcmV2aWV3",
      "RequestMethod": "GET",
      "RequestBody": "",
      "RequestHeaders": {
        "User-Agent": [
          "ARM",
          "SDK",
          "v1.0.12-preview"
        ],
        "x-ms-version": [
          "2015-03-01-preview"
        ]
      },
      "ResponseBody": "{\r\n  \"status\": \"InProgress\"\r\n}",
      "ResponseHeaders": {
        "Content-Length": [
          "23"
        ],
        "Content-Type": [
          "application/json; charset=utf-8"
        ],
        "Expires": [
          "-1"
        ],
        "Pragma": [
          "no-cache"
        ],
        "x-ms-request-id": [
          "2d2134be-c78c-47de-9189-101335d98c5c"
        ],
        "x-ms-ratelimit-remaining-subscription-reads": [
          "14866"
        ],
        "x-ms-correlation-request-id": [
          "dc2f6401-3417-4529-add9-f29cac432cf4"
        ],
        "x-ms-routing-request-id": [
          "WESTUS2:20160925T045144Z:dc2f6401-3417-4529-add9-f29cac432cf4"
        ],
        "Strict-Transport-Security": [
          "max-age=31536000; includeSubDomains"
        ],
        "Cache-Control": [
          "no-cache"
        ],
        "Date": [
          "Sun, 25 Sep 2016 04:51:43 GMT"
        ],
        "Server": [
          "Microsoft-IIS/8.5"
        ],
        "X-Powered-By": [
          "ASP.NET"
        ]
      },
      "StatusCode": 200
    },
    {
      "RequestUri": "/subscriptions/26d6d535-5164-443d-82f6-4c695caf7688/providers/Microsoft.HDInsight/locations/East%20US/azureasyncoperations/df923409-fb99-4a12-a804-e7dc4a2baf28-0?api-version=2015-03-01-preview",
      "EncodedRequestUri": "L3N1YnNjcmlwdGlvbnMvMjZkNmQ1MzUtNTE2NC00NDNkLTgyZjYtNGM2OTVjYWY3Njg4L3Byb3ZpZGVycy9NaWNyb3NvZnQuSERJbnNpZ2h0L2xvY2F0aW9ucy9FYXN0JTIwVVMvYXp1cmVhc3luY29wZXJhdGlvbnMvZGY5MjM0MDktZmI5OS00YTEyLWE4MDQtZTdkYzRhMmJhZjI4LTA/YXBpLXZlcnNpb249MjAxNS0wMy0wMS1wcmV2aWV3",
      "RequestMethod": "GET",
      "RequestBody": "",
      "RequestHeaders": {
        "User-Agent": [
          "ARM",
          "SDK",
          "v1.0.12-preview"
        ],
        "x-ms-version": [
          "2015-03-01-preview"
        ]
      },
      "ResponseBody": "{\r\n  \"status\": \"Succeeded\"\r\n}",
      "ResponseHeaders": {
        "Content-Length": [
          "22"
        ],
        "Content-Type": [
          "application/json; charset=utf-8"
        ],
        "Expires": [
          "-1"
        ],
        "Pragma": [
          "no-cache"
        ],
        "x-ms-request-id": [
          "3cb63b6c-e77a-425c-b380-d036f86c764a"
        ],
        "x-ms-ratelimit-remaining-subscription-reads": [
          "14865"
        ],
        "x-ms-correlation-request-id": [
          "a8995f91-9604-4b78-b7da-eaa16cf6636c"
        ],
        "x-ms-routing-request-id": [
          "WESTUS2:20160925T045244Z:a8995f91-9604-4b78-b7da-eaa16cf6636c"
        ],
        "Strict-Transport-Security": [
          "max-age=31536000; includeSubDomains"
        ],
        "Cache-Control": [
          "no-cache"
        ],
        "Date": [
          "Sun, 25 Sep 2016 04:52:43 GMT"
        ],
        "Server": [
          "Microsoft-IIS/8.5"
        ],
        "X-Powered-By": [
          "ASP.NET"
        ]
      },
      "StatusCode": 200
    }
  ],
  "Names": {
    "CreateResourceGroup": [
      "hdi6409"
    ]
  },
  "Variables": {
    "SubscriptionId": "26d6d535-5164-443d-82f6-4c695caf7688"
  }
}